L251 LINKER/LOCATER V4.66.93.0                                                          10/21/2024  00:33:04  PAGE 1


L251 LINKER/LOCATER V4.66.93.0, INVOKED BY:
D:\COMPILER\KEIL_V5\C251\BIN\L251.EXE .\Objects\bootloader.obj, .\Objects\main.obj TO .\Objects\AM32_Bootloader_STC32 PR
>> INT (.\AM32_Bootloader_STC32.map) CASE CLASSES (EDATA (0X0-0X7FF), HDATA (0X0-0X7FF))


CPU MODE:     251 SOURCE MODE
MEMORY MODEL: XSMALL


INPUT MODULES INCLUDED:
  .\Objects\bootloader.obj (bootloader)
         COMMENT TYPE 0: C251 V5.60.0
  .\Objects\main.obj (main)
         COMMENT TYPE 0: C251 V5.60.0
  D:\COMPILER\KEIL_V5\C251\LIB\C2SXS.LIB (?C_START)
         COMMENT TYPE 0: A251 V4.69.6.0
  D:\COMPILER\KEIL_V5\C251\LIB\C2SXS.LIB (?C?INITEDATA)
         COMMENT TYPE 0: A251 V4.69.6.0
  D:\COMPILER\KEIL_V5\C251\LIB\C2SXS.LIB (PRINTF)
         COMMENT TYPE 0: A251 V4.69.6.0
  D:\COMPILER\KEIL_V5\C251\LIB\C2SXS.LIB (memset)
         COMMENT TYPE 0: C251 V5.58.7
  D:\COMPILER\KEIL_V5\C251\LIB\C2SXS.LIB (malloc)
         COMMENT TYPE 0: C251 V5.58.7
  D:\COMPILER\KEIL_V5\C251\LIB\C2SXS.LIB (free)
         COMMENT TYPE 0: C251 V5.58.7
  D:\COMPILER\KEIL_V5\C251\LIB\C2SXS.LIB (init_mem)
         COMMENT TYPE 0: C251 V5.58.7
  D:\COMPILER\KEIL_V5\C251\LIB\C2SXS.LIB (?C?INITEDATA_END)
         COMMENT TYPE 0: A251 V4.69.6.0
  D:\COMPILER\KEIL_V5\C251\LIB\C2SXS.LIB (?C?PRNFMT)
         COMMENT TYPE 0: A251 V4.69.6.0
  D:\COMPILER\KEIL_V5\C251\LIB\C2SXS.LIB (mdefine)
         COMMENT TYPE 0: C251 V5.58.7


ACTIVE MEMORY CLASSES OF MODULE:  .\Objects\AM32_Bootloader_STC32 (bootloader)

BASE        START       END         USED      MEMORY CLASS
==========================================================
000000H     000000H     0007FFH     000361H   EDATA
000000H     000000H     0007FFH     000004H   HDATA
000000H     FF0000H     FFFFFFH     000077H   HCONST
FF0000H     FF0000H     FFFFFFH     000E67H   CODE
010000H     010000H     01FFFFH     000200H   XDATA
FF0000H     FF0000H     FFFFFFH     000004H   CONST
000000H     000000H     00007FH     000008H   DATA


MEMORY MAP OF MODULE:  .\Objects\AM32_Bootloader_STC32 (bootloader)


START     STOP      LENGTH    ALIGN  RELOC    MEMORY CLASS   SEGMENT NAME
=========================================================================
000000H   000007H   000008H   ---    AT..     DATA           "REG BANK 0"
000008H   000240H   000239H   BYTE   UNIT     EDATA          ?ED?MAIN
000241H   000268H   000028H   BYTE   UNIT     EDATA          _EDATA_GROUP_
000269H   000368H   000100H   BYTE   UNIT     EDATA          ?STACK
000369H   00036CH   000004H   BYTE   INSEG    HDATA          ?FD?MDEFINE
00036DH   00FFFFH   00FC93H   ---    ---      **GAP**
010000H   0101FFH   000200H   BYTE   INSEG    XDATA          ?XD?MAIN
010200H   FEFFFFH   FDFE00H   ---    ---      **GAP**
FF0000H   FF0002H   000003H   ---    OFFS..   CODE           ?CO?start251?4
FF0003H   FF0302H   000300H   BYTE   UNIT     CODE           ?C?LIB_CODE
FF0303H   FF05E8H   0002E6H   BYTE   INSEG    CODE           ?PR?DECODEINPUT?_?MAIN
FF05E9H   FF06CFH   0000E7H   BYTE   INSEG    CODE           ?PR?FREE?FREE
L251 LINKER/LOCATER V4.66.93.0                                                        10/21/2024  00:33:04  PAGE 2


FF06D0H   FF07A9H   0000DAH   BYTE   INSEG    CODE           ?PR?SERIALREADCHAR?_?MAIN
FF07AAH   FF0861H   0000B8H   BYTE   INSEG    CODE           ?PR?RECIEVEBUFFER?_?MAIN
FF0862H   FF090FH   0000AEH   BYTE   INSEG    CODE           ?PR?SAVE_FLASH_NOLIB?_?BOOTLOADER
FF0910H   FF09B9H   0000AAH   BYTE   INSEG    CODE           ?PR?CHECKFORSIGNAL?_?MAIN
FF09BAH   FF0A36H   00007DH   BYTE   INSEG    CODE           ?PR?SYSTEMCLOCK_CONFIG?_?MAIN
FF0A37H   FF0A96H   000060H   BYTE   INSEG    CODE           ?PR?MAKECRC?_?MAIN
FF0A97H   FF0AEFH   000059H   BYTE   INSEG    CODE           ?PR?MALLOC?MALLOC
FF0AF0H   FF0B45H   000056H   BYTE   INSEG    CODE           ?PR?READ_FLASH_BIN?_?BOOTLOADER
FF0B46H   FF0B99H   000054H   BYTE   INSEG    CODE           ?PR?PWMB_TIMER_INIT?_?MAIN
FF0B9AH   FF0BE6H   00004DH   BYTE   INSEG    CODE           ?PR?MAIN?MAIN
FF0BE7H   FF0C26H   000040H   BYTE   INSEG    CODE           ?PR?JUMP?_?MAIN
FF0C27H   FF0C39H   000013H   BYTE   UNIT     CODE           ?C_C51STARTUP
FF0C3AH   FF0C62H   000029H   BYTE   UNIT     CODE           ?C_C51STARTUP?2
FF0C63H   FF0C65H   000003H   BYTE   UNIT     CODE           ?C_C51STARTUP?3
FF0C66H   FF0CA2H   00003DH   BYTE   INSEG    CODE           ?PR?UPDATE_EEPROM?_?MAIN
FF0CA3H   FF0CDEH   00003CH   BYTE   INSEG    CODE           ?PR?SENDSTRING?_?MAIN
FF0CDFH   FF0D14H   000036H   BYTE   INSEG    CODE           ?PR?DELAYMICROSECONDS?_?MAIN
FF0D15H   FF0D43H   00002FH   BYTE   INSEG    CODE           ?PR?SERIALWRITECHAR?_?MAIN
FF0D44H   FF0D6BH   000028H   BYTE   INSEG    CODE           ?PR?CHECKCRC?_?MAIN
FF0D6CH   FF0D92H   000027H   BYTE   INSEG    CODE           ?PR?INIT_MEMPOOL?INIT_MEM
FF0D93H   FF0DB5H   000023H   BYTE   INSEG    CODE           ?PR?SETTRANSMIT?_?MAIN
FF0DB6H   FF0DD8H   000023H   BYTE   INSEG    CODE           ?PR?GPIO_INPUT_INIT?_?MAIN
FF0DD9H   FF0DF7H   00001FH   BYTE   INSEG    CODE           ?PR?UART1_INIT?_?MAIN
FF0DF8H   FF0E11H   00001AH   BYTE   INSEG    CODE           ?PR?MEMSET?_?MEMSET
FF0E12H   FF0E22H   000011H   BYTE   INSEG    CODE           ?PR?SENDDEVICEINFO?_?MAIN
FF0E23H   FF0E2FH   00000DH   BYTE   INSEG    CODE           ?PR?PUTCHAR?MAIN
FF0E30H   FF0E3BH   00000CH   BYTE   INSEG    CODE           ?PR?CHECKADDRESSWRITABLE?_?MAIN
FF0E3CH   FF0E46H   00000BH   BYTE   INSEG    CODE           ?PR?SEND_BAD_ACK?_?MAIN
FF0E47H   FF0E51H   00000BH   BYTE   INSEG    CODE           ?PR?SEND_BAD_CRC_ACK?_?MAIN
FF0E52H   FF0E5CH   00000BH   BYTE   INSEG    CODE           ?PR?SEND_ACK?_?MAIN
FF0E5DH   FF0E66H   00000AH   BYTE   INSEG    CODE           ?PR?SETRECEIVE?_?MAIN
FF0E67H   FF0E6AH   000004H   BYTE   UNIT     CONST          ?CO?PRINTF
FF0E6BH   FF0EBFH   000055H   BYTE   UNIT     HCONST         ?C_INITEDATA
FF0EC0H   FF0ED7H   000018H   BYTE   UNIT     HCONST         ?HC?MAIN
FF0ED8H   FF0EE1H   00000AH   BYTE   UNIT     HCONST         ?HC?BOOTLOADER



OVERLAY MAP OF MODULE:   .\Objects\AM32_Bootloader_STC32 (bootloader)


FUNCTION/MODULE                    EDATA_GROUP
--> CALLED FUNCTION/MODULE         START  STOP
==============================================
?C_C51STARTUP                      ----- -----

*** NEW ROOT *********************

?C_C51STARTUP?3                    ----- -----
  +--> main/main

main/main                          ----- -----
  +--> SystemClock_Config?_/main
  +--> PWMB_Timer_Init?_/main
  +--> GPIO_INPUT_INIT?_/main
  +--> Uart1_Init?_/main
  +--> init_mempool/init_mem
  +--> checkForSignal?_/main
  +--> update_EEPROM?_/main
  +--> recieveBuffer?_/main

SystemClock_Config?_/main          ----- -----

PWMB_Timer_Init?_/main             ----- -----

L251 LINKER/LOCATER V4.66.93.0                                                        10/21/2024  00:33:04  PAGE 3


GPIO_INPUT_INIT?_/main             ----- -----

Uart1_Init?_/main                  ----- -----

init_mempool/init_mem              ----- -----

checkForSignal?_/main              ----- -----
  +--> delayMicroseconds?_/main
  +--> jump?_/main

delayMicroseconds?_/main           ----- -----

jump?_/main                        ----- -----

update_EEPROM?_/main               ----- -----
  +--> read_flash_bin?_/bootloader
  +--> save_flash_nolib?_/bootloader

read_flash_bin?_/bootloader        ----- -----

save_flash_nolib?_/bootloader      ----- -----
  +--> PRINTF/PRINTF

PRINTF/PRINTF                      0241H 0268H
  +--> OUT/PRINTF

OUT/PRINTF                         ----- -----
  +--> PUTCH/PRINTF

PUTCH/PRINTF                       ----- -----
  +--> putchar/main
  +--> OUT/PRINTF

putchar/main                       ----- -----

recieveBuffer?_/main               ----- -----
  +--> memset?_/memset
  +--> serialreadChar?_/main
  +--> PRINTF/PRINTF
  +--> decodeInput?_/main

memset?_/memset                    ----- -----

serialreadChar?_/main              ----- -----
  +--> delayMicroseconds?_/main

decodeInput?_/main                 ----- -----
  +--> checkCrc?_/main
  +--> memset?_/memset
  +--> send_ACK?_/main
  +--> PRINTF/PRINTF
  +--> sendDeviceInfo?_/main
  +--> checkAddressWritable?_/main
  +--> save_flash_nolib?_/bootloader
  +--> setTransmit?_/main
  +--> serialwriteChar?_/main
  +--> send_BAD_ACK?_/main
  +--> send_BAD_CRC_ACK?_/main
  +--> malloc/malloc
  +--> read_flash_bin?_/bootloader
  +--> makeCrc?_/main
  +--> sendString?_/main
  +--> setReceive?_/main
  +--> free/free

L251 LINKER/LOCATER V4.66.93.0                                                        10/21/2024  00:33:04  PAGE 4


checkCrc?_/main                    ----- -----
  +--> makeCrc?_/main

makeCrc?_/main                     ----- -----

send_ACK?_/main                    ----- -----
  +--> setTransmit?_/main
  +--> serialwriteChar?_/main
  +--> setReceive?_/main

setTransmit?_/main                 ----- -----

serialwriteChar?_/main             ----- -----
  +--> delayMicroseconds?_/main

setReceive?_/main                  ----- -----
  +--> GPIO_INPUT_INIT?_/main

sendDeviceInfo?_/main              ----- -----
  +--> setTransmit?_/main
  +--> sendString?_/main
  +--> setReceive?_/main

sendString?_/main                  ----- -----
  +--> serialwriteChar?_/main
  +--> delayMicroseconds?_/main

checkAddressWritable?_/main        ----- -----

send_BAD_ACK?_/main                ----- -----
  +--> setTransmit?_/main
  +--> serialwriteChar?_/main
  +--> setReceive?_/main

send_BAD_CRC_ACK?_/main            ----- -----
  +--> setTransmit?_/main
  +--> serialwriteChar?_/main
  +--> setReceive?_/main

malloc/malloc                      ----- -----

free/free                          ----- -----

*** NEW ROOT *********************

?C_C51STARTUP?2                    ----- -----



PUBLIC SYMBOLS OF MODULE:  .\Objects\AM32_Bootloader_STC32 (bootloader)


      VALUE       CLASS    TYPE      PUBLIC SYMBOL NAME
      =================================================
      000000FFH   NUMBER   ---       ?C?CODESEG
      00FF0C3AH   CODE     ---       ?C?INITEDATA
      00FF0EBEH   HCONST   WORD      ?C?INITEDATA_END
      00FF005CH   CODE     ---       ?C?PRNFMT
      00FF0000H   CODE     ---       ?C?STARTUP
      00000001H   NUMBER   ---       ?C?XDATASEG
      00FF0000H   CODE     ---       ?C_STARTUP
      00000269H   EDATA    ---       ?printf?BYTE
      00000369H   HDATA    ---       __mp__
*SFR* 000000BCH   DATA     BYTE      ADC_CONTR
*SFR* 000000DEH   DATA     BYTE      ADCCFG
L251 LINKER/LOCATER V4.66.93.0                                                        10/21/2024  00:33:04  PAGE 5


      00000237H   EDATA    DWORD     address
      0000022EH   EDATA    WORD      address_expected_increment
*SFR* 000000EFH   DATA     BYTE      AUXINTIF
*SFR* 0000008EH   DATA     BYTE      AUXR
*SFR* 00000097H   DATA     BYTE      AUXR2
      00000015H   EDATA    BYTE      bootloader_version
      0000011FH   EDATA    CHAR      bootloaderactive
      0000022DH   EDATA    BYTE      calculated_crc_high_byte
      00000008H   EDATA    BYTE      calculated_crc_low_byte
      00FF0E30H   CODE     ---       checkAddressWritable?_
      00FF0D44H   CODE     ---       checkCrc?_
      00FF0910H   CODE     ---       checkForSignal?_
*SFR* 000000EAH   DATA     BYTE      CKCON
      00000120H   EDATA    INT       cmd
*SFR* 000000C7H.4 DATA     BIT       CMD_FAIL
*SFR* 000000E6H   DATA     BYTE      CMPCR1
*SFR* 000000E7H   DATA     BYTE      CMPCR2
      00000124H   EDATA    CHAR      connected
      00000018H   EDATA    INT       count
      00FF0303H   CODE     ---       decodeInput?_
      00FF0CDFH   CODE     ---       delayMicroseconds?_
      0000000AH   EDATA    ---       deviceInfo
*SFR* 000000A8H.7 DATA     BIT       EA
      00000122H   EDATA    CHAR      eeprom_req
      00FF05E9H   CODE     ---       free
*SFR* 0000009DH.0 DATA     BIT       HIRCSEL0
*SFR* 0000009DH.1 DATA     BIT       HIRCSEL1
*SFR* 000000F6H   DATA     BYTE      IAP_ADDRE
*SFR* 000000C3H   DATA     BYTE      IAP_ADDRH
*SFR* 000000C4H   DATA     BYTE      IAP_ADDRL
*SFR* 000000C5H   DATA     BYTE      IAP_CMD
*SFR* 000000C7H   DATA     BYTE      IAP_CONTR
*SFR* 000000C2H   DATA     BYTE      IAP_DATA
*SFR* 000000F5H   DATA     BYTE      IAP_TPS
*SFR* 000000C6H   DATA     BYTE      IAP_TRIG
*SFR* 000000C7H.7 DATA     BIT       IAPEN
*SFR* 000000A8H   DATA     BYTE      IE
*SFR* 000000AFH   DATA     BYTE      IE2
      00000017H   EDATA    CHAR      incoming_payload_no_command
      00FF0D6CH   CODE     ---       init_mempool
*SFR* 0000008FH   DATA     BYTE      INTCLKO
      0000011CH   EDATA    WORD      invalid_command
*SFR* 000000B8H   DATA     BYTE      IP
*SFR* 000000B5H   DATA     BYTE      IP2
*SFR* 000000B6H   DATA     BYTE      IP2H
*SFR* 000000DFH   DATA     BYTE      IP3
*SFR* 000000EEH   DATA     BYTE      IP3H
*SFR* 000000B7H   DATA     BYTE      IPH
*SFR* 0000009DH   DATA     BYTE      IRCBAND
*SFR* 0000009FH   DATA     BYTE      IRTRIM
      00FF0BE7H   CODE     ---       jump?_
      00000233H   EDATA    DWORD     JumpAddress
      00000126H   EDATA    WORD      len
      00000013H   EDATA    WORD      low_pin_count
      00FF0B9AH   CODE     ---       main
      00FF0A37H   CODE     ---       makeCrc?_
      00FF0A97H   CODE     ---       malloc
      00010000H   XDATA    ---       MEMPOOL
      00FF0DF8H   CODE     ---       memset?_
      00000123H   EDATA    CHAR      messagereceived
*SFR* 00000080H   DATA     BYTE      P0
*SFR* 00000080H.1 DATA     BIT       P01
*SFR* 00000094H   DATA     BYTE      P0M0
*SFR* 00000093H   DATA     BYTE      P0M1
*SFR* 00000090H   DATA     BYTE      P1
L251 LINKER/LOCATER V4.66.93.0                                                        10/21/2024  00:33:04  PAGE 6


*SFR* 000000A0H   DATA     BYTE      P2
*SFR* 000000A0H.0 DATA     BIT       P20
*SFR* 00000096H   DATA     BYTE      P2M0
*SFR* 00000095H   DATA     BYTE      P2M1
*SFR* 000000B0H   DATA     BYTE      P3
*SFR* 000000B2H   DATA     BYTE      P3M0
*SFR* 000000B1H   DATA     BYTE      P3M1
*SFR* 000000C0H   DATA     BYTE      P4
*SFR* 000000C8H   DATA     BYTE      P5
*SFR* 000000E8H   DATA     BYTE      P6
*SFR* 000000F8H   DATA     BYTE      P7
*SFR* 000000A2H   DATA     BYTE      P_SW1
*SFR* 000000BAH   DATA     BYTE      P_SW2
*SFR* 000000BBH   DATA     BYTE      P_SW3
*SFR* 000000BFH   DATA     BYTE      P_SW4
      0000023BH   EDATA    WORD      payload_buffer_size
      0000001CH   EDATA    ---       payLoadBuffer
*SFR* 00000087H   DATA     BYTE      PCON
      00000128H   EDATA    BYTE      pin_code
      00000125H   EDATA    BYTE      port_letter
      00FF0003H   CODE     NEAR LAB  printf
*SFR* 000000D0H   DATA     BYTE      PSW
*SFR* 000000D1H   DATA     BYTE      PSW1
      00FF0E23H   CODE     ---       putchar
      00FF0AF0H   CODE     ---       read_flash_bin?_
      0000022BH   EDATA    INT       received
      00000009H   EDATA    BYTE      received_crc_high_byte
      0000011EH   EDATA    BYTE      received_crc_low_byte
      00000230H   EDATA    INT       receivedCount
      00000232H   EDATA    CHAR      receviedByte
      00FF07AAH   CODE     ---       recieveBuffer?_
*SFR* 000000FFH   DATA     BYTE      RSTCFG
      00000129H   EDATA    ---       rxBuffer
      00000016H   EDATA    CHAR      rxbyte
*SFR* 0000009AH   DATA     BYTE      S2CON
*SFR* 000000ACH   DATA     BYTE      S3CON
*SFR* 000000FDH   DATA     BYTE      S4CON
      00FF0862H   CODE     ---       save_flash_nolib?_
*SFR* 00000099H   DATA     BYTE      SBUF
*SFR* 00000098H   DATA     BYTE      SCON
      00FF0E52H   CODE     ---       send_ACK?_
      00FF0E3CH   CODE     ---       send_BAD_ACK?_
      00FF0E47H   CODE     ---       send_BAD_CRC_ACK?_
      00FF0E12H   CODE     ---       sendDeviceInfo?_
      00FF0CA3H   CODE     ---       sendString?_
      00FF06D0H   CODE     ---       serialreadChar?_
      00FF0D15H   CODE     ---       serialwriteChar?_
      00FF0E5DH   CODE     ---       setReceive?_
      00FF0D93H   CODE     ---       setTransmit?_
*SFR* 000000CEH   DATA     BYTE      SPCTL
*SFR* 000000CDH   DATA     BYTE      SPSTAT
      0000023DH   EDATA    WORD      str_len
      00FF09BAH   CODE     ---       SystemClock_Config?_
*SFR* 000000D6H   DATA     BYTE      T2H
*SFR* 000000D7H   DATA     BYTE      T2L
*SFR* 000000DDH   DATA     BYTE      T4T3M
*SFR* 00000088H   DATA     BYTE      TCON
*SFR* 00000098H.1 DATA     BIT       TI
      0000001AH   EDATA    INT       tick
*SFR* 00000089H   DATA     BYTE      TMOD
      00FF0DD9H   CODE     ---       Uart1_Init?_
      00FF0C66H   CODE     ---       update_EEPROM?_
*SFR* 0000009DH.7 DATA     BIT       USBCKS
*SFR* 0000009DH.6 DATA     BIT       USBCKS2
*SFR* 000000DCH   DATA     BYTE      USBCLK
L251 LINKER/LOCATER V4.66.93.0                                                        10/21/2024  00:33:04  PAGE 7


*SFR* 000000F4H   DATA     BYTE      USBCON
*SFR* 000000C1H   DATA     BYTE      WDT_CONTR
*SFR* 000000ABH   DATA     BYTE      WKTCH
*SFR* 000000E9H   DATA     BYTE      WTST



SYMBOL TABLE OF MODULE:  .\Objects\AM32_Bootloader_STC32 (bootloader)

      VALUE       REP       CLASS    TYPE      SYMBOL NAME
      ====================================================
      ---         MODULE    ---      ---       bootloader
      00FF0862H   PUBLIC    CODE     ---       save_flash_nolib?_
      00FF0AF0H   PUBLIC    CODE     ---       read_flash_bin?_
      000000D0H   SFRSYM    DATA     BYTE      PSW
      0000009DH   SFRSYM    DATA     BYTE      IRCBAND
      00000097H   SFRSYM    DATA     BYTE      AUXR2
      000000C6H   SFRSYM    DATA     BYTE      IAP_TRIG
      000000C7H.7 SFRSYM    DATA     BIT       IAPEN
      000000EFH   SFRSYM    DATA     BYTE      AUXINTIF
      000000FDH   SFRSYM    DATA     BYTE      S4CON
      000000ACH   SFRSYM    DATA     BYTE      S3CON
      0000009AH   SFRSYM    DATA     BYTE      S2CON
      000000B7H   SFRSYM    DATA     BYTE      IPH
      000000CDH   SFRSYM    DATA     BYTE      SPSTAT
      000000DDH   SFRSYM    DATA     BYTE      T4T3M
      000000C1H   SFRSYM    DATA     BYTE      WDT_CONTR
      000000C2H   SFRSYM    DATA     BYTE      IAP_DATA
      000000C7H.4 SFRSYM    DATA     BIT       CMD_FAIL
      000000DFH   SFRSYM    DATA     BYTE      IP3
      000000F4H   SFRSYM    DATA     BYTE      USBCON
      000000B5H   SFRSYM    DATA     BYTE      IP2
      000000FFH   SFRSYM    DATA     BYTE      RSTCFG
      000000C7H   SFRSYM    DATA     BYTE      IAP_CONTR
      0000008EH   SFRSYM    DATA     BYTE      AUXR
      000000AFH   SFRSYM    DATA     BYTE      IE2
      00000088H   SFRSYM    DATA     BYTE      TCON
      00000089H   SFRSYM    DATA     BYTE      TMOD
      00000098H   SFRSYM    DATA     BYTE      SCON
      00000087H   SFRSYM    DATA     BYTE      PCON
      000000BCH   SFRSYM    DATA     BYTE      ADC_CONTR
      000000D1H   SFRSYM    DATA     BYTE      PSW1
      000000E7H   SFRSYM    DATA     BYTE      CMPCR2
      000000E6H   SFRSYM    DATA     BYTE      CMPCR1
      000000C4H   SFRSYM    DATA     BYTE      IAP_ADDRL
      000000C3H   SFRSYM    DATA     BYTE      IAP_ADDRH
      000000F6H   SFRSYM    DATA     BYTE      IAP_ADDRE
      000000DEH   SFRSYM    DATA     BYTE      ADCCFG
      000000B8H   SFRSYM    DATA     BYTE      IP
      0000008FH   SFRSYM    DATA     BYTE      INTCLKO
      000000EEH   SFRSYM    DATA     BYTE      IP3H
      000000B6H   SFRSYM    DATA     BYTE      IP2H
      000000C5H   SFRSYM    DATA     BYTE      IAP_CMD
      000000BFH   SFRSYM    DATA     BYTE      P_SW4
      000000A8H   SFRSYM    DATA     BYTE      IE
      000000BBH   SFRSYM    DATA     BYTE      P_SW3
      000000BAH   SFRSYM    DATA     BYTE      P_SW2
      000000A2H   SFRSYM    DATA     BYTE      P_SW1
      000000CEH   SFRSYM    DATA     BYTE      SPCTL
      000000F8H   SFRSYM    DATA     BYTE      P7
      000000E8H   SFRSYM    DATA     BYTE      P6
      000000C8H   SFRSYM    DATA     BYTE      P5
      000000C0H   SFRSYM    DATA     BYTE      P4
      000000ABH   SFRSYM    DATA     BYTE      WKTCH
      000000B0H   SFRSYM    DATA     BYTE      P3
L251 LINKER/LOCATER V4.66.93.0                                                        10/21/2024  00:33:04  PAGE 8


      000000A0H   SFRSYM    DATA     BYTE      P2
      00000090H   SFRSYM    DATA     BYTE      P1
      00000080H   SFRSYM    DATA     BYTE      P0

      00FF0862H   BLOCK     CODE     ---       LVL=0
      REG=3       REGSYM    ---      ---       dat
      FFFFFFFFH   STKSYM    ---      INT       length
      FFFFFFF5H   STKSYM    ---      DWORD     add
      00FF0862H   LINE      CODE     ---       #21
      00FF0868H   LINE      CODE     ---       #23
      00FF086BH   LINE      CODE     ---       #26
      00FF087BH   LINE      CODE     ---       #28
      00FF087EH   LINE      CODE     ---       #30
      00FF0882H   LINE      CODE     ---       #31
      00FF0886H   LINE      CODE     ---       #32
      00FF088AH   LINE      CODE     ---       #34
      00FF088DH   LINE      CODE     ---       #35
      00FF0890H   LINE      CODE     ---       #36
      00FF0891H   LINE      CODE     ---       #37
      00FF0892H   LINE      CODE     ---       #38
      00FF0893H   LINE      CODE     ---       #39
      00FF0894H   LINE      CODE     ---       #41
      00FF0896H   LINE      CODE     ---       #43
      00FF08A1H   LINE      CODE     ---       #44
      00FF08A5H   LINE      CODE     ---       #45
      00FF08A5H   LINE      CODE     ---       #47
      00FF08A8H   LINE      CODE     ---       #48
      00FF08A8H   LINE      CODE     ---       #50
      00FF08B4H   LINE      CODE     ---       #51
      00FF08B8H   LINE      CODE     ---       #52
      00FF08BCH   LINE      CODE     ---       #53
      00FF08C1H   LINE      CODE     ---       #55
      00FF08C4H   LINE      CODE     ---       #56
      00FF08C7H   LINE      CODE     ---       #57
      00FF08C8H   LINE      CODE     ---       #58
      00FF08C9H   LINE      CODE     ---       #59
      00FF08CAH   LINE      CODE     ---       #60
      00FF08CBH   LINE      CODE     ---       #62
      00FF08CDH   LINE      CODE     ---       #64
      00FF08D8H   LINE      CODE     ---       #65
      00FF08DCH   LINE      CODE     ---       #67
      00FF08EEH   LINE      CODE     ---       #68
      00FF08F0H   LINE      CODE     ---       #69
      00FF08FCH   LINE      CODE     ---       #73
      00FF090BH   LINE      CODE     ---       #74
      ---         BLOCKEND  ---      ---       LVL=0

      00FF0AF0H   BLOCK     CODE     ---       LVL=0
      REG=6       REGSYM    ---      ---       dat
      DR28        REGSYM    ---      DWORD     add
      FFFFFFFDH   STKSYM    ---      INT       out_buff_len
      00FF0AF4H   BLOCK     CODE     NEAR LAB  LVL=1
      WR6         REGSYM    ---      INT       i
      ---         BLOCKEND  ---      ---       LVL=1
      00FF0AF0H   LINE      CODE     ---       #76
      00FF0AF4H   LINE      CODE     ---       #78
      00FF0AF7H   LINE      CODE     ---       #79
      00FF0AFAH   LINE      CODE     ---       #80
      00FF0AFEH   LINE      CODE     ---       #81
      00FF0B01H   LINE      CODE     ---       #82
      00FF0B0DH   LINE      CODE     ---       #83
      00FF0B11H   LINE      CODE     ---       #84
      00FF0B15H   LINE      CODE     ---       #86
      00FF0B18H   LINE      CODE     ---       #87
      00FF0B1BH   LINE      CODE     ---       #88
L251 LINKER/LOCATER V4.66.93.0                                                        10/21/2024  00:33:04  PAGE 9


      00FF0B1CH   LINE      CODE     ---       #89
      00FF0B1DH   LINE      CODE     ---       #90
      00FF0B1EH   LINE      CODE     ---       #91
      00FF0B1FH   LINE      CODE     ---       #92
      00FF0B23H   LINE      CODE     ---       #94
      00FF0B2CH   LINE      CODE     ---       #95
      00FF0B36H   LINE      CODE     ---       #97
      00FF0B45H   LINE      CODE     ---       #98
      ---         BLOCKEND  ---      ---       LVL=0

      ---         MODULE    ---      ---       main
      00FF0E3CH   PUBLIC    CODE     ---       send_BAD_ACK?_
      00FF0CDFH   PUBLIC    CODE     ---       delayMicroseconds?_
      00FF0910H   PUBLIC    CODE     ---       checkForSignal?_
      00FF0E30H   PUBLIC    CODE     ---       checkAddressWritable?_
      00FF0E12H   PUBLIC    CODE     ---       sendDeviceInfo?_
      00FF0E5DH   PUBLIC    CODE     ---       setReceive?_
      00FF0D44H   PUBLIC    CODE     ---       checkCrc?_
      00FF06D0H   PUBLIC    CODE     ---       serialreadChar?_
      00FF0D93H   PUBLIC    CODE     ---       setTransmit?_
      00FF0B9AH   PUBLIC    CODE     ---       main
      00FF0CA3H   PUBLIC    CODE     ---       sendString?_
      00FF0C66H   PUBLIC    CODE     ---       update_EEPROM?_
      00FF09BAH   PUBLIC    CODE     ---       SystemClock_Config?_
      00FF0D15H   PUBLIC    CODE     ---       serialwriteChar?_
      00FF0A37H   PUBLIC    CODE     ---       makeCrc?_
      00FF0E47H   PUBLIC    CODE     ---       send_BAD_CRC_ACK?_
      00FF0BE7H   PUBLIC    CODE     ---       jump?_
      00FF0DD9H   PUBLIC    CODE     ---       Uart1_Init?_
      00FF07AAH   PUBLIC    CODE     ---       recieveBuffer?_
      00FF0E52H   PUBLIC    CODE     ---       send_ACK?_
      00FF0303H   PUBLIC    CODE     ---       decodeInput?_
      00FF0E23H   PUBLIC    CODE     ---       putchar
      00000008H   PUBLIC    EDATA    BYTE      calculated_crc_low_byte
      00000009H   PUBLIC    EDATA    BYTE      received_crc_high_byte
      0000000AH   PUBLIC    EDATA    ---       deviceInfo
      00000013H   PUBLIC    EDATA    WORD      low_pin_count
      00000015H   PUBLIC    EDATA    BYTE      bootloader_version
      00000016H   PUBLIC    EDATA    CHAR      rxbyte
      00000017H   PUBLIC    EDATA    CHAR      incoming_payload_no_command
      00000018H   PUBLIC    EDATA    INT       count
      0000001AH   PUBLIC    EDATA    INT       tick
      0000001CH   PUBLIC    EDATA    ---       payLoadBuffer
      0000011CH   PUBLIC    EDATA    WORD      invalid_command
      0000011EH   PUBLIC    EDATA    BYTE      received_crc_low_byte
      0000011FH   PUBLIC    EDATA    CHAR      bootloaderactive
      00000120H   PUBLIC    EDATA    INT       cmd
      00000122H   PUBLIC    EDATA    CHAR      eeprom_req
      00000123H   PUBLIC    EDATA    CHAR      messagereceived
      00000124H   PUBLIC    EDATA    CHAR      connected
      00000125H   PUBLIC    EDATA    BYTE      port_letter
      00000126H   PUBLIC    EDATA    WORD      len
      00000128H   PUBLIC    EDATA    BYTE      pin_code
      00000129H   PUBLIC    EDATA    ---       rxBuffer
      0000022BH   PUBLIC    EDATA    INT       received
      0000022DH   PUBLIC    EDATA    BYTE      calculated_crc_high_byte
      0000022EH   PUBLIC    EDATA    WORD      address_expected_increment
      00000230H   PUBLIC    EDATA    INT       receivedCount
      00000232H   PUBLIC    EDATA    CHAR      receviedByte
      00000233H   PUBLIC    EDATA    DWORD     JumpAddress
      00000237H   PUBLIC    EDATA    DWORD     address
      0000023BH   PUBLIC    EDATA    WORD      payload_buffer_size
      0000023DH   PUBLIC    EDATA    WORD      str_len
      00010000H   PUBLIC    XDATA    ---       MEMPOOL
      00000094H   SFRSYM    DATA     BYTE      P0M0
L251 LINKER/LOCATER V4.66.93.0                                                        10/21/2024  00:33:04  PAGE 10


      000000D0H   SFRSYM    DATA     BYTE      PSW
      0000009DH   SFRSYM    DATA     BYTE      IRCBAND
      00000097H   SFRSYM    DATA     BYTE      AUXR2
      000000C6H   SFRSYM    DATA     BYTE      IAP_TRIG
      000000EAH   SFRSYM    DATA     BYTE      CKCON
      000000C7H.7 SFRSYM    DATA     BIT       IAPEN
      000000EFH   SFRSYM    DATA     BYTE      AUXINTIF
      000000FDH   SFRSYM    DATA     BYTE      S4CON
      000000ACH   SFRSYM    DATA     BYTE      S3CON
      0000009AH   SFRSYM    DATA     BYTE      S2CON
      000000B7H   SFRSYM    DATA     BYTE      IPH
      000000CDH   SFRSYM    DATA     BYTE      SPSTAT
      000000DDH   SFRSYM    DATA     BYTE      T4T3M
      0000009FH   SFRSYM    DATA     BYTE      IRTRIM
      000000C1H   SFRSYM    DATA     BYTE      WDT_CONTR
      000000C2H   SFRSYM    DATA     BYTE      IAP_DATA
      000000E9H   SFRSYM    DATA     BYTE      WTST
      000000C7H.4 SFRSYM    DATA     BIT       CMD_FAIL
      000000D7H   SFRSYM    DATA     BYTE      T2L
      000000D6H   SFRSYM    DATA     BYTE      T2H
      0000009DH.7 SFRSYM    DATA     BIT       USBCKS
      000000DFH   SFRSYM    DATA     BYTE      IP3
      000000F4H   SFRSYM    DATA     BYTE      USBCON
      000000B5H   SFRSYM    DATA     BYTE      IP2
      000000FFH   SFRSYM    DATA     BYTE      RSTCFG
      000000DCH   SFRSYM    DATA     BYTE      USBCLK
      000000C7H   SFRSYM    DATA     BYTE      IAP_CONTR
      0000008EH   SFRSYM    DATA     BYTE      AUXR
      000000AFH   SFRSYM    DATA     BYTE      IE2
      0000009DH.1 SFRSYM    DATA     BIT       HIRCSEL1
      0000009DH.0 SFRSYM    DATA     BIT       HIRCSEL0
      00000088H   SFRSYM    DATA     BYTE      TCON
      00000089H   SFRSYM    DATA     BYTE      TMOD
      00000098H   SFRSYM    DATA     BYTE      SCON
      000000F5H   SFRSYM    DATA     BYTE      IAP_TPS
      000000A0H.0 SFRSYM    DATA     BIT       P20
      00000080H.1 SFRSYM    DATA     BIT       P01
      00000087H   SFRSYM    DATA     BYTE      PCON
      00000099H   SFRSYM    DATA     BYTE      SBUF
      000000BCH   SFRSYM    DATA     BYTE      ADC_CONTR
      000000D1H   SFRSYM    DATA     BYTE      PSW1
      000000E7H   SFRSYM    DATA     BYTE      CMPCR2
      000000E6H   SFRSYM    DATA     BYTE      CMPCR1
      000000C4H   SFRSYM    DATA     BYTE      IAP_ADDRL
      000000C3H   SFRSYM    DATA     BYTE      IAP_ADDRH
      00000098H.1 SFRSYM    DATA     BIT       TI
      000000F6H   SFRSYM    DATA     BYTE      IAP_ADDRE
      000000DEH   SFRSYM    DATA     BYTE      ADCCFG
      000000B8H   SFRSYM    DATA     BYTE      IP
      0000008FH   SFRSYM    DATA     BYTE      INTCLKO
      000000EEH   SFRSYM    DATA     BYTE      IP3H
      000000B6H   SFRSYM    DATA     BYTE      IP2H
      000000C5H   SFRSYM    DATA     BYTE      IAP_CMD
      000000BFH   SFRSYM    DATA     BYTE      P_SW4
      000000A8H   SFRSYM    DATA     BYTE      IE
      000000BBH   SFRSYM    DATA     BYTE      P_SW3
      000000BAH   SFRSYM    DATA     BYTE      P_SW2
      000000A2H   SFRSYM    DATA     BYTE      P_SW1
      000000CEH   SFRSYM    DATA     BYTE      SPCTL
      000000F8H   SFRSYM    DATA     BYTE      P7
      000000A8H.7 SFRSYM    DATA     BIT       EA
      000000E8H   SFRSYM    DATA     BYTE      P6
      000000C8H   SFRSYM    DATA     BYTE      P5
      000000C0H   SFRSYM    DATA     BYTE      P4
      000000ABH   SFRSYM    DATA     BYTE      WKTCH
L251 LINKER/LOCATER V4.66.93.0                                                        10/21/2024  00:33:04  PAGE 11


      000000B0H   SFRSYM    DATA     BYTE      P3
      000000A0H   SFRSYM    DATA     BYTE      P2
      000000B1H   SFRSYM    DATA     BYTE      P3M1
      00000090H   SFRSYM    DATA     BYTE      P1
      00000095H   SFRSYM    DATA     BYTE      P2M1
      000000B2H   SFRSYM    DATA     BYTE      P3M0
      00000080H   SFRSYM    DATA     BYTE      P0
      00000096H   SFRSYM    DATA     BYTE      P2M0
      0000009DH.6 SFRSYM    DATA     BIT       USBCKS2
      00000093H   SFRSYM    DATA     BYTE      P0M1
      00FF0B46H   SYMBOL    CODE     ---       PWMB_Timer_Init?_
      00FF0DB6H   SYMBOL    CODE     ---       GPIO_INPUT_INIT?_

      00FF0CDFH   BLOCK     CODE     ---       LVL=0
      DR28        REGSYM    ---      DWORD     micros
      00FF0CDFH   LINE      CODE     ---       #124
      00FF0CE1H   LINE      CODE     ---       #126
      00FF0CEDH   LINE      CODE     ---       #127
      00FF0CF4H   LINE      CODE     ---       #128
      00FF0CF4H   LINE      CODE     ---       #129
      00FF0D14H   LINE      CODE     ---       #130
      ---         BLOCKEND  ---      ---       LVL=0

      00FF0BE7H   BLOCK     CODE     ---       LVL=0
      R11         REGSYM    ---      BYTE      value
      00FF0BE7H   LINE      CODE     ---       #132
      00FF0BE7H   LINE      CODE     ---       #136
      00FF0BE9H   LINE      CODE     ---       #138
      00FF0BECH   LINE      CODE     ---       #139
      00FF0BEFH   LINE      CODE     ---       #141
      00FF0BF2H   LINE      CODE     ---       #142
      00FF0BF5H   LINE      CODE     ---       #143
      00FF0BF8H   LINE      CODE     ---       #144
      00FF0BFBH   LINE      CODE     ---       #145
      00FF0BFEH   LINE      CODE     ---       #146
      00FF0BFFH   LINE      CODE     ---       #147
      00FF0C00H   LINE      CODE     ---       #148
      00FF0C01H   LINE      CODE     ---       #149
      00FF0C02H   LINE      CODE     ---       #150
      00FF0C06H   LINE      CODE     ---       #152
      00FF0C08H   LINE      CODE     ---       #154
      00FF0C17H   LINE      CODE     ---       #158
      00FF0C1CH   LINE      CODE     ---       #159
      00FF0C22H   LINE      CODE     ---       #160
      00FF0C23H   LINE      CODE     ---       #161
      00FF0C23H   LINE      CODE     ---       #163
      00FF0C26H   LINE      CODE     ---       #164
      ---         BLOCKEND  ---      ---       LVL=0

      00FF0A37H   BLOCK     CODE     ---       LVL=0
      REG=7       REGSYM    ---      ---       pBuff
      WR8         REGSYM    ---      WORD      length
      00FF0A3BH   BLOCK     CODE     NEAR LAB  LVL=1
      WR6         REGSYM    ---      WORD      i
      R10         REGSYM    ---      BYTE      xb
      0000023FH   SYMBOL    EDATA    ---       CRC_16
      00FF0A43H   BLOCK     CODE     NEAR LAB  LVL=2
      R5          REGSYM    ---      BYTE      j
      ---         BLOCKEND  ---      ---       LVL=2
      ---         BLOCKEND  ---      ---       LVL=1
      00FF0A37H   LINE      CODE     ---       #167
      00FF0A3BH   LINE      CODE     ---       #172
      00FF0A41H   LINE      CODE     ---       #173
      00FF0A43H   LINE      CODE     ---       #175
      00FF0A4AH   LINE      CODE     ---       #176
L251 LINKER/LOCATER V4.66.93.0                                                        10/21/2024  00:33:04  PAGE 12


      00FF0A4CH   LINE      CODE     ---       #178
      00FF0A60H   LINE      CODE     ---       #179
      00FF0A68H   LINE      CODE     ---       #180
      00FF0A70H   LINE      CODE     ---       #181
      00FF0A72H   LINE      CODE     ---       #182
      00FF0A78H   LINE      CODE     ---       #183
      00FF0A78H   LINE      CODE     ---       #184
      00FF0A7AH   LINE      CODE     ---       #185
      00FF0A80H   LINE      CODE     ---       #186
      00FF0A86H   LINE      CODE     ---       #187
      00FF0A8EH   LINE      CODE     ---       #188
      00FF0A96H   LINE      CODE     ---       #189
      ---         BLOCKEND  ---      ---       LVL=0

      00FF0D44H   BLOCK     CODE     ---       LVL=0
      REG=7       REGSYM    ---      ---       pBuff
      WR10        REGSYM    ---      WORD      length
      00FF0D48H   BLOCK     CODE     NEAR LAB  LVL=1
      R14         REGSYM    ---      CHAR      received_crc_low_byte2
      R15         REGSYM    ---      CHAR      received_crc_high_byte2
      ---         BLOCKEND  ---      ---       LVL=1
      00FF0D44H   LINE      CODE     ---       #191
      00FF0D48H   LINE      CODE     ---       #193
      00FF0D4FH   LINE      CODE     ---       #194
      00FF0D53H   LINE      CODE     ---       #195
      00FF0D58H   LINE      CODE     ---       #196
      00FF0D64H   LINE      CODE     ---       #197
      00FF0D68H   LINE      CODE     ---       #198
      00FF0D68H   LINE      CODE     ---       #199
      00FF0D69H   LINE      CODE     ---       #200
      00FF0D69H   LINE      CODE     ---       #202
      ---         BLOCKEND  ---      ---       LVL=0

      00FF0E5DH   BLOCK     CODE     ---       LVL=0
      00FF0E5DH   LINE      CODE     ---       #205
      00FF0E5DH   LINE      CODE     ---       #206
      00FF0E60H   LINE      CODE     ---       #207
      00FF0E66H   LINE      CODE     ---       #208
      ---         BLOCKEND  ---      ---       LVL=0

      00FF0D93H   BLOCK     CODE     ---       LVL=0
      00FF0D93H   LINE      CODE     ---       #210
      00FF0D93H   LINE      CODE     ---       #212
      00FF0DAFH   LINE      CODE     ---       #213
      00FF0DB5H   LINE      CODE     ---       #214
      ---         BLOCKEND  ---      ---       LVL=0

      00FF0E52H   BLOCK     CODE     ---       LVL=0
      00FF0E52H   LINE      CODE     ---       #216
      00FF0E52H   LINE      CODE     ---       #217
      00FF0E55H   LINE      CODE     ---       #218
      00FF0E5AH   LINE      CODE     ---       #219
      ---         BLOCKEND  ---      ---       LVL=0

      00FF0E3CH   BLOCK     CODE     ---       LVL=0
      00FF0E3CH   LINE      CODE     ---       #222
      00FF0E3CH   LINE      CODE     ---       #223
      00FF0E3FH   LINE      CODE     ---       #224
      00FF0E44H   LINE      CODE     ---       #225
      ---         BLOCKEND  ---      ---       LVL=0

      00FF0E47H   BLOCK     CODE     ---       LVL=0
      00FF0E47H   LINE      CODE     ---       #228
      00FF0E47H   LINE      CODE     ---       #229
      00FF0E4AH   LINE      CODE     ---       #230
L251 LINKER/LOCATER V4.66.93.0                                                        10/21/2024  00:33:04  PAGE 13


      00FF0E4FH   LINE      CODE     ---       #231
      ---         BLOCKEND  ---      ---       LVL=0

      00FF0E12H   BLOCK     CODE     ---       LVL=0
      00FF0E12H   LINE      CODE     ---       #234
      00FF0E12H   LINE      CODE     ---       #235
      00FF0E15H   LINE      CODE     ---       #236
      00FF0E20H   LINE      CODE     ---       #237
      ---         BLOCKEND  ---      ---       LVL=0

      00FF0E30H   BLOCK     CODE     ---       LVL=0
      DR0         REGSYM    ---      DWORD     address
      00FF0E30H   LINE      CODE     ---       #240
      00FF0E32H   LINE      CODE     ---       #241
      00FF0E3BH   LINE      CODE     ---       #242
      ---         BLOCKEND  ---      ---       LVL=0

      00FF0303H   BLOCK     CODE     ---       LVL=0
      00FF031FH   BLOCK     CODE     NEAR LAB  LVL=1
      WR6         REGSYM    ---      WORD      i
      ---         BLOCKEND  ---      ---       LVL=1
      00FF0516H   BLOCK     CODE     NEAR LAB  LVL=1
      WR12        REGSYM    ---      WORD      out_buffer_size
      REG=7       REGSYM    ---      ---       read_data
      ---         BLOCKEND  ---      ---       LVL=1
      00FF0303H   LINE      CODE     ---       #244
      00FF0305H   LINE      CODE     ---       #245
      00FF030BH   LINE      CODE     ---       #246
      00FF0313H   LINE      CODE     ---       #249
      00FF031FH   LINE      CODE     ---       #251
      00FF032BH   LINE      CODE     ---       #253
      00FF032FH   LINE      CODE     ---       #254
      00FF0337H   LINE      CODE     ---       #255
      00FF033FH   LINE      CODE     ---       #256
      00FF0342H   LINE      CODE     ---       #257
      00FF0347H   LINE      CODE     ---       #258
      00FF034AH   LINE      CODE     ---       #259
      00FF034AH   LINE      CODE     ---       #260
      00FF034AH   LINE      CODE     ---       #261
      00FF034DH   LINE      CODE     ---       #262
      00FF034DH   LINE      CODE     ---       #263
      00FF034DH   LINE      CODE     ---       #265
      00FF0357H   LINE      CODE     ---       #266
      00FF0366H   LINE      CODE     ---       #268
      00FF036DH   LINE      CODE     ---       #269
      00FF0385H   LINE      CODE     ---       #270
      00FF0385H   LINE      CODE     ---       #271
      00FF0385H   LINE      CODE     ---       #273
      00FF0385H   LINE      CODE     ---       #274
      00FF0387H   LINE      CODE     ---       #275
      00FF0387H   LINE      CODE     ---       #277
      00FF038EH   LINE      CODE     ---       #278
      00FF039CH   LINE      CODE     ---       #279
      00FF039CH   LINE      CODE     ---       #280
      00FF039CH   LINE      CODE     ---       #281
      00FF039EH   LINE      CODE     ---       #282
      00FF039EH   LINE      CODE     ---       #285
      00FF03A5H   LINE      CODE     ---       #286
      00FF03B3H   LINE      CODE     ---       #287
      00FF03B6H   LINE      CODE     ---       #288
      00FF03BBH   LINE      CODE     ---       #289
      00FF03BEH   LINE      CODE     ---       #290
      00FF03BEH   LINE      CODE     ---       #293
      00FF03C6H   LINE      CODE     ---       #294
      00FF03D8H   LINE      CODE     ---       #295
L251 LINKER/LOCATER V4.66.93.0                                                        10/21/2024  00:33:04  PAGE 14


      00FF03E0H   LINE      CODE     ---       #296
      00FF03E0H   LINE      CODE     ---       #299
      00FF03EAH   LINE      CODE     ---       #300
      00FF03F2H   LINE      CODE     ---       #301
      00FF03FBH   LINE      CODE     ---       #302
      00FF03FBH   LINE      CODE     ---       #304
      00FF03FEH   LINE      CODE     ---       #305
      00FF03FEH   LINE      CODE     ---       #307
      00FF0407H   LINE      CODE     ---       #308
      00FF0407H   LINE      CODE     ---       #310
      00FF040AH   LINE      CODE     ---       #311
      00FF040AH   LINE      CODE     ---       #313
      00FF041DH   LINE      CODE     ---       #314
      00FF041DH   LINE      CODE     ---       #316
      00FF0420H   LINE      CODE     ---       #317
      00FF0420H   LINE      CODE     ---       #319
      00FF042AH   LINE      CODE     ---       #320
      00FF0432H   LINE      CODE     ---       #321
      00FF043BH   LINE      CODE     ---       #322
      00FF043BH   LINE      CODE     ---       #324
      00FF043EH   LINE      CODE     ---       #325
      00FF043EH   LINE      CODE     ---       #329
      00FF0444H   LINE      CODE     ---       #330
      00FF0456H   LINE      CODE     ---       #331
      00FF0456H   LINE      CODE     ---       #333
      00FF0459H   LINE      CODE     ---       #334
      00FF0459H   LINE      CODE     ---       #336
      00FF0463H   LINE      CODE     ---       #337
      00FF046BH   LINE      CODE     ---       #338
      00FF0474H   LINE      CODE     ---       #339
      00FF0474H   LINE      CODE     ---       #341
      00FF0477H   LINE      CODE     ---       #342
      00FF0477H   LINE      CODE     ---       #345
      00FF047EH   LINE      CODE     ---       #346
      00FF0482H   LINE      CODE     ---       #347
      00FF0484H   LINE      CODE     ---       #348
      00FF048EH   LINE      CODE     ---       #349
      00FF048EH   LINE      CODE     ---       #350
      00FF0494H   LINE      CODE     ---       #351
      00FF049CH   LINE      CODE     ---       #352
      00FF049CH   LINE      CODE     ---       #354
      00FF049FH   LINE      CODE     ---       #355
      00FF049FH   LINE      CODE     ---       #357
      00FF04A9H   LINE      CODE     ---       #358
      00FF04B1H   LINE      CODE     ---       #359
      00FF04BAH   LINE      CODE     ---       #360
      00FF04BAH   LINE      CODE     ---       #362
      00FF04BCH   LINE      CODE     ---       #363
      00FF04BCH   LINE      CODE     ---       #365
      00FF04BFH   LINE      CODE     ---       #366
      00FF04C4H   LINE      CODE     ---       #367
      00FF04C4H   LINE      CODE     ---       #369
      00FF04C7H   LINE      CODE     ---       #370
      00FF04C7H   LINE      CODE     ---       #372
      00FF04D1H   LINE      CODE     ---       #373
      00FF04D9H   LINE      CODE     ---       #374
      00FF04E2H   LINE      CODE     ---       #375
      00FF04E2H   LINE      CODE     ---       #377
      00FF04E4H   LINE      CODE     ---       #378
      00FF04E4H   LINE      CODE     ---       #380
      00FF04EDH   LINE      CODE     ---       #381
      00FF04F0H   LINE      CODE     ---       #383
      00FF04F3H   LINE      CODE     ---       #384
      00FF04F3H   LINE      CODE     ---       #386
      00FF04F6H   LINE      CODE     ---       #387
L251 LINKER/LOCATER V4.66.93.0                                                        10/21/2024  00:33:04  PAGE 15


      00FF04F9H   LINE      CODE     ---       #388
      00FF04F9H   LINE      CODE     ---       #390
      00FF0503H   LINE      CODE     ---       #391
      00FF0509H   LINE      CODE     ---       #392
      00FF0509H   LINE      CODE     ---       #394
      00FF0516H   LINE      CODE     ---       #397
      00FF051EH   LINE      CODE     ---       #398
      00FF0527H   LINE      CODE     ---       #399
      00FF052AH   LINE      CODE     ---       #401
      00FF052DH   LINE      CODE     ---       #402
      00FF052DH   LINE      CODE     ---       #404
      00FF0537H   LINE      CODE     ---       #405
      00FF053DH   LINE      CODE     ---       #406
      00FF0541H   LINE      CODE     ---       #407
      00FF0545H   LINE      CODE     ---       #408
      00FF0545H   LINE      CODE     ---       #409
      00FF054DH   LINE      CODE     ---       #410
      00FF0558H   LINE      CODE     ---       #411
      00FF055BH   LINE      CODE     ---       #412
      00FF0569H   LINE      CODE     ---       #414
      00FF057AH   LINE      CODE     ---       #416
      00FF0585H   LINE      CODE     ---       #417
      00FF0594H   LINE      CODE     ---       #418
      00FF05A5H   LINE      CODE     ---       #419
      00FF05B4H   LINE      CODE     ---       #420
      00FF05C3H   LINE      CODE     ---       #422
      00FF05C6H   LINE      CODE     ---       #423
      00FF05CFH   LINE      CODE     ---       #424
      00FF05D1H   LINE      CODE     ---       #425
      00FF05D1H   LINE      CODE     ---       #427
      00FF05D4H   LINE      CODE     ---       #429
      00FF05D9H   LINE      CODE     ---       #430
      00FF05E3H   LINE      CODE     ---       #431
      00FF05E6H   LINE      CODE     ---       #432
      ---         BLOCKEND  ---      ---       LVL=0

      00FF06D0H   BLOCK     CODE     ---       LVL=0
      00FF06D2H   BLOCK     CODE     NEAR LAB  LVL=1
      R15         REGSYM    ---      BYTE      bits_to_read
      ---         BLOCKEND  ---      ---       LVL=1
      00FF06D0H   LINE      CODE     ---       #434
      00FF06D2H   LINE      CODE     ---       #435
      00FF06D2H   LINE      CODE     ---       #437
      00FF06D7H   LINE      CODE     ---       #439
      00FF06E4H   LINE      CODE     ---       #440
      00FF06F0H   LINE      CODE     ---       #441
      00FF06FBH   LINE      CODE     ---       #442
      00FF06FDH   LINE      CODE     ---       #443
      00FF071DH   LINE      CODE     ---       #444
      00FF0725H   LINE      CODE     ---       #445
      00FF0728H   LINE      CODE     ---       #446
      00FF072DH   LINE      CODE     ---       #450
      00FF0732H   LINE      CODE     ---       #451
      00FF0736H   LINE      CODE     ---       #452
      00FF0739H   LINE      CODE     ---       #453
      00FF073BH   LINE      CODE     ---       #454
      00FF0761H   LINE      CODE     ---       #455
      00FF0761H   LINE      CODE     ---       #456
      00FF0764H   LINE      CODE     ---       #459
      00FF076BH   LINE      CODE     ---       #461
      00FF076DH   LINE      CODE     ---       #462
      00FF076DH   LINE      CODE     ---       #463
      00FF0774H   LINE      CODE     ---       #464
      00FF078BH   LINE      CODE     ---       #465
      00FF078DH   LINE      CODE     ---       #466
L251 LINKER/LOCATER V4.66.93.0                                                        10/21/2024  00:33:04  PAGE 16


      00FF0792H   LINE      CODE     ---       #468
      00FF0799H   LINE      CODE     ---       #469
      00FF079FH   LINE      CODE     ---       #470
      00FF07A7H   LINE      CODE     ---       #472
      ---         BLOCKEND  ---      ---       LVL=0

      00FF0D15H   BLOCK     CODE     ---       LVL=0
      R15         REGSYM    ---      CHAR      dat
      00FF0D19H   BLOCK     CODE     NEAR LAB  LVL=1
      R14         REGSYM    ---      CHAR      bits_to_read
      ---         BLOCKEND  ---      ---       LVL=1
      00FF0D15H   LINE      CODE     ---       #474
      00FF0D19H   LINE      CODE     ---       #475
      00FF0D19H   LINE      CODE     ---       #479
      00FF0D1BH   LINE      CODE     ---       #481
      00FF0D1DH   LINE      CODE     ---       #484
      00FF0D1DH   LINE      CODE     ---       #486
      00FF0D24H   LINE      CODE     ---       #488
      00FF0D29H   LINE      CODE     ---       #490
      00FF0D2BH   LINE      CODE     ---       #491
      00FF0D2DH   LINE      CODE     ---       #493
      00FF0D2FH   LINE      CODE     ---       #494
      00FF0D2FH   LINE      CODE     ---       #495
      00FF0D31H   LINE      CODE     ---       #496
      00FF0D33H   LINE      CODE     ---       #497
      00FF0D38H   LINE      CODE     ---       #499
      00FF0D3FH   LINE      CODE     ---       #504
      00FF0D41H   LINE      CODE     ---       #515
      ---         BLOCKEND  ---      ---       LVL=0

      00FF0CA3H   BLOCK     CODE     ---       LVL=0
      REG=3       REGSYM    ---      ---       dat
      FFFFFFFDH   STKSYM    ---      INT       len
      00FF0CABH   BLOCK     CODE     NEAR LAB  LVL=1
      FFFFFFFFH   STKSYM    ---      INT       i
      ---         BLOCKEND  ---      ---       LVL=1
      00FF0CA3H   LINE      CODE     ---       #517
      00FF0CABH   LINE      CODE     ---       #519
      00FF0CAFH   LINE      CODE     ---       #520
      00FF0CBDH   LINE      CODE     ---       #521
      00FF0CC4H   LINE      CODE     ---       #522
      00FF0CDAH   LINE      CODE     ---       #523
      ---         BLOCKEND  ---      ---       LVL=0

      00FF07AAH   BLOCK     CODE     ---       LVL=0
      00FF07ACH   BLOCK     CODE     NEAR LAB  LVL=1
      WR14        REGSYM    ---      INT       i
      ---         BLOCKEND  ---      ---       LVL=1
      00FF07AAH   LINE      CODE     ---       #525
      00FF07ACH   LINE      CODE     ---       #527
      00FF07ACH   LINE      CODE     ---       #528
      00FF07B2H   LINE      CODE     ---       #529
      00FF07B7H   LINE      CODE     ---       #530
      00FF07C2H   LINE      CODE     ---       #532
      00FF07C6H   LINE      CODE     ---       #533
      00FF07C9H   LINE      CODE     ---       #534
      00FF07CFH   LINE      CODE     ---       #535
      00FF07DBH   LINE      CODE     ---       #537
      00FF07DBH   LINE      CODE     ---       #538
      00FF07DBH   LINE      CODE     ---       #539
      00FF07E3H   LINE      CODE     ---       #540
      00FF07EDH   LINE      CODE     ---       #541
      00FF07EFH   LINE      CODE     ---       #542
      00FF080FH   LINE      CODE     ---       #543
      00FF0815H   LINE      CODE     ---       #544
L251 LINKER/LOCATER V4.66.93.0                                                        10/21/2024  00:33:04  PAGE 17


      00FF0817H   LINE      CODE     ---       #545
      00FF0817H   LINE      CODE     ---       #546
      00FF081FH   LINE      CODE     ---       #547
      00FF0825H   LINE      CODE     ---       #548
      00FF0831H   LINE      CODE     ---       #550
      00FF0831H   LINE      CODE     ---       #552
      00FF0831H   LINE      CODE     ---       #553
      00FF0839H   LINE      CODE     ---       #555
      00FF083BH   LINE      CODE     ---       #556
      00FF085CH   LINE      CODE     ---       #558
      00FF085FH   LINE      CODE     ---       #559
      ---         BLOCKEND  ---      ---       LVL=0

      00FF0C66H   BLOCK     CODE     ---       LVL=0
      00FF0C66H   LINE      CODE     ---       #561
      00FF0C66H   LINE      CODE     ---       #563
      00FF0C79H   LINE      CODE     ---       #566
      00FF0C82H   LINE      CODE     ---       #567
      00FF0C89H   LINE      CODE     ---       #568
      00FF0C89H   LINE      CODE     ---       #569
      00FF0C89H   LINE      CODE     ---       #570
      00FF0C8FH   LINE      CODE     ---       #571
      00FF0CA2H   LINE      CODE     ---       #572
      ---         BLOCKEND  ---      ---       LVL=0

      00FF0910H   BLOCK     CODE     ---       LVL=0
      00FF0912H   BLOCK     CODE     NEAR LAB  LVL=1
      WR14        REGSYM    ---      INT       i
      ---         BLOCKEND  ---      ---       LVL=1
      00FF0910H   LINE      CODE     ---       #575
      00FF0912H   LINE      CODE     ---       #580
      00FF0922H   LINE      CODE     ---       #581
      00FF092EH   LINE      CODE     ---       #583
      00FF0935H   LINE      CODE     ---       #585
      00FF0937H   LINE      CODE     ---       #587
      00FF093CH   LINE      CODE     ---       #588
      00FF0946H   LINE      CODE     ---       #589
      00FF0946H   LINE      CODE     ---       #591
      00FF0946H   LINE      CODE     ---       #592
      00FF094DH   LINE      CODE     ---       #593
      00FF0955H   LINE      CODE     ---       #595
      00FF095DH   LINE      CODE     ---       #596
      00FF095DH   LINE      CODE     ---       #597
      00FF095DH   LINE      CODE     ---       #599
      00FF0963H   LINE      CODE     ---       #601
      00FF0973H   LINE      CODE     ---       #602
      00FF097FH   LINE      CODE     ---       #604
      00FF0986H   LINE      CODE     ---       #606
      00FF0988H   LINE      CODE     ---       #607
      00FF098DH   LINE      CODE     ---       #608
      00FF0997H   LINE      CODE     ---       #609
      00FF0997H   LINE      CODE     ---       #610
      00FF099EH   LINE      CODE     ---       #611
      00FF09A6H   LINE      CODE     ---       #613
      00FF09AEH   LINE      CODE     ---       #614
      00FF09AEH   LINE      CODE     ---       #615
      00FF09AEH   LINE      CODE     ---       #617
      00FF09B4H   LINE      CODE     ---       #618
      00FF09B7H   LINE      CODE     ---       #619
      ---         BLOCKEND  ---      ---       LVL=0

      00FF0DD9H   BLOCK     CODE     ---       LVL=0
      00FF0DD9H   LINE      CODE     ---       #623
      00FF0DD9H   LINE      CODE     ---       #625
      00FF0DDCH   LINE      CODE     ---       #626
L251 LINKER/LOCATER V4.66.93.0                                                        10/21/2024  00:33:04  PAGE 18


      00FF0DDFH   LINE      CODE     ---       #627
      00FF0DE2H   LINE      CODE     ---       #628
      00FF0DE5H   LINE      CODE     ---       #629
      00FF0DE8H   LINE      CODE     ---       #630
      00FF0DEBH   LINE      CODE     ---       #633
      00FF0DF1H   LINE      CODE     ---       #634
      00FF0DF7H   LINE      CODE     ---       #635
      ---         BLOCKEND  ---      ---       LVL=0

      00FF0B9AH   BLOCK     CODE     ---       LVL=0
      00FF0B9AH   LINE      CODE     ---       #640
      00FF0B9AH   LINE      CODE     ---       #644
      00FF0B9AH   LINE      CODE     ---       #646
      00FF0B9DH   LINE      CODE     ---       #648
      00FF0BA0H   LINE      CODE     ---       #650
      00FF0BA3H   LINE      CODE     ---       #652
      00FF0BA6H   LINE      CODE     ---       #654
      00FF0BA9H   LINE      CODE     ---       #656
      00FF0BB8H   LINE      CODE     ---       #658
      00FF0BBBH   LINE      CODE     ---       #660
      00FF0BCBH   LINE      CODE     ---       #661
      00FF0BD7H   LINE      CODE     ---       #663
      00FF0BDDH   LINE      CODE     ---       #665
      00FF0BE0H   LINE      CODE     ---       #666
      00FF0BE0H   LINE      CODE     ---       #668
      00FF0BE3H   LINE      CODE     ---       #669
      00FF0BE3H   LINE      CODE     ---       #672
      00FF0BE3H   LINE      CODE     ---       #673
      00FF0BE5H   LINE      CODE     ---       #674
      ---         BLOCKEND  ---      ---       LVL=0

      00FF09BAH   BLOCK     CODE     ---       LVL=0
      00FF09BAH   LINE      CODE     ---       #679
      00FF09BAH   LINE      CODE     ---       #681
      00FF09BCH   LINE      CODE     ---       #683
      00FF09BFH   LINE      CODE     ---       #684
      00FF09C2H   LINE      CODE     ---       #685
      00FF09C5H   LINE      CODE     ---       #687
      00FF09D2H   LINE      CODE     ---       #689
      00FF09DBH   LINE      CODE     ---       #690
      00FF09DEH   LINE      CODE     ---       #691
      00FF09E1H   LINE      CODE     ---       #693
      00FF09EAH   LINE      CODE     ---       #694
      00FF09F8H   LINE      CODE     ---       #698
      00FF0A05H   LINE      CODE     ---       #700
      00FF0A08H   LINE      CODE     ---       #701
      00FF0A0BH   LINE      CODE     ---       #702
      00FF0A10H   LINE      CODE     ---       #706
      00FF0A1DH   LINE      CODE     ---       #708
      00FF0A25H   LINE      CODE     ---       #710
      00FF0A2EH   LINE      CODE     ---       #712
      00FF0A31H   LINE      CODE     ---       #713
      00FF0A34H   LINE      CODE     ---       #715
      00FF0A36H   LINE      CODE     ---       #716
      ---         BLOCKEND  ---      ---       LVL=0

      00FF0B46H   BLOCK     CODE     ---       LVL=0
      00FF0B46H   LINE      CODE     ---       #719
      00FF0B46H   LINE      CODE     ---       #723
      00FF0B52H   LINE      CODE     ---       #724
      00FF0B59H   LINE      CODE     ---       #726
      00FF0B62H   LINE      CODE     ---       #727
      00FF0B69H   LINE      CODE     ---       #728
      00FF0B71H   LINE      CODE     ---       #729
      00FF0B78H   LINE      CODE     ---       #730
L251 LINKER/LOCATER V4.66.93.0                                                        10/21/2024  00:33:04  PAGE 19


      00FF0B7FH   LINE      CODE     ---       #731
      00FF0B88H   LINE      CODE     ---       #732
      00FF0B90H   LINE      CODE     ---       #733
      00FF0B99H   LINE      CODE     ---       #734
      ---         BLOCKEND  ---      ---       LVL=0

      00FF0DB6H   BLOCK     CODE     ---       LVL=0
      00FF0DB6H   LINE      CODE     ---       #738
      00FF0DB6H   LINE      CODE     ---       #745
      00FF0DBCH   LINE      CODE     ---       #747
      00FF0DCCH   LINE      CODE     ---       #748
      00FF0DD8H   LINE      CODE     ---       #750
      ---         BLOCKEND  ---      ---       LVL=0

      00FF0E23H   BLOCK     CODE     ---       LVL=0
      R10         REGSYM    ---      CHAR      c
      00FF0E23H   LINE      CODE     ---       #754
      00FF0E25H   LINE      CODE     ---       #757
      00FF0E28H   LINE      CODE     ---       #758
      00FF0E2BH   LINE      CODE     ---       #759
      00FF0E2DH   LINE      CODE     ---       #760
      00FF0E2FH   LINE      CODE     ---       #761
      ---         BLOCKEND  ---      ---       LVL=0

      ---         MODULE    ---      ---       ?C_START
      00FF0000H   PUBLIC    CODE     ---       ?C?STARTUP
      00FF0000H   PUBLIC    CODE     ---       ?C_STARTUP

      ---         MODULE    ---      ---       ?C?INITEDATA
      00FF0C3AH   PUBLIC    CODE     ---       ?C?INITEDATA

      ---         MODULE    ---      ---       PRINTF
      00000269H   PUBLIC    EDATA    ---       ?PRINTF?BYTE
      00FF0003H   PUBLIC    CODE     NEAR LAB  PRINTF

      ---         MODULE    ---      ---       memset
      00FF0DF8H   PUBLIC    CODE     ---       memset?_

      ---         MODULE    ---      ---       malloc
      00FF0A97H   PUBLIC    CODE     ---       malloc

      ---         MODULE    ---      ---       free
      00FF05E9H   PUBLIC    CODE     ---       free

      ---         MODULE    ---      ---       init_mem
      00FF0D6CH   PUBLIC    CODE     ---       init_mempool

      ---         MODULE    ---      ---       ?C?INITEDATA_END
      00FF0EBEH   PUBLIC    HCONST   WORD      ?C?INITEDATA_END

      ---         MODULE    ---      ---       ?C?PRNFMT
      00FF005CH   PUBLIC    CODE     ---       ?C?PRNFMT

      ---         MODULE    ---      ---       mdefine
      00000369H   PUBLIC    HDATA    ---       __mp__

Program Size: data=8.0 edata+hdata=869 xdata=512 const=123 code=3687
L251 RUN COMPLETE.  0 WARNING(S),  0 ERROR(S)
