L251 LINKER/LOCATER V4.66.93.0                                                          10/26/2024  17:51:15  PAGE 1


L251 LINKER/LOCATER V4.66.93.0, INVOKED BY:
D:\COMPILER\KEIL_V5\C251\BIN\L251.EXE .\Objects\main.obj, .\Objects\eeprom.obj, .\MCU\8051U\Lib\AI8051U_32_TFPU.LIB (AI8
>> 051U_32_TFPU), .\MCU\8051U\Lib\AI8051U_32_MDU32.LIB (AI8051U_32_MDU32) TO .\Objects\AM32_Bootloader_STC8051U PRINT (.
>> \Listings\AM32_Bootloader_STC8051U.map) CASE CLASSES (EDATA (0X0-0X7FF), HDATA (0X0-0X7FF))


CPU MODE:     251 SOURCE MODE
MEMORY MODEL: XSMALL


INPUT MODULES INCLUDED:
  .\Objects\main.obj (main)
         COMMENT TYPE 0: C251 V5.60.0
  .\Objects\eeprom.obj (eeprom)
         COMMENT TYPE 0: C251 V5.60.0
  .\MCU\8051U\Lib\AI8051U_32_TFPU.LIB (AI8051U_32_TFPU)
         COMMENT TYPE 0: A251 V4.69.13.0
  .\MCU\8051U\Lib\AI8051U_32_MDU32.LIB (AI8051U_32_MDU32)
         COMMENT TYPE 0: A251 V4.69.13.0
  D:\COMPILER\KEIL_V5\C251\LIB\C2SXS.LIB (?C_START)
         COMMENT TYPE 0: A251 V4.69.6.0
  D:\COMPILER\KEIL_V5\C251\LIB\C2SXS.LIB (memcmp)
         COMMENT TYPE 0: C251 V5.58.7
  D:\COMPILER\KEIL_V5\C251\LIB\C2SXS.LIB (memcpy)
         COMMENT TYPE 0: C251 V5.58.7
  D:\COMPILER\KEIL_V5\C251\LIB\C2SXS.LIB (memset)
         COMMENT TYPE 0: C251 V5.58.7
  D:\COMPILER\KEIL_V5\C251\LIB\C2SXS.LIB (malloc)
         COMMENT TYPE 0: C251 V5.58.7
  D:\COMPILER\KEIL_V5\C251\LIB\C2SXS.LIB (init_mem)
         COMMENT TYPE 0: C251 V5.58.7
  D:\COMPILER\KEIL_V5\C251\LIB\C2SXS.LIB (mdefine)
         COMMENT TYPE 0: C251 V5.58.7


ACTIVE MEMORY CLASSES OF MODULE:  .\Objects\AM32_Bootloader_STC8051U (main)

BASE        START       END         USED      MEMORY CLASS
==========================================================
000000H     000000H     0007FFH     00011DH   EDATA
000000H     000000H     0007FFH     000004H   HDATA
FF0000H     FF0000H     FFFFFFH     000C9FH   CODE
000000H     FF0000H     FFFFFFH     000011H   HCONST
010000H     010000H     01FFFFH     000602H   XDATA
000000H     000000H     00007FH     000008H   DATA


MEMORY MAP OF MODULE:  .\Objects\AM32_Bootloader_STC8051U (main)


START     STOP      LENGTH    ALIGN  RELOC    MEMORY CLASS   SEGMENT NAME
=========================================================================
000000H   000007H   000008H   ---    AT..     DATA           "REG BANK 0"
000008H   000024H   00001DH   BYTE   UNIT     EDATA          ?ED?MAIN
000025H   000124H   000100H   BYTE   UNIT     EDATA          ?STACK
000125H   000128H   000004H   BYTE   INSEG    HDATA          ?FD?MDEFINE
000129H   00FFFFH   00FED7H   ---    ---      **GAP**
010000H   010601H   000602H   BYTE   INSEG    XDATA          ?XD?MAIN
010602H   FEFFFFH   FDF9FEH   ---    ---      **GAP**
FF0000H   FF0002H   000003H   ---    OFFS..   CODE           ?CO?start251?4
FF0003H   FF036AH   000368H   BYTE   INSEG    CODE           ?PR?DECODEINPUT?_?MAIN
FF036BH   FF04E6H   00017CH   BYTE   INSEG    CODE           ?PR?MAIN?MAIN
FF04E7H   FF0608H   000122H   BYTE   INSEG    CODE           ?PR?CHECKFORSIGNAL?_?MAIN
FF0609H   FF0702H   0000FAH   BYTE   INSEG    CODE           ?PR?SERIALREADCHAR?_?MAIN
FF0703H   FF07C7H   0000C5H   BYTE   INSEG    CODE           ?PR?SAVE_FLASH_NOLIB?_?EEPROM
FF07C8H   FF0889H   0000C2H   BYTE   INSEG    CODE           ?PR?RECEIVEBUFFER?_?MAIN
L251 LINKER/LOCATER V4.66.93.0                                                        10/26/2024  17:51:15  PAGE 2


FF088AH   FF08F2H   000069H   BYTE   INSEG    CODE           ?PR?MAKECRC?_?MAIN
FF08F3H   FF094BH   000059H   BYTE   INSEG    CODE           ?PR?MALLOC?MALLOC
FF094CH   FF09A0H   000055H   BYTE   INSEG    CODE           ?PR?UPDATE_EEPROM?_?MAIN
FF09A1H   FF09E0H   000040H   BYTE   INSEG    CODE           ?PR?SENDSTRING?_?MAIN
FF09E1H   FF0A1FH   00003FH   BYTE   INSEG    CODE           ?PR?DELAYMICROSECONDS?_?MAIN
FF0A20H   FF0A50H   000031H   BYTE   INSEG    CODE           ?PR?SERIALWRITECHAR?_?MAIN
FF0A51H   FF0A80H   000030H   BYTE   INSEG    CODE           ?PR?CHECKCRC?_?MAIN
FF0A81H   FF0AB0H   000030H   BYTE   INSEG    CODE           ?PR?SETTRANSMIT?_?MAIN
FF0AB1H   FF0ADFH   00002FH   BYTE   INSEG    CODE           ?PR?MEMCMP?_?MEMCMP
FF0AE0H   FF0B0CH   00002DH   BYTE   INSEG    CODE           ?PR?SETRECEIVE?_?MAIN
FF0B0DH   FF0B33H   000027H   BYTE   INSEG    CODE           ?PR?INIT_MEMPOOL?INIT_MEM
FF0B34H   FF0B58H   000025H   BYTE   INSEG    CODE           ?PR?MEMCPY?_?MEMCPY
FF0B59H   FF0B7BH   000023H   BYTE   INSEG    CODE           ?PR?JUMP?_?MAIN
FF0B7CH   FF0B95H   00001AH   BYTE   INSEG    CODE           ?PR?MEMSET?_?MEMSET
FF0B96H   FF0BABH   000016H   BYTE   INSEG    CODE           ?PR?SENDDEVICEINFO?_?MAIN
FF0BACH   FF0BBEH   000013H   BYTE   UNIT     CODE           ?C_C51STARTUP
FF0BBFH   FF0BC1H   000003H   BYTE   UNIT     CODE           ?C_C51STARTUP?3
FF0BC2H   FF0BD5H   000014H   BYTE   INSEG    CODE           ?PR?READ_FLASH_BIN?_?EEPROM
FF0BD6H   FF0BE8H   000013H   BYTE   INSEG    CODE           ?PR?CHECKADDRESSWRITABLE?_?MAIN
FF0BE9H   FF0BF4H   00000CH   BYTE   INSEG    CODE           ?PR?SEND_BAD_ACK?_?MAIN
FF0BF5H   FF0C00H   00000CH   BYTE   INSEG    CODE           ?PR?SEND_BAD_CRC_ACK?_?MAIN
FF0C01H   FF0C0CH   00000CH   BYTE   INSEG    CODE           ?PR?SEND_ACK?_?MAIN
FF0C0DH   FF0C18H   00000CH   BYTE   UNIT     CODE           ?PR?FPCMP?AI8051U_32_TFPU
FF0C19H   FF0C1FH   000007H   BYTE   UNIT     CODE           ?PR?FCHS?AI8051U_32_TFPU
FF0C20H   FF0C26H   000007H   BYTE   UNIT     CODE           ?PR?FABS?AI8051U_32_TFPU
FF0C27H   FF0C2CH   000006H   BYTE   UNIT     CODE           ?PR?FXAM?AI8051U_32_TFPU
FF0C2DH   FF0C32H   000006H   BYTE   UNIT     CODE           ?PR?CASTF?AI8051U_32_TFPU
FF0C33H   FF0C38H   000006H   BYTE   UNIT     CODE           ?PR?FCASTC?AI8051U_32_TFPU
FF0C39H   FF0C3EH   000006H   BYTE   UNIT     CODE           ?PR?FCASTI?AI8051U_32_TFPU
FF0C3FH   FF0C44H   000006H   BYTE   UNIT     CODE           ?PR?FPSRR?AI8051U_32_TFPU
FF0C45H   FF0C4AH   000006H   BYTE   UNIT     CODE           ?PR?FPSRW?AI8051U_32_TFPU
FF0C4BH   FF0C50H   000006H   BYTE   UNIT     CODE           ?PR?FPCRR?AI8051U_32_TFPU
FF0C51H   FF0C56H   000006H   BYTE   UNIT     CODE           ?PR?FPCRW?AI8051U_32_TFPU
FF0C57H   FF0C5CH   000006H   BYTE   UNIT     CODE           ?PR?LIMUL?AI8051U_32_MDU32
FF0C5DH   FF0C62H   000006H   BYTE   UNIT     CODE           ?PR?ULIDIV?AI8051U_32_MDU32
FF0C63H   FF0C66H   000004H   BYTE   UNIT     CODE           ?PR?FPADD?AI8051U_32_TFPU
FF0C67H   FF0C6AH   000004H   BYTE   UNIT     CODE           ?PR?FPSUB?AI8051U_32_TFPU
FF0C6BH   FF0C6EH   000004H   BYTE   UNIT     CODE           ?PR?FPMUL?AI8051U_32_TFPU
FF0C6FH   FF0C72H   000004H   BYTE   UNIT     CODE           ?PR?FPDIV?AI8051U_32_TFPU
FF0C73H   FF0C76H   000004H   BYTE   UNIT     CODE           ?PR?SQRT?AI8051U_32_TFPU
FF0C77H   FF0C7AH   000004H   BYTE   UNIT     CODE           ?PR?SIN?AI8051U_32_TFPU
FF0C7BH   FF0C7EH   000004H   BYTE   UNIT     CODE           ?PR?COS?AI8051U_32_TFPU
FF0C7FH   FF0C82H   000004H   BYTE   UNIT     CODE           ?PR?TAN?AI8051U_32_TFPU
FF0C83H   FF0C86H   000004H   BYTE   UNIT     CODE           ?PR?ATAN?AI8051U_32_TFPU
FF0C87H   FF0C8AH   000004H   BYTE   UNIT     CODE           ?PR?FCASTL?AI8051U_32_TFPU
FF0C8BH   FF0C8EH   000004H   BYTE   UNIT     CODE           ?PR?FCLEX?AI8051U_32_TFPU
FF0C8FH   FF0C92H   000004H   BYTE   UNIT     CODE           ?PR?FINIT?AI8051U_32_TFPU
FF0C93H   FF0C96H   000004H   BYTE   UNIT     CODE           ?PR?LMUL?AI8051U_32_MDU32
FF0C97H   FF0C9AH   000004H   BYTE   UNIT     CODE           ?PR?ULDIV?AI8051U_32_MDU32
FF0C9BH   FF0C9EH   000004H   BYTE   UNIT     CODE           ?PR?SLDIV?AI8051U_32_MDU32
FF0C9FH   FF0FDFH   000341H   ---    ---      **GAP**
FF0FE0H   FF0FF0H   000011H   BYTE   AT..     HCONST         ?HC?AT_FF0FE0_?1?MAIN



OVERLAY MAP OF MODULE:   .\Objects\AM32_Bootloader_STC8051U (main)


FUNCTION/MODULE                   BIT_GROUP   DATA_GROUP 
--> CALLED FUNCTION/MODULE       START  STOP  START  STOP
=========================================================
?C_C51STARTUP                    ----- -----  ----- -----

*** NEW ROOT *******************

L251 LINKER/LOCATER V4.66.93.0                                                        10/26/2024  17:51:15  PAGE 3


?C_C51STARTUP?3                  ----- -----  ----- -----
  +--> main/main

main/main                        ----- -----  ----- -----
  +--> init_mempool/init_mem
  +--> checkForSignal?_/main
  +--> update_EEPROM?_/main
  +--> receiveBuffer?_/main
  +--> jump?_/main

init_mempool/init_mem            ----- -----  ----- -----

checkForSignal?_/main            ----- -----  ----- -----
  +--> delayMicroseconds?_/main
  +--> jump?_/main

delayMicroseconds?_/main         ----- -----  ----- -----

jump?_/main                      ----- -----  ----- -----

update_EEPROM?_/main             ----- -----  ----- -----
  +--> read_flash_bin?_/eeprom
  +--> save_flash_nolib?_/eeprom

read_flash_bin?_/eeprom          ----- -----  ----- -----
  +--> memcpy?_/memcpy

memcpy?_/memcpy                  ----- -----  ----- -----

save_flash_nolib?_/eeprom        ----- -----  ----- -----
  +--> memcmp?_/memcmp

memcmp?_/memcmp                  ----- -----  ----- -----

receiveBuffer?_/main             ----- -----  ----- -----
  +--> memset?_/memset
  +--> setReceive?_/main
  +--> serialreadChar?_/main
  +--> decodeInput?_/main

memset?_/memset                  ----- -----  ----- -----

setReceive?_/main                ----- -----  ----- -----

serialreadChar?_/main            ----- -----  ----- -----
  +--> delayMicroseconds?_/main

decodeInput?_/main               ----- -----  ----- -----
  +--> checkCrc?_/main
  +--> memset?_/memset
  +--> send_ACK?_/main
  +--> send_BAD_CRC_ACK?_/main
  +--> sendDeviceInfo?_/main
  +--> checkAddressWritable?_/main
  +--> send_BAD_ACK?_/main
  +--> save_flash_nolib?_/eeprom
  +--> setReceive?_/main
  +--> setTransmit?_/main
  +--> serialwriteChar?_/main
  +--> malloc/malloc
  +--> read_flash_bin?_/eeprom
  +--> makeCrc?_/main
  +--> sendString?_/main

checkCrc?_/main                  ----- -----  ----- -----
L251 LINKER/LOCATER V4.66.93.0                                                        10/26/2024  17:51:15  PAGE 4


  +--> makeCrc?_/main

makeCrc?_/main                   ----- -----  ----- -----

send_ACK?_/main                  ----- -----  ----- -----
  +--> setTransmit?_/main
  +--> serialwriteChar?_/main
  +--> setReceive?_/main

setTransmit?_/main               ----- -----  ----- -----
  +--> delayMicroseconds?_/main

serialwriteChar?_/main           ----- -----  ----- -----
  +--> delayMicroseconds?_/main

send_BAD_CRC_ACK?_/main          ----- -----  ----- -----
  +--> setTransmit?_/main
  +--> serialwriteChar?_/main
  +--> setReceive?_/main

sendDeviceInfo?_/main            ----- -----  ----- -----
  +--> setTransmit?_/main
  +--> sendString?_/main
  +--> setReceive?_/main

sendString?_/main                ----- -----  ----- -----
  +--> serialwriteChar?_/main
  +--> delayMicroseconds?_/main

checkAddressWritable?_/main      ----- -----  ----- -----

send_BAD_ACK?_/main              ----- -----  ----- -----
  +--> setTransmit?_/main
  +--> serialwriteChar?_/main
  +--> setReceive?_/main

malloc/malloc                    ----- -----  ----- -----



PUBLIC SYMBOLS OF MODULE:  .\Objects\AM32_Bootloader_STC8051U (main)


      VALUE       CLASS    TYPE      PUBLIC SYMBOL NAME
      =================================================
      00FF0C2DH   CODE     ---       ?C?CASTF
      000000FFH   NUMBER   ---       ?C?CODESEG
      00FF0C33H   CODE     ---       ?C?FCASTC
      00FF0C39H   CODE     ---       ?C?FCASTI
      00FF0C87H   CODE     ---       ?C?FCASTL
      00FF0C63H   CODE     ---       ?C?FPADD
      00FF0C0DH   CODE     ---       ?C?FPCMP3
      00FF0C6FH   CODE     ---       ?C?FPDIV
      00FF0C6BH   CODE     ---       ?C?FPMUL
      00FF0C19H   CODE     ---       ?C?FPNEG
      00FF0C67H   CODE     ---       ?C?FPSUB
      00FF0C57H   CODE     ---       ?C?LIMUL
      00FF0C93H   CODE     ---       ?C?LMUL
      00FF0C9BH   CODE     ---       ?C?SLDIV
      00FF0000H   CODE     ---       ?C?STARTUP
      00FF0C97H   CODE     ---       ?C?ULDIV
      00FF0C5DH   CODE     ---       ?C?ULIDIV
      00000001H   NUMBER   ---       ?C?XDATASEG
      00FF0000H   CODE     ---       ?C_STARTUP
      00000125H   HDATA    ---       __mp__
L251 LINKER/LOCATER V4.66.93.0                                                        10/26/2024  17:51:15  PAGE 5


*SFR* 000000E0H   DATA     BYTE      ACC
*SFR* 000000BCH   DATA     BYTE      ADC_CONTR
*SFR* 000000DEH   DATA     BYTE      ADCCFG
      00FF0C83H   CODE     ---       ATAN?_
*SFR* 000000EFH   DATA     BYTE      AUXINTIF
*SFR* 0000008EH   DATA     BYTE      AUXR
*SFR* 00000097H   DATA     BYTE      AUXR2
*SFR* 000000EAH   DATA     BYTE      CKCON
*SFR* 000000C7H.4 DATA     BIT       CMD_FAIL
*SFR* 000000E6H   DATA     BYTE      CMPCR1
*SFR* 000000E7H   DATA     BYTE      CMPCR2
      00FF0C7BH   CODE     ---       COS?_
*SFR* 000000EDH   DATA     BYTE      DMAIR
*SFR* 00000083H   DATA     BYTE      DPH
*SFR* 00000082H   DATA     BYTE      DPL
*SFR* 000000A8H.7 DATA     BIT       EA
      00FF0C20H   CODE     ---       FABS?_
      00FF0C8BH   CODE     ---       FCLEX
      00FF0C8FH   CODE     ---       FINIT
      00FF0C4BH   CODE     ---       FPCRR
      00FF0C51H   CODE     ---       FPCRW
      00FF0C3FH   CODE     ---       FPSRR
      00FF0C45H   CODE     ---       FPSRW
      00FF0C27H   CODE     ---       FXAM
*SFR* 0000009DH.0 DATA     BIT       HIRCSEL0
*SFR* 0000009DH.1 DATA     BIT       HIRCSEL1
*SFR* 000000F6H   DATA     BYTE      IAP_ADDRE
*SFR* 000000C3H   DATA     BYTE      IAP_ADDRH
*SFR* 000000C4H   DATA     BYTE      IAP_ADDRL
*SFR* 000000C5H   DATA     BYTE      IAP_CMD
*SFR* 000000C7H   DATA     BYTE      IAP_CONTR
*SFR* 000000C2H   DATA     BYTE      IAP_DATA
*SFR* 000000F5H   DATA     BYTE      IAP_TPS
*SFR* 000000C6H   DATA     BYTE      IAP_TRIG
*SFR* 000000C7H.7 DATA     BIT       IAPEN
*SFR* 000000A8H   DATA     BYTE      IE
*SFR* 000000AFH   DATA     BYTE      IE2
      00FF0B0DH   CODE     ---       init_mempool
*SFR* 0000008FH   DATA     BYTE      INTCLKO
*SFR* 000000B8H   DATA     BYTE      IP
*SFR* 000000B5H   DATA     BYTE      IP2
*SFR* 000000B6H   DATA     BYTE      IP2H
*SFR* 000000DFH   DATA     BYTE      IP3
*SFR* 000000EEH   DATA     BYTE      IP3H
*SFR* 000000B7H   DATA     BYTE      IPH
*SFR* 0000009DH   DATA     BYTE      IRCBAND
*SFR* 0000009FH   DATA     BYTE      IRTRIM
      00FF036BH   CODE     ---       main
      00FF08F3H   CODE     ---       malloc
      00FF0AB1H   CODE     ---       memcmp?_
      00FF0B34H   CODE     ---       memcpy?_
      00FF0B7CH   CODE     ---       memset?_
*SFR* 00000080H   DATA     BYTE      P0
*SFR* 00000080H.0 DATA     BIT       P00
*SFR* 00000094H   DATA     BYTE      P0M0
*SFR* 00000093H   DATA     BYTE      P0M1
*SFR* 00000090H   DATA     BYTE      P1
*SFR* 000000A0H   DATA     BYTE      P2
*SFR* 000000B0H   DATA     BYTE      P3
*SFR* 000000C0H   DATA     BYTE      P4
*SFR* 000000C8H   DATA     BYTE      P5
*SFR* 000000E8H   DATA     BYTE      P6
*SFR* 000000F8H   DATA     BYTE      P7
*SFR* 000000A2H   DATA     BYTE      P_SW1
*SFR* 000000BAH   DATA     BYTE      P_SW2
L251 LINKER/LOCATER V4.66.93.0                                                        10/26/2024  17:51:15  PAGE 6


*SFR* 000000BBH   DATA     BYTE      P_SW3
*SFR* 000000BFH   DATA     BYTE      P_SW4
*SFR* 00000087H   DATA     BYTE      PCON
*SFR* 000000D0H   DATA     BYTE      PSW
*SFR* 000000D1H   DATA     BYTE      PSW1
      00FF0BC2H   CODE     ---       read_flash_bin?_
*SFR* 000000FFH   DATA     BYTE      RSTCFG
*SFR* 0000009AH   DATA     BYTE      S2CON
*SFR* 000000ACH   DATA     BYTE      S3CON
*SFR* 000000FDH   DATA     BYTE      S4CON
      00FF0703H   CODE     ---       save_flash_nolib?_
*SFR* 00000098H   DATA     BYTE      SCON
      00FF0C77H   CODE     ---       SIN?_
*SFR* 000000CEH   DATA     BYTE      SPCTL
*SFR* 000000CDH   DATA     BYTE      SPSTAT
      00FF0C73H   CODE     ---       SQRT?_
*SFR* 000000DDH   DATA     BYTE      T4T3M
      00FF0C7FH   CODE     ---       TAN?_
*SFR* 00000088H   DATA     BYTE      TCON
*SFR* 00000089H   DATA     BYTE      TMOD
*SFR* 0000009DH.7 DATA     BIT       USBCKS
*SFR* 0000009DH.6 DATA     BIT       USBCKS2
*SFR* 000000DCH   DATA     BYTE      USBCLK
*SFR* 000000F4H   DATA     BYTE      USBCON
*SFR* 000000C1H   DATA     BYTE      WDT_CONTR
*SFR* 000000ABH   DATA     BYTE      WKTCH
*SFR* 000000E9H   DATA     BYTE      WTST



SYMBOL TABLE OF MODULE:  .\Objects\AM32_Bootloader_STC8051U (main)

      VALUE       REP       CLASS    TYPE      SYMBOL NAME
      ====================================================
      ---         MODULE    ---      ---       main
      00FF036BH   PUBLIC    CODE     ---       main
      00000094H   SFRSYM    DATA     BYTE      P0M0
      000000D0H   SFRSYM    DATA     BYTE      PSW
      0000009DH   SFRSYM    DATA     BYTE      IRCBAND
      00000097H   SFRSYM    DATA     BYTE      AUXR2
      000000EAH   SFRSYM    DATA     BYTE      CKCON
      000000EFH   SFRSYM    DATA     BYTE      AUXINTIF
      000000FDH   SFRSYM    DATA     BYTE      S4CON
      000000ACH   SFRSYM    DATA     BYTE      S3CON
      0000009AH   SFRSYM    DATA     BYTE      S2CON
      000000B7H   SFRSYM    DATA     BYTE      IPH
      000000CDH   SFRSYM    DATA     BYTE      SPSTAT
      000000DDH   SFRSYM    DATA     BYTE      T4T3M
      0000009FH   SFRSYM    DATA     BYTE      IRTRIM
      000000C1H   SFRSYM    DATA     BYTE      WDT_CONTR
      000000E9H   SFRSYM    DATA     BYTE      WTST
      0000009DH.7 SFRSYM    DATA     BIT       USBCKS
      000000DFH   SFRSYM    DATA     BYTE      IP3
      000000F4H   SFRSYM    DATA     BYTE      USBCON
      000000B5H   SFRSYM    DATA     BYTE      IP2
      000000FFH   SFRSYM    DATA     BYTE      RSTCFG
      000000DCH   SFRSYM    DATA     BYTE      USBCLK
      000000C7H   SFRSYM    DATA     BYTE      IAP_CONTR
      0000008EH   SFRSYM    DATA     BYTE      AUXR
      000000AFH   SFRSYM    DATA     BYTE      IE2
      0000009DH.1 SFRSYM    DATA     BIT       HIRCSEL1
      0000009DH.0 SFRSYM    DATA     BIT       HIRCSEL0
      00000088H   SFRSYM    DATA     BYTE      TCON
      00000089H   SFRSYM    DATA     BYTE      TMOD
      00000098H   SFRSYM    DATA     BYTE      SCON
L251 LINKER/LOCATER V4.66.93.0                                                        10/26/2024  17:51:15  PAGE 7


      000000F5H   SFRSYM    DATA     BYTE      IAP_TPS
      00000087H   SFRSYM    DATA     BYTE      PCON
      000000BCH   SFRSYM    DATA     BYTE      ADC_CONTR
      00000080H.0 SFRSYM    DATA     BIT       P00
      000000D1H   SFRSYM    DATA     BYTE      PSW1
      000000E7H   SFRSYM    DATA     BYTE      CMPCR2
      000000E6H   SFRSYM    DATA     BYTE      CMPCR1
      000000DEH   SFRSYM    DATA     BYTE      ADCCFG
      000000B8H   SFRSYM    DATA     BYTE      IP
      0000008FH   SFRSYM    DATA     BYTE      INTCLKO
      000000EEH   SFRSYM    DATA     BYTE      IP3H
      000000B6H   SFRSYM    DATA     BYTE      IP2H
      000000BFH   SFRSYM    DATA     BYTE      P_SW4
      000000A8H   SFRSYM    DATA     BYTE      IE
      000000BBH   SFRSYM    DATA     BYTE      P_SW3
      000000BAH   SFRSYM    DATA     BYTE      P_SW2
      000000A2H   SFRSYM    DATA     BYTE      P_SW1
      000000CEH   SFRSYM    DATA     BYTE      SPCTL
      000000F8H   SFRSYM    DATA     BYTE      P7
      000000A8H.7 SFRSYM    DATA     BIT       EA
      000000E8H   SFRSYM    DATA     BYTE      P6
      000000C8H   SFRSYM    DATA     BYTE      P5
      000000C0H   SFRSYM    DATA     BYTE      P4
      000000ABH   SFRSYM    DATA     BYTE      WKTCH
      000000B0H   SFRSYM    DATA     BYTE      P3
      000000A0H   SFRSYM    DATA     BYTE      P2
      00000090H   SFRSYM    DATA     BYTE      P1
      00000080H   SFRSYM    DATA     BYTE      P0
      0000009DH.6 SFRSYM    DATA     BIT       USBCKS2
      00000093H   SFRSYM    DATA     BYTE      P0M1
      00FF0BE9H   SYMBOL    CODE     ---       send_BAD_ACK?_
      00FF09E1H   SYMBOL    CODE     ---       delayMicroseconds?_
      00FF04E7H   SYMBOL    CODE     ---       checkForSignal?_
      00FF0BD6H   SYMBOL    CODE     ---       checkAddressWritable?_
      00FF0B96H   SYMBOL    CODE     ---       sendDeviceInfo?_
      00FF0AE0H   SYMBOL    CODE     ---       setReceive?_
      00FF0A51H   SYMBOL    CODE     ---       checkCrc?_
      00FF0609H   SYMBOL    CODE     ---       serialreadChar?_
      00FF0A81H   SYMBOL    CODE     ---       setTransmit?_
      00FF09A1H   SYMBOL    CODE     ---       sendString?_
      00FF094CH   SYMBOL    CODE     ---       update_EEPROM?_
      00FF0A20H   SYMBOL    CODE     ---       serialwriteChar?_
      00FF088AH   SYMBOL    CODE     ---       makeCrc?_
      00FF0BF5H   SYMBOL    CODE     ---       send_BAD_CRC_ACK?_
      00FF0B59H   SYMBOL    CODE     ---       jump?_
      00FF07C8H   SYMBOL    CODE     ---       receiveBuffer?_
      00FF0C01H   SYMBOL    CODE     ---       send_ACK?_
      00FF0003H   SYMBOL    CODE     ---       decodeInput?_
      00FF0FE0H   SYMBOL    HCONST   ---       devinfo
      00000008H   SYMBOL    EDATA    BYTE      calculated_crc_low_byte
      00000009H   SYMBOL    EDATA    CHAR      receiveByte
      0000000AH   SYMBOL    EDATA    WORD      low_pin_count
      0000000CH   SYMBOL    EDATA    CHAR      rxbyte
      0000000DH   SYMBOL    EDATA    CHAR      incoming_payload_no_command
      0000000EH   SYMBOL    EDATA    INT       count
      00000010H   SYMBOL    EDATA    WORD      invalid_command
      00000012H   SYMBOL    EDATA    INT       cmd
      00000014H   SYMBOL    EDATA    CHAR      eeprom_req
      00000015H   SYMBOL    EDATA    CHAR      messagereceived
      00000016H   SYMBOL    EDATA    WORD      len
      00000018H   SYMBOL    EDATA    INT       received
      0000001AH   SYMBOL    EDATA    BYTE      calculated_crc_high_byte
      0000001BH   SYMBOL    EDATA    WORD      address_expected_increment
      0000001DH   SYMBOL    EDATA    DWORD     address
      00000021H   SYMBOL    EDATA    WORD      payload_buffer_size
L251 LINKER/LOCATER V4.66.93.0                                                        10/26/2024  17:51:15  PAGE 8


      00010000H   SYMBOL    XDATA    ---       payLoadBuffer
      00010100H   SYMBOL    XDATA    ---       rxBuffer

      00FF09E1H   BLOCK     CODE     ---       LVL=0
      DR28        REGSYM    ---      DWORD     micros
      00FF09E1H   LINE      CODE     ---       #322
      00FF09E3H   LINE      CODE     ---       #324
      00FF09FBH   LINE      CODE     ---       #325
      00FF09FBH   LINE      CODE     ---       #326
      00FF0A1FH   LINE      CODE     ---       #327
      ---         BLOCKEND  ---      ---       LVL=0

      00FF0B59H   BLOCK     CODE     ---       LVL=0
      R11         REGSYM    ---      BYTE      value
      00FF0B59H   LINE      CODE     ---       #331
      00FF0B59H   LINE      CODE     ---       #332
      00FF0B59H   LINE      CODE     ---       #335
      00FF0B64H   LINE      CODE     ---       #345
      00FF0B69H   LINE      CODE     ---       #346
      00FF0B6FH   LINE      CODE     ---       #347
      00FF0B71H   LINE      CODE     ---       #348
      00FF0B71H   LINE      CODE     ---       #368
      00FF0B7BH   LINE      CODE     ---       #370
      ---         BLOCKEND  ---      ---       LVL=0

      00FF088AH   BLOCK     CODE     ---       LVL=0
      REG=7       REGSYM    ---      ---       pBuff
      WR8         REGSYM    ---      WORD      length
      00FF088EH   BLOCK     CODE     NEAR LAB  LVL=1
      WR6         REGSYM    ---      WORD      i
      R10         REGSYM    ---      BYTE      xb
      00000023H   SYMBOL    EDATA    ---       CRC_16
      00FF0898H   BLOCK     CODE     NEAR LAB  LVL=2
      R5          REGSYM    ---      BYTE      j
      ---         BLOCKEND  ---      ---       LVL=2
      ---         BLOCKEND  ---      ---       LVL=1
      00FF088AH   LINE      CODE     ---       #373
      00FF088EH   LINE      CODE     ---       #374
      00FF088EH   LINE      CODE     ---       #379
      00FF0894H   LINE      CODE     ---       #380
      00FF0898H   LINE      CODE     ---       #382
      00FF089FH   LINE      CODE     ---       #383
      00FF08A3H   LINE      CODE     ---       #385
      00FF08B5H   LINE      CODE     ---       #386
      00FF08BFH   LINE      CODE     ---       #387
      00FF08C7H   LINE      CODE     ---       #388
      00FF08C9H   LINE      CODE     ---       #389
      00FF08D3H   LINE      CODE     ---       #390
      00FF08D3H   LINE      CODE     ---       #391
      00FF08D5H   LINE      CODE     ---       #392
      00FF08DCH   LINE      CODE     ---       #393
      00FF08E2H   LINE      CODE     ---       #394
      00FF08EAH   LINE      CODE     ---       #395
      00FF08F2H   LINE      CODE     ---       #396
      ---         BLOCKEND  ---      ---       LVL=0

      00FF0A51H   BLOCK     CODE     ---       LVL=0
      REG=7       REGSYM    ---      ---       pBuff
      WR10        REGSYM    ---      WORD      length
      00FF0A57H   BLOCK     CODE     NEAR LAB  LVL=1
      R14         REGSYM    ---      BYTE      received_crc_low_byte2
      R15         REGSYM    ---      BYTE      received_crc_high_byte2
      ---         BLOCKEND  ---      ---       LVL=1
      00FF0A51H   LINE      CODE     ---       #398
      00FF0A57H   LINE      CODE     ---       #399
L251 LINKER/LOCATER V4.66.93.0                                                        10/26/2024  17:51:15  PAGE 9


      00FF0A57H   LINE      CODE     ---       #400
      00FF0A5EH   LINE      CODE     ---       #401
      00FF0A66H   LINE      CODE     ---       #402
      00FF0A6DH   LINE      CODE     ---       #403
      00FF0A79H   LINE      CODE     ---       #404
      00FF0A7DH   LINE      CODE     ---       #405
      00FF0A7DH   LINE      CODE     ---       #406
      00FF0A7EH   LINE      CODE     ---       #407
      00FF0A7EH   LINE      CODE     ---       #408
      ---         BLOCKEND  ---      ---       LVL=0

      00FF0AE0H   BLOCK     CODE     ---       LVL=0
      00FF0AE0H   LINE      CODE     ---       #410
      00FF0AE0H   LINE      CODE     ---       #412
      00FF0B06H   LINE      CODE     ---       #413
      00FF0B0CH   LINE      CODE     ---       #414
      ---         BLOCKEND  ---      ---       LVL=0

      00FF0A81H   BLOCK     CODE     ---       LVL=0
      00FF0A81H   LINE      CODE     ---       #416
      00FF0A81H   LINE      CODE     ---       #419
      00FF0A83H   LINE      CODE     ---       #420
      00FF0AA9H   LINE      CODE     ---       #423
      00FF0AB0H   LINE      CODE     ---       #424
      ---         BLOCKEND  ---      ---       LVL=0

      00FF0C01H   BLOCK     CODE     ---       LVL=0
      00FF0C01H   LINE      CODE     ---       #426
      00FF0C01H   LINE      CODE     ---       #428
      00FF0C04H   LINE      CODE     ---       #429
      00FF0C09H   LINE      CODE     ---       #430
      00FF0C0CH   LINE      CODE     ---       #431
      ---         BLOCKEND  ---      ---       LVL=0

      00FF0BE9H   BLOCK     CODE     ---       LVL=0
      00FF0BE9H   LINE      CODE     ---       #433
      00FF0BE9H   LINE      CODE     ---       #435
      00FF0BECH   LINE      CODE     ---       #436
      00FF0BF1H   LINE      CODE     ---       #437
      00FF0BF4H   LINE      CODE     ---       #438
      ---         BLOCKEND  ---      ---       LVL=0

      00FF0BF5H   BLOCK     CODE     ---       LVL=0
      00FF0BF5H   LINE      CODE     ---       #440
      00FF0BF5H   LINE      CODE     ---       #442
      00FF0BF8H   LINE      CODE     ---       #443
      00FF0BFDH   LINE      CODE     ---       #444
      00FF0C00H   LINE      CODE     ---       #445
      ---         BLOCKEND  ---      ---       LVL=0

      00FF0B96H   BLOCK     CODE     ---       LVL=0
      00FF0B96H   LINE      CODE     ---       #447
      00FF0B96H   LINE      CODE     ---       #449
      00FF0B99H   LINE      CODE     ---       #450
      00FF0BA8H   LINE      CODE     ---       #451
      00FF0BABH   LINE      CODE     ---       #452
      ---         BLOCKEND  ---      ---       LVL=0

      00FF0BD6H   BLOCK     CODE     ---       LVL=0
      DR8         REGSYM    ---      DWORD     address
      00FF0BD6H   LINE      CODE     ---       #454
      00FF0BD8H   LINE      CODE     ---       #456
      00FF0BE8H   LINE      CODE     ---       #457
      ---         BLOCKEND  ---      ---       LVL=0

L251 LINKER/LOCATER V4.66.93.0                                                        10/26/2024  17:51:15  PAGE 10


      00FF0003H   BLOCK     CODE     ---       LVL=0
      00FF000BH   BLOCK     CODE     NEAR LAB  LVL=1
      WR6         REGSYM    ---      WORD      i
      ---         BLOCKEND  ---      ---       LVL=1
      00FF0299H   BLOCK     CODE     NEAR LAB  LVL=1
      WR12        REGSYM    ---      WORD      out_buffer_size
      REG=7       REGSYM    ---      ---       read_data
      ---         BLOCKEND  ---      ---       LVL=1
      00FF0003H   LINE      CODE     ---       #460
      00FF0005H   LINE      CODE     ---       #462
      00FF000BH   LINE      CODE     ---       #464
      00FF0013H   LINE      CODE     ---       #465
      00FF0024H   LINE      CODE     ---       #466
      00FF0034H   LINE      CODE     ---       #468
      00FF0038H   LINE      CODE     ---       #469
      00FF0052H   LINE      CODE     ---       #470
      00FF005AH   LINE      CODE     ---       #471
      00FF005DH   LINE      CODE     ---       #472
      00FF0062H   LINE      CODE     ---       #473
      00FF0065H   LINE      CODE     ---       #474
      00FF0065H   LINE      CODE     ---       #475
      00FF0068H   LINE      CODE     ---       #476
      00FF006BH   LINE      CODE     ---       #477
      00FF006BH   LINE      CODE     ---       #478
      00FF006BH   LINE      CODE     ---       #480
      00FF0075H   LINE      CODE     ---       #482
      00FF007CH   LINE      CODE     ---       #483
      00FF0094H   LINE      CODE     ---       #484
      00FF0097H   LINE      CODE     ---       #485
      00FF009CH   LINE      CODE     ---       #487
      00FF009CH   LINE      CODE     ---       #488
      00FF009FH   LINE      CODE     ---       #489
      00FF009FH   LINE      CODE     ---       #491
      00FF00A6H   LINE      CODE     ---       #492
      00FF00B4H   LINE      CODE     ---       #493
      00FF00B7H   LINE      CODE     ---       #494
      00FF00BCH   LINE      CODE     ---       #495
      00FF00BFH   LINE      CODE     ---       #496
      00FF00BFH   LINE      CODE     ---       #499
      00FF00C6H   LINE      CODE     ---       #500
      00FF00D4H   LINE      CODE     ---       #501
      00FF00D7H   LINE      CODE     ---       #502
      00FF00DCH   LINE      CODE     ---       #503
      00FF00DFH   LINE      CODE     ---       #504
      00FF00DFH   LINE      CODE     ---       #507
      00FF00E7H   LINE      CODE     ---       #509
      00FF00F9H   LINE      CODE     ---       #510
      00FF0101H   LINE      CODE     ---       #511
      00FF0101H   LINE      CODE     ---       #514
      00FF010BH   LINE      CODE     ---       #515
      00FF0113H   LINE      CODE     ---       #516
      00FF0124H   LINE      CODE     ---       #517
      00FF0127H   LINE      CODE     ---       #519
      00FF012AH   LINE      CODE     ---       #520
      00FF012AH   LINE      CODE     ---       #522
      00FF0133H   LINE      CODE     ---       #523
      00FF0136H   LINE      CODE     ---       #525
      00FF0139H   LINE      CODE     ---       #526
      00FF0139H   LINE      CODE     ---       #528
      00FF0154H   LINE      CODE     ---       #529
      00FF0157H   LINE      CODE     ---       #530
      00FF015AH   LINE      CODE     ---       #531
      00FF015DH   LINE      CODE     ---       #532
      00FF015DH   LINE      CODE     ---       #534
      00FF0160H   LINE      CODE     ---       #535
L251 LINKER/LOCATER V4.66.93.0                                                        10/26/2024  17:51:15  PAGE 11


      00FF0160H   LINE      CODE     ---       #537
      00FF016AH   LINE      CODE     ---       #540
      00FF0172H   LINE      CODE     ---       #541
      00FF0183H   LINE      CODE     ---       #542
      00FF0186H   LINE      CODE     ---       #544
      00FF0189H   LINE      CODE     ---       #545
      00FF0189H   LINE      CODE     ---       #549
      00FF018FH   LINE      CODE     ---       #550
      00FF01A9H   LINE      CODE     ---       #551
      00FF01ACH   LINE      CODE     ---       #553
      00FF01AFH   LINE      CODE     ---       #554
      00FF01AFH   LINE      CODE     ---       #556
      00FF01B9H   LINE      CODE     ---       #560
      00FF01C1H   LINE      CODE     ---       #561
      00FF01D2H   LINE      CODE     ---       #562
      00FF01D5H   LINE      CODE     ---       #564
      00FF01D8H   LINE      CODE     ---       #565
      00FF01D8H   LINE      CODE     ---       #568
      00FF01DFH   LINE      CODE     ---       #569
      00FF01E7H   LINE      CODE     ---       #570
      00FF01E9H   LINE      CODE     ---       #571
      00FF01F3H   LINE      CODE     ---       #572
      00FF01F3H   LINE      CODE     ---       #573
      00FF01F9H   LINE      CODE     ---       #574
      00FF0201H   LINE      CODE     ---       #575
      00FF0204H   LINE      CODE     ---       #577
      00FF0207H   LINE      CODE     ---       #578
      00FF0207H   LINE      CODE     ---       #580
      00FF0211H   LINE      CODE     ---       #581
      00FF0219H   LINE      CODE     ---       #582
      00FF022AH   LINE      CODE     ---       #583
      00FF022DH   LINE      CODE     ---       #585
      00FF0230H   LINE      CODE     ---       #586
      00FF0230H   LINE      CODE     ---       #588
      00FF0233H   LINE      CODE     ---       #589
      00FF0238H   LINE      CODE     ---       #590
      00FF023BH   LINE      CODE     ---       #592
      00FF023EH   LINE      CODE     ---       #593
      00FF023EH   LINE      CODE     ---       #595
      00FF0248H   LINE      CODE     ---       #596
      00FF0250H   LINE      CODE     ---       #597
      00FF0261H   LINE      CODE     ---       #598
      00FF0264H   LINE      CODE     ---       #600
      00FF0267H   LINE      CODE     ---       #601
      00FF0267H   LINE      CODE     ---       #603
      00FF0270H   LINE      CODE     ---       #604
      00FF0273H   LINE      CODE     ---       #606
      00FF0276H   LINE      CODE     ---       #607
      00FF0276H   LINE      CODE     ---       #609
      00FF0279H   LINE      CODE     ---       #610
      00FF027CH   LINE      CODE     ---       #611
      00FF027CH   LINE      CODE     ---       #613
      00FF0286H   LINE      CODE     ---       #614
      00FF028CH   LINE      CODE     ---       #615
      00FF028CH   LINE      CODE     ---       #617
      00FF0299H   LINE      CODE     ---       #624
      00FF02A1H   LINE      CODE     ---       #625
      00FF02B2H   LINE      CODE     ---       #626
      00FF02B5H   LINE      CODE     ---       #628
      00FF02B8H   LINE      CODE     ---       #629
      00FF02B8H   LINE      CODE     ---       #631
      00FF02C2H   LINE      CODE     ---       #632
      00FF02C8H   LINE      CODE     ---       #633
      00FF02CCH   LINE      CODE     ---       #634
      00FF02D0H   LINE      CODE     ---       #635
L251 LINKER/LOCATER V4.66.93.0                                                        10/26/2024  17:51:15  PAGE 12


      00FF02D0H   LINE      CODE     ---       #636
      00FF02D8H   LINE      CODE     ---       #638
      00FF02DBH   LINE      CODE     ---       #639
      00FF02E6H   LINE      CODE     ---       #640
      00FF02F4H   LINE      CODE     ---       #642
      00FF0305H   LINE      CODE     ---       #644
      00FF0310H   LINE      CODE     ---       #645
      00FF031FH   LINE      CODE     ---       #646
      00FF0330H   LINE      CODE     ---       #647
      00FF033FH   LINE      CODE     ---       #648
      00FF034EH   LINE      CODE     ---       #650
      00FF0351H   LINE      CODE     ---       #652
      00FF0353H   LINE      CODE     ---       #653
      00FF0353H   LINE      CODE     ---       #655
      00FF0356H   LINE      CODE     ---       #657
      00FF035BH   LINE      CODE     ---       #658
      00FF0365H   LINE      CODE     ---       #659
      00FF0368H   LINE      CODE     ---       #660
      ---         BLOCKEND  ---      ---       LVL=0

      00FF0609H   BLOCK     CODE     ---       LVL=0
      00FF060BH   BLOCK     CODE     NEAR LAB  LVL=1
      WR14        REGSYM    ---      INT       bits_to_read
      ---         BLOCKEND  ---      ---       LVL=1
      00FF0609H   LINE      CODE     ---       #679
      00FF060BH   LINE      CODE     ---       #680
      00FF060BH   LINE      CODE     ---       #682
      00FF0610H   LINE      CODE     ---       #683
      00FF0628H   LINE      CODE     ---       #686
      00FF062AH   LINE      CODE     ---       #687
      00FF064EH   LINE      CODE     ---       #693
      00FF0656H   LINE      CODE     ---       #697
      00FF065AH   LINE      CODE     ---       #698
      00FF065FH   LINE      CODE     ---       #702
      00FF0677H   LINE      CODE     ---       #703
      00FF0679H   LINE      CODE     ---       #704
      00FF06A3H   LINE      CODE     ---       #710
      00FF06A6H   LINE      CODE     ---       #711
      00FF06A9H   LINE      CODE     ---       #716
      00FF06B0H   LINE      CODE     ---       #717
      00FF06B3H   LINE      CODE     ---       #723
      00FF06B6H   LINE      CODE     ---       #724
      00FF06B6H   LINE      CODE     ---       #729
      00FF06B8H   LINE      CODE     ---       #730
      00FF06BAH   LINE      CODE     ---       #731
      00FF06C1H   LINE      CODE     ---       #732
      00FF06DAH   LINE      CODE     ---       #733
      00FF06DCH   LINE      CODE     ---       #734
      00FF06E2H   LINE      CODE     ---       #737
      00FF06E9H   LINE      CODE     ---       #738
      00FF06EEH   LINE      CODE     ---       #743
      00FF06F1H   LINE      CODE     ---       #744
      00FF06F1H   LINE      CODE     ---       #747
      00FF06F7H   LINE      CODE     ---       #748
      00FF06FFH   LINE      CODE     ---       #752
      00FF0700H   LINE      CODE     ---       #753
      ---         BLOCKEND  ---      ---       LVL=0

      00FF0A20H   BLOCK     CODE     ---       LVL=0
      R15         REGSYM    ---      BYTE      dat
      00FF0A24H   BLOCK     CODE     NEAR LAB  LVL=1
      R14         REGSYM    ---      BYTE      bits_written
      ---         BLOCKEND  ---      ---       LVL=1
      00FF0A20H   LINE      CODE     ---       #755
      00FF0A24H   LINE      CODE     ---       #756
L251 LINKER/LOCATER V4.66.93.0                                                        10/26/2024  17:51:15  PAGE 13


      00FF0A24H   LINE      CODE     ---       #759
      00FF0A26H   LINE      CODE     ---       #760
      00FF0A2DH   LINE      CODE     ---       #763
      00FF0A2FH   LINE      CODE     ---       #764
      00FF0A31H   LINE      CODE     ---       #765
      00FF0A36H   LINE      CODE     ---       #766
      00FF0A38H   LINE      CODE     ---       #767
      00FF0A3AH   LINE      CODE     ---       #769
      00FF0A3CH   LINE      CODE     ---       #770
      00FF0A3CH   LINE      CODE     ---       #771
      00FF0A3EH   LINE      CODE     ---       #772
      00FF0A40H   LINE      CODE     ---       #773
      00FF0A47H   LINE      CODE     ---       #774
      00FF0A4CH   LINE      CODE     ---       #777
      00FF0A4EH   LINE      CODE     ---       #785
      ---         BLOCKEND  ---      ---       LVL=0

      00FF09A1H   BLOCK     CODE     ---       LVL=0
      REG=3       REGSYM    ---      ---       dat
      FFFFFFFDH   STKSYM    ---      INT       len
      00FF09A9H   BLOCK     CODE     NEAR LAB  LVL=1
      FFFFFFFFH   STKSYM    ---      INT       i
      ---         BLOCKEND  ---      ---       LVL=1
      00FF09A1H   LINE      CODE     ---       #787
      00FF09A9H   LINE      CODE     ---       #788
      00FF09A9H   LINE      CODE     ---       #790
      00FF09B1H   LINE      CODE     ---       #791
      00FF09BFH   LINE      CODE     ---       #793
      00FF09C6H   LINE      CODE     ---       #794
      00FF09DCH   LINE      CODE     ---       #795
      ---         BLOCKEND  ---      ---       LVL=0

      00FF07C8H   BLOCK     CODE     ---       LVL=0
      00FF07CAH   BLOCK     CODE     NEAR LAB  LVL=1
      DR12        REGSYM    ---      DWORD     i
      ---         BLOCKEND  ---      ---       LVL=1
      00FF07C8H   LINE      CODE     ---       #797
      00FF07CAH   LINE      CODE     ---       #798
      00FF07CAH   LINE      CODE     ---       #800
      00FF07D0H   LINE      CODE     ---       #801
      00FF07D5H   LINE      CODE     ---       #802
      00FF07E5H   LINE      CODE     ---       #804
      00FF07E8H   LINE      CODE     ---       #806
      00FF07EDH   LINE      CODE     ---       #807
      00FF07F5H   LINE      CODE     ---       #808
      00FF07F5H   LINE      CODE     ---       #809
      00FF07F5H   LINE      CODE     ---       #811
      00FF07FBH   LINE      CODE     ---       #812
      00FF0807H   LINE      CODE     ---       #813
      00FF0807H   LINE      CODE     ---       #814
      00FF0807H   LINE      CODE     ---       #815
      00FF0818H   LINE      CODE     ---       #816
      00FF0822H   LINE      CODE     ---       #817
      00FF0824H   LINE      CODE     ---       #818
      00FF0848H   LINE      CODE     ---       #820
      00FF084EH   LINE      CODE     ---       #822
      00FF0850H   LINE      CODE     ---       #823
      00FF0850H   LINE      CODE     ---       #824
      00FF0861H   LINE      CODE     ---       #825
      00FF0867H   LINE      CODE     ---       #826
      00FF0873H   LINE      CODE     ---       #828
      00FF0873H   LINE      CODE     ---       #830
      00FF0873H   LINE      CODE     ---       #831
      00FF087EH   LINE      CODE     ---       #832
      00FF0884H   LINE      CODE     ---       #833
L251 LINKER/LOCATER V4.66.93.0                                                        10/26/2024  17:51:15  PAGE 14


      00FF0887H   LINE      CODE     ---       #834
      ---         BLOCKEND  ---      ---       LVL=0

      00FF094CH   BLOCK     CODE     ---       LVL=0
      00FF094CH   LINE      CODE     ---       #838
      00FF094CH   LINE      CODE     ---       #840
      00FF0967H   LINE      CODE     ---       #841
      00FF0970H   LINE      CODE     ---       #842
      00FF097FH   LINE      CODE     ---       #843
      00FF097FH   LINE      CODE     ---       #844
      00FF097FH   LINE      CODE     ---       #845
      00FF0985H   LINE      CODE     ---       #846
      00FF09A0H   LINE      CODE     ---       #847
      ---         BLOCKEND  ---      ---       LVL=0

      00FF04E7H   BLOCK     CODE     ---       LVL=0
      00FF04E9H   BLOCK     CODE     NEAR LAB  LVL=1
      WR14        REGSYM    ---      INT       i
      ---         BLOCKEND  ---      ---       LVL=1
      00FF04E7H   LINE      CODE     ---       #851
      00FF04E9H   LINE      CODE     ---       #852
      00FF04E9H   LINE      CODE     ---       #854
      00FF050FH   LINE      CODE     ---       #856
      00FF0516H   LINE      CODE     ---       #858
      00FF051AH   LINE      CODE     ---       #859
      00FF051FH   LINE      CODE     ---       #860
      00FF0529H   LINE      CODE     ---       #861
      00FF0529H   LINE      CODE     ---       #862
      00FF0529H   LINE      CODE     ---       #864
      00FF0530H   LINE      CODE     ---       #865
      00FF0538H   LINE      CODE     ---       #866
      00FF0542H   LINE      CODE     ---       #869
      00FF0545H   LINE      CODE     ---       #870
      00FF0545H   LINE      CODE     ---       #876
      00FF056BH   LINE      CODE     ---       #878
      00FF0572H   LINE      CODE     ---       #880
      00FF0576H   LINE      CODE     ---       #881
      00FF057BH   LINE      CODE     ---       #882
      00FF0585H   LINE      CODE     ---       #883
      00FF0585H   LINE      CODE     ---       #885
      00FF0585H   LINE      CODE     ---       #886
      00FF058CH   LINE      CODE     ---       #887
      00FF0594H   LINE      CODE     ---       #888
      00FF059CH   LINE      CODE     ---       #889
      00FF059CH   LINE      CODE     ---       #890
      00FF059CH   LINE      CODE     ---       #892
      00FF05A2H   LINE      CODE     ---       #894
      00FF05C8H   LINE      CODE     ---       #896
      00FF05CFH   LINE      CODE     ---       #898
      00FF05D3H   LINE      CODE     ---       #899
      00FF05D8H   LINE      CODE     ---       #900
      00FF05E2H   LINE      CODE     ---       #901
      00FF05E2H   LINE      CODE     ---       #903
      00FF05E9H   LINE      CODE     ---       #904
      00FF05F1H   LINE      CODE     ---       #905
      00FF05F9H   LINE      CODE     ---       #906
      00FF05F9H   LINE      CODE     ---       #907
      00FF05F9H   LINE      CODE     ---       #909
      00FF0603H   LINE      CODE     ---       #910
      00FF0606H   LINE      CODE     ---       #911
      ---         BLOCKEND  ---      ---       LVL=0

      00FF036BH   BLOCK     CODE     ---       LVL=0
      00010202H   SYMBOL    XDATA    ---       MEMPOOL
      00FF036BH   LINE      CODE     ---       #948
L251 LINKER/LOCATER V4.66.93.0                                                        10/26/2024  17:51:15  PAGE 15


      00FF036BH   LINE      CODE     ---       #949
      00FF036BH   LINE      CODE     ---       #953
      00FF037AH   LINE      CODE     ---       #955
      00FF0417H   LINE      CODE     ---       #956
      00FF0474H   LINE      CODE     ---       #957
      00FF04A6H   LINE      CODE     ---       #959
      00FF04A9H   LINE      CODE     ---       #968
      00FF04ACH   LINE      CODE     ---       #970
      00FF04D2H   LINE      CODE     ---       #977
      00FF04D5H   LINE      CODE     ---       #980
      00FF04D5H   LINE      CODE     ---       #981
      00FF04D8H   LINE      CODE     ---       #982
      00FF04E2H   LINE      CODE     ---       #983
      00FF04E5H   LINE      CODE     ---       #984
      ---         BLOCKEND  ---      ---       LVL=0

      ---         MODULE    ---      ---       eeprom
      00FF0703H   PUBLIC    CODE     ---       save_flash_nolib?_
      00FF0BC2H   PUBLIC    CODE     ---       read_flash_bin?_
      000000D0H   SFRSYM    DATA     BYTE      PSW
      0000009DH   SFRSYM    DATA     BYTE      IRCBAND
      00000097H   SFRSYM    DATA     BYTE      AUXR2
      000000C6H   SFRSYM    DATA     BYTE      IAP_TRIG
      000000C7H.7 SFRSYM    DATA     BIT       IAPEN
      000000EFH   SFRSYM    DATA     BYTE      AUXINTIF
      000000FDH   SFRSYM    DATA     BYTE      S4CON
      000000ACH   SFRSYM    DATA     BYTE      S3CON
      0000009AH   SFRSYM    DATA     BYTE      S2CON
      000000B7H   SFRSYM    DATA     BYTE      IPH
      000000CDH   SFRSYM    DATA     BYTE      SPSTAT
      000000DDH   SFRSYM    DATA     BYTE      T4T3M
      000000C1H   SFRSYM    DATA     BYTE      WDT_CONTR
      000000C2H   SFRSYM    DATA     BYTE      IAP_DATA
      000000C7H.4 SFRSYM    DATA     BIT       CMD_FAIL
      000000DFH   SFRSYM    DATA     BYTE      IP3
      000000F4H   SFRSYM    DATA     BYTE      USBCON
      000000B5H   SFRSYM    DATA     BYTE      IP2
      000000FFH   SFRSYM    DATA     BYTE      RSTCFG
      000000C7H   SFRSYM    DATA     BYTE      IAP_CONTR
      0000008EH   SFRSYM    DATA     BYTE      AUXR
      000000AFH   SFRSYM    DATA     BYTE      IE2
      00000088H   SFRSYM    DATA     BYTE      TCON
      00000089H   SFRSYM    DATA     BYTE      TMOD
      00000098H   SFRSYM    DATA     BYTE      SCON
      00000087H   SFRSYM    DATA     BYTE      PCON
      000000BCH   SFRSYM    DATA     BYTE      ADC_CONTR
      000000D1H   SFRSYM    DATA     BYTE      PSW1
      000000E7H   SFRSYM    DATA     BYTE      CMPCR2
      000000E6H   SFRSYM    DATA     BYTE      CMPCR1
      000000C4H   SFRSYM    DATA     BYTE      IAP_ADDRL
      000000C3H   SFRSYM    DATA     BYTE      IAP_ADDRH
      000000F6H   SFRSYM    DATA     BYTE      IAP_ADDRE
      000000DEH   SFRSYM    DATA     BYTE      ADCCFG
      000000B8H   SFRSYM    DATA     BYTE      IP
      0000008FH   SFRSYM    DATA     BYTE      INTCLKO
      000000EEH   SFRSYM    DATA     BYTE      IP3H
      000000B6H   SFRSYM    DATA     BYTE      IP2H
      000000C5H   SFRSYM    DATA     BYTE      IAP_CMD
      000000BFH   SFRSYM    DATA     BYTE      P_SW4
      000000A8H   SFRSYM    DATA     BYTE      IE
      000000BBH   SFRSYM    DATA     BYTE      P_SW3
      000000BAH   SFRSYM    DATA     BYTE      P_SW2
      000000A2H   SFRSYM    DATA     BYTE      P_SW1
      000000CEH   SFRSYM    DATA     BYTE      SPCTL
      000000F8H   SFRSYM    DATA     BYTE      P7
L251 LINKER/LOCATER V4.66.93.0                                                        10/26/2024  17:51:15  PAGE 16


      000000E8H   SFRSYM    DATA     BYTE      P6
      000000C8H   SFRSYM    DATA     BYTE      P5
      000000C0H   SFRSYM    DATA     BYTE      P4
      000000ABH   SFRSYM    DATA     BYTE      WKTCH
      000000B0H   SFRSYM    DATA     BYTE      P3
      000000A0H   SFRSYM    DATA     BYTE      P2
      00000090H   SFRSYM    DATA     BYTE      P1
      00000080H   SFRSYM    DATA     BYTE      P0

      00FF0703H   BLOCK     CODE     ---       LVL=0
      REG=6       REGSYM    ---      ---       dat
      DR28        REGSYM    ---      DWORD     length
      FFFFFFFBH   STKSYM    ---      DWORD     add
      00FF0707H   BLOCK     CODE     NEAR LAB  LVL=1
      DR4         REGSYM    ---      DWORD     i
      ---         BLOCKEND  ---      ---       LVL=1
      00FF0703H   LINE      CODE     ---       #17
      00FF0707H   LINE      CODE     ---       #18
      00FF0707H   LINE      CODE     ---       #21
      00FF070AH   LINE      CODE     ---       #24
      00FF0718H   LINE      CODE     ---       #25
      00FF071BH   LINE      CODE     ---       #27
      00FF071EH   LINE      CODE     ---       #29
      00FF072AH   LINE      CODE     ---       #30
      00FF0736H   LINE      CODE     ---       #31
      00FF0740H   LINE      CODE     ---       #33
      00FF0743H   LINE      CODE     ---       #34
      00FF0746H   LINE      CODE     ---       #35
      00FF0747H   LINE      CODE     ---       #36
      00FF0748H   LINE      CODE     ---       #37
      00FF0749H   LINE      CODE     ---       #38
      00FF074AH   LINE      CODE     ---       #40
      00FF074EH   LINE      CODE     ---       #41
      00FF074EH   LINE      CODE     ---       #43
      00FF0751H   LINE      CODE     ---       #45
      00FF0755H   LINE      CODE     ---       #47
      00FF0758H   LINE      CODE     ---       #49
      00FF0766H   LINE      CODE     ---       #50
      00FF0774H   LINE      CODE     ---       #51
      00FF0780H   LINE      CODE     ---       #52
      00FF078BH   LINE      CODE     ---       #54
      00FF078EH   LINE      CODE     ---       #55
      00FF0791H   LINE      CODE     ---       #56
      00FF0792H   LINE      CODE     ---       #57
      00FF0793H   LINE      CODE     ---       #58
      00FF0794H   LINE      CODE     ---       #59
      00FF0795H   LINE      CODE     ---       #61
      00FF0799H   LINE      CODE     ---       #62
      00FF079FH   LINE      CODE     ---       #64
      00FF07AEH   LINE      CODE     ---       #66
      00FF07C7H   LINE      CODE     ---       #67
      ---         BLOCKEND  ---      ---       LVL=0

      00FF0BC2H   BLOCK     CODE     ---       LVL=0
      REG=7       REGSYM    ---      ---       dat
      DR8         REGSYM    ---      DWORD     add
      FFFFFFFDH   STKSYM    ---      INT       out_buff_len
      00FF0BC2H   LINE      CODE     ---       #69
      00FF0BC6H   LINE      CODE     ---       #71
      00FF0BD5H   LINE      CODE     ---       #72
      ---         BLOCKEND  ---      ---       LVL=0

      ---         MODULE    ---      ---       AI8051U_32_TFPU
      00FF0C2DH   PUBLIC    CODE     ---       ?C?CASTF
      00FF0C33H   PUBLIC    CODE     ---       ?C?FCASTC
L251 LINKER/LOCATER V4.66.93.0                                                        10/26/2024  17:51:15  PAGE 17


      00FF0C39H   PUBLIC    CODE     ---       ?C?FCASTI
      00FF0C87H   PUBLIC    CODE     ---       ?C?FCASTL
      00FF0C63H   PUBLIC    CODE     ---       ?C?FPADD
      00FF0C0DH   PUBLIC    CODE     ---       ?C?FPCMP3
      00FF0C6FH   PUBLIC    CODE     ---       ?C?FPDIV
      00FF0C6BH   PUBLIC    CODE     ---       ?C?FPMUL
      00FF0C19H   PUBLIC    CODE     ---       ?C?FPNEG
      00FF0C67H   PUBLIC    CODE     ---       ?C?FPSUB
      00FF0C83H   PUBLIC    CODE     ---       ATAN?_
      00FF0C7BH   PUBLIC    CODE     ---       COS?_
      00FF0C20H   PUBLIC    CODE     ---       FABS?_
      00FF0C8BH   PUBLIC    CODE     ---       FCLEX
      00FF0C8FH   PUBLIC    CODE     ---       FINIT
      00FF0C4BH   PUBLIC    CODE     ---       FPCRR
      00FF0C51H   PUBLIC    CODE     ---       FPCRW
      00FF0C3FH   PUBLIC    CODE     ---       FPSRR
      00FF0C45H   PUBLIC    CODE     ---       FPSRW
      00FF0C27H   PUBLIC    CODE     ---       FXAM
      00FF0C77H   PUBLIC    CODE     ---       SIN?_
      00FF0C73H   PUBLIC    CODE     ---       SQRT?_
      00FF0C7FH   PUBLIC    CODE     ---       TAN?_
      000000E0H   SFRSYM    DATA     BYTE      ACC
      000000EDH   SFRSYM    DATA     BYTE      DMAIR
      00000083H   SFRSYM    DATA     BYTE      DPH
      00000082H   SFRSYM    DATA     BYTE      DPL
      0000001CH   SYMBOL    NUMBER   ---       DMA_FPADD
      00000030H   SYMBOL    NUMBER   ---       DMA_FPATAN
      00000027H   SYMBOL    NUMBER   ---       DMA_FPCLD
      00000032H   SYMBOL    NUMBER   ---       DMA_FPCLEX
      00000021H   SYMBOL    NUMBER   ---       DMA_FPCMP
      0000002EH   SYMBOL    NUMBER   ---       DMA_FPCOS
      00000035H   SYMBOL    NUMBER   ---       DMA_FPCRR
      00000036H   SYMBOL    NUMBER   ---       DMA_FPCRW
      00000023H   SYMBOL    NUMBER   ---       DMA_FPCST
      0000001FH   SYMBOL    NUMBER   ---       DMA_FPDIV
      00000028H   SYMBOL    NUMBER   ---       DMA_FPILD
      00000031H   SYMBOL    NUMBER   ---       DMA_FPINIT
      00000024H   SYMBOL    NUMBER   ---       DMA_FPIST
      00000029H   SYMBOL    NUMBER   ---       DMA_FPLLD
      00000025H   SYMBOL    NUMBER   ---       DMA_FPLST
      0000001EH   SYMBOL    NUMBER   ---       DMA_FPMUL
      0000002DH   SYMBOL    NUMBER   ---       DMA_FPSIN
      00000020H   SYMBOL    NUMBER   ---       DMA_FPSQRT
      00000033H   SYMBOL    NUMBER   ---       DMA_FPSRR
      00000034H   SYMBOL    NUMBER   ---       DMA_FPSRW
      0000001DH   SYMBOL    NUMBER   ---       DMA_FPSUB
      0000002FH   SYMBOL    NUMBER   ---       DMA_FPTAN
      00000022H   SYMBOL    NUMBER   ---       DMA_FPXAM
      00000001H   SYMBOL    NUMBER   ---       FP_CONV_EN
      00000001H   SYMBOL    NUMBER   ---       FP_REGS_EN
      00000001H   SYMBOL    NUMBER   ---       FP_TRIG_EN

      00FF0C63H   BLOCK     CODE     NEAR LAB  LVL=0
      00FF0C63H   LINE      CODE     ---       #71
      00FF0C66H   LINE      CODE     ---       #72
      ---         BLOCKEND  ---      ---       LVL=0

      00FF0C67H   BLOCK     CODE     NEAR LAB  LVL=0
      00FF0C67H   LINE      CODE     ---       #81
      00FF0C6AH   LINE      CODE     ---       #82
      ---         BLOCKEND  ---      ---       LVL=0

      00FF0C6BH   BLOCK     CODE     NEAR LAB  LVL=0
      00FF0C6BH   LINE      CODE     ---       #91
      00FF0C6EH   LINE      CODE     ---       #92
L251 LINKER/LOCATER V4.66.93.0                                                        10/26/2024  17:51:15  PAGE 18


      ---         BLOCKEND  ---      ---       LVL=0

      00FF0C6FH   BLOCK     CODE     NEAR LAB  LVL=0
      00FF0C6FH   LINE      CODE     ---       #101
      00FF0C72H   LINE      CODE     ---       #102
      ---         BLOCKEND  ---      ---       LVL=0

      00FF0C73H   BLOCK     CODE     NEAR LAB  LVL=0
      00FF0C73H   LINE      CODE     ---       #111
      00FF0C76H   LINE      CODE     ---       #112
      ---         BLOCKEND  ---      ---       LVL=0

      00FF0C0DH   BLOCK     CODE     NEAR LAB  LVL=0
      00FF0C0DH   LINE      CODE     ---       #122
      00FF0C10H   LINE      CODE     ---       #123
      00FF0C12H   LINE      CODE     ---       #124
      00FF0C14H   LINE      CODE     ---       #125
      00FF0C16H   LINE      CODE     ---       #126
      00FF0C18H   LINE      CODE     ---       #127
      ---         BLOCKEND  ---      ---       LVL=0

      00FF0C27H   BLOCK     CODE     NEAR LAB  LVL=0
      00FF0C27H   LINE      CODE     ---       #136
      00FF0C2AH   LINE      CODE     ---       #137
      00FF0C2CH   LINE      CODE     ---       #138
      ---         BLOCKEND  ---      ---       LVL=0

      00FF0C19H   BLOCK     CODE     NEAR LAB  LVL=0
      00FF0C19H   LINE      CODE     ---       #147
      00FF0C1BH   LINE      CODE     ---       #148
      00FF0C1DH   LINE      CODE     ---       #149
      00FF0C1FH   LINE      CODE     ---       #150
      ---         BLOCKEND  ---      ---       LVL=0

      00FF0C20H   BLOCK     CODE     NEAR LAB  LVL=0
      00FF0C20H   LINE      CODE     ---       #159
      00FF0C22H   LINE      CODE     ---       #160
      00FF0C24H   LINE      CODE     ---       #161
      00FF0C26H   LINE      CODE     ---       #162
      ---         BLOCKEND  ---      ---       LVL=0

      00FF0C77H   BLOCK     CODE     NEAR LAB  LVL=0
      00FF0C77H   LINE      CODE     ---       #174
      00FF0C7AH   LINE      CODE     ---       #175
      ---         BLOCKEND  ---      ---       LVL=0

      00FF0C7BH   BLOCK     CODE     NEAR LAB  LVL=0
      00FF0C7BH   LINE      CODE     ---       #184
      00FF0C7EH   LINE      CODE     ---       #185
      ---         BLOCKEND  ---      ---       LVL=0

      00FF0C7FH   BLOCK     CODE     NEAR LAB  LVL=0
      00FF0C7FH   LINE      CODE     ---       #194
      00FF0C82H   LINE      CODE     ---       #195
      ---         BLOCKEND  ---      ---       LVL=0

      00FF0C83H   BLOCK     CODE     NEAR LAB  LVL=0
      00FF0C83H   LINE      CODE     ---       #204
      00FF0C86H   LINE      CODE     ---       #205
      ---         BLOCKEND  ---      ---       LVL=0

      00FF0C2DH   BLOCK     CODE     NEAR LAB  LVL=0
      00FF0C2DH   LINE      CODE     ---       #220
      00FF0C30H   LINE      CODE     ---       #221
      00FF0C32H   LINE      CODE     ---       #222
L251 LINKER/LOCATER V4.66.93.0                                                        10/26/2024  17:51:15  PAGE 19


      ---         BLOCKEND  ---      ---       LVL=0

      00FF0C33H   BLOCK     CODE     NEAR LAB  LVL=0
      00FF0C33H   LINE      CODE     ---       #231
      00FF0C35H   LINE      CODE     ---       #232
      00FF0C38H   LINE      CODE     ---       #233
      ---         BLOCKEND  ---      ---       LVL=0

      00FF0C39H   BLOCK     CODE     NEAR LAB  LVL=0
      00FF0C39H   LINE      CODE     ---       #242
      00FF0C3BH   LINE      CODE     ---       #243
      00FF0C3EH   LINE      CODE     ---       #244
      ---         BLOCKEND  ---      ---       LVL=0

      00FF0C87H   BLOCK     CODE     NEAR LAB  LVL=0
      00FF0C87H   LINE      CODE     ---       #253
      00FF0C8AH   LINE      CODE     ---       #254
      ---         BLOCKEND  ---      ---       LVL=0

      00FF0C8BH   BLOCK     CODE     NEAR LAB  LVL=0
      00FF0C8BH   LINE      CODE     ---       #270
      00FF0C8EH   LINE      CODE     ---       #271
      ---         BLOCKEND  ---      ---       LVL=0

      00FF0C8FH   BLOCK     CODE     NEAR LAB  LVL=0
      00FF0C8FH   LINE      CODE     ---       #280
      00FF0C92H   LINE      CODE     ---       #281
      ---         BLOCKEND  ---      ---       LVL=0

      00FF0C3FH   BLOCK     CODE     NEAR LAB  LVL=0
      00FF0C3FH   LINE      CODE     ---       #290
      00FF0C42H   LINE      CODE     ---       #291
      00FF0C44H   LINE      CODE     ---       #292
      ---         BLOCKEND  ---      ---       LVL=0

      00FF0C45H   BLOCK     CODE     NEAR LAB  LVL=0
      00FF0C45H   LINE      CODE     ---       #301
      00FF0C47H   LINE      CODE     ---       #302
      00FF0C4AH   LINE      CODE     ---       #303
      ---         BLOCKEND  ---      ---       LVL=0

      00FF0C4BH   BLOCK     CODE     NEAR LAB  LVL=0
      00FF0C4BH   LINE      CODE     ---       #312
      00FF0C4EH   LINE      CODE     ---       #313
      00FF0C50H   LINE      CODE     ---       #314
      ---         BLOCKEND  ---      ---       LVL=0

      00FF0C51H   BLOCK     CODE     NEAR LAB  LVL=0
      00FF0C51H   LINE      CODE     ---       #323
      00FF0C53H   LINE      CODE     ---       #324
      00FF0C56H   LINE      CODE     ---       #325
      ---         BLOCKEND  ---      ---       LVL=0

      ---         MODULE    ---      ---       AI8051U_32_MDU32
      00FF0C57H   PUBLIC    CODE     ---       ?C?LIMUL
      00FF0C93H   PUBLIC    CODE     ---       ?C?LMUL
      00FF0C9BH   PUBLIC    CODE     ---       ?C?SLDIV
      00FF0C97H   PUBLIC    CODE     ---       ?C?ULDIV
      00FF0C5DH   PUBLIC    CODE     ---       ?C?ULIDIV
      000000EDH   SFRSYM    DATA     BYTE      DMAIR
      00000002H   SYMBOL    NUMBER   ---       DMA_LMUL
      00000006H   SYMBOL    NUMBER   ---       DMA_SLDIV
      00000004H   SYMBOL    NUMBER   ---       DMA_ULDIV

      00FF0C93H   BLOCK     CODE     NEAR LAB  LVL=0
L251 LINKER/LOCATER V4.66.93.0                                                        10/26/2024  17:51:15  PAGE 20


      00FF0C93H   LINE      CODE     ---       #20
      00FF0C96H   LINE      CODE     ---       #21
      ---         BLOCKEND  ---      ---       LVL=0

      00FF0C57H   BLOCK     CODE     NEAR LAB  LVL=0
      00FF0C57H   LINE      CODE     ---       #30
      00FF0C59H   LINE      CODE     ---       #31
      00FF0C5CH   LINE      CODE     ---       #32
      ---         BLOCKEND  ---      ---       LVL=0

      00FF0C97H   BLOCK     CODE     NEAR LAB  LVL=0
      00FF0C97H   LINE      CODE     ---       #41
      00FF0C9AH   LINE      CODE     ---       #42
      ---         BLOCKEND  ---      ---       LVL=0

      00FF0C5DH   BLOCK     CODE     NEAR LAB  LVL=0
      00FF0C5DH   LINE      CODE     ---       #51
      00FF0C5FH   LINE      CODE     ---       #52
      00FF0C62H   LINE      CODE     ---       #53
      ---         BLOCKEND  ---      ---       LVL=0

      00FF0C9BH   BLOCK     CODE     NEAR LAB  LVL=0
      00FF0C9BH   LINE      CODE     ---       #62
      00FF0C9EH   LINE      CODE     ---       #63
      ---         BLOCKEND  ---      ---       LVL=0

      ---         MODULE    ---      ---       ?C_START
      00FF0000H   PUBLIC    CODE     ---       ?C?STARTUP
      00FF0000H   PUBLIC    CODE     ---       ?C_STARTUP

      ---         MODULE    ---      ---       memcmp
      00FF0AB1H   PUBLIC    CODE     ---       memcmp?_

      ---         MODULE    ---      ---       memcpy
      00FF0B34H   PUBLIC    CODE     ---       memcpy?_

      ---         MODULE    ---      ---       memset
      00FF0B7CH   PUBLIC    CODE     ---       memset?_

      ---         MODULE    ---      ---       malloc
      00FF08F3H   PUBLIC    CODE     ---       malloc

      ---         MODULE    ---      ---       init_mem
      00FF0B0DH   PUBLIC    CODE     ---       init_mempool

      ---         MODULE    ---      ---       mdefine
      00000125H   PUBLIC    HDATA    ---       __mp__



*** WARNING L16: UNCALLED SEGMENT, IGNORED FOR OVERLAY PROCESS
    NAME:    FPADD/AI8051U_32_TFPU

*** WARNING L16: UNCALLED SEGMENT, IGNORED FOR OVERLAY PROCESS
    NAME:    FPSUB/AI8051U_32_TFPU

*** WARNING L16: UNCALLED SEGMENT, IGNORED FOR OVERLAY PROCESS
    NAME:    FPMUL/AI8051U_32_TFPU

*** WARNING L16: UNCALLED SEGMENT, IGNORED FOR OVERLAY PROCESS
    NAME:    FPDIV/AI8051U_32_TFPU

*** WARNING L16: UNCALLED SEGMENT, IGNORED FOR OVERLAY PROCESS
    NAME:    SQRT/AI8051U_32_TFPU

L251 LINKER/LOCATER V4.66.93.0                                                        10/26/2024  17:51:15  PAGE 21


*** WARNING L16: UNCALLED SEGMENT, IGNORED FOR OVERLAY PROCESS
    NAME:    FPCMP/AI8051U_32_TFPU

*** WARNING L16: UNCALLED SEGMENT, IGNORED FOR OVERLAY PROCESS
    NAME:    FXAM/AI8051U_32_TFPU

*** WARNING L16: UNCALLED SEGMENT, IGNORED FOR OVERLAY PROCESS
    NAME:    FCHS/AI8051U_32_TFPU

*** WARNING L16: UNCALLED SEGMENT, IGNORED FOR OVERLAY PROCESS
    NAME:    FABS/AI8051U_32_TFPU

*** WARNING L16: UNCALLED SEGMENT, IGNORED FOR OVERLAY PROCESS
    NAME:    SIN/AI8051U_32_TFPU

*** WARNING L16: UNCALLED SEGMENT, IGNORED FOR OVERLAY PROCESS
    NAME:    COS/AI8051U_32_TFPU

*** WARNING L16: UNCALLED SEGMENT, IGNORED FOR OVERLAY PROCESS
    NAME:    TAN/AI8051U_32_TFPU

*** WARNING L16: UNCALLED SEGMENT, IGNORED FOR OVERLAY PROCESS
    NAME:    ATAN/AI8051U_32_TFPU

*** WARNING L16: UNCALLED SEGMENT, IGNORED FOR OVERLAY PROCESS
    NAME:    CASTF/AI8051U_32_TFPU

*** WARNING L16: UNCALLED SEGMENT, IGNORED FOR OVERLAY PROCESS
    NAME:    FCASTC/AI8051U_32_TFPU

*** WARNING L16: UNCALLED SEGMENT, IGNORED FOR OVERLAY PROCESS
    NAME:    FCASTI/AI8051U_32_TFPU

*** WARNING L16: UNCALLED SEGMENT, IGNORED FOR OVERLAY PROCESS
    NAME:    FCASTL/AI8051U_32_TFPU

*** WARNING L16: UNCALLED SEGMENT, IGNORED FOR OVERLAY PROCESS
    NAME:    FCLEX/AI8051U_32_TFPU

*** WARNING L16: UNCALLED SEGMENT, IGNORED FOR OVERLAY PROCESS
    NAME:    FINIT/AI8051U_32_TFPU

*** WARNING L16: UNCALLED SEGMENT, IGNORED FOR OVERLAY PROCESS
    NAME:    FPSRR/AI8051U_32_TFPU

*** WARNING L16: UNCALLED SEGMENT, IGNORED FOR OVERLAY PROCESS
    NAME:    FPSRW/AI8051U_32_TFPU

*** WARNING L16: UNCALLED SEGMENT, IGNORED FOR OVERLAY PROCESS
    NAME:    FPCRR/AI8051U_32_TFPU

*** WARNING L16: UNCALLED SEGMENT, IGNORED FOR OVERLAY PROCESS
    NAME:    FPCRW/AI8051U_32_TFPU

*** WARNING L16: UNCALLED SEGMENT, IGNORED FOR OVERLAY PROCESS
    NAME:    LMUL/AI8051U_32_MDU32

*** WARNING L16: UNCALLED SEGMENT, IGNORED FOR OVERLAY PROCESS
    NAME:    LIMUL/AI8051U_32_MDU32

*** WARNING L16: UNCALLED SEGMENT, IGNORED FOR OVERLAY PROCESS
    NAME:    ULDIV/AI8051U_32_MDU32

*** WARNING L16: UNCALLED SEGMENT, IGNORED FOR OVERLAY PROCESS
    NAME:    ULIDIV/AI8051U_32_MDU32
L251 LINKER/LOCATER V4.66.93.0                                                        10/26/2024  17:51:15  PAGE 22



*** WARNING L16: UNCALLED SEGMENT, IGNORED FOR OVERLAY PROCESS
    NAME:    SLDIV/AI8051U_32_MDU32

Program Size: data=8.0 edata+hdata=289 xdata=1538 const=17 code=3231
L251 RUN COMPLETE.  28 WARNING(S),  0 ERROR(S)
