L251 LINKER/LOCATER V4.66.93.0                                                          12/22/2024  10:21:50  PAGE 1


L251 LINKER/LOCATER V4.66.93.0, INVOKED BY:
D:\COMPILER\KEIL_V5\C251\BIN\L251.EXE .\Objects\isr.obj, .\Objects\main.obj, .\Objects\eeprom.obj, .\MCU\8051U\Lib\AI805
>> 1U_32_TFPU.LIB (AI8051U_32_TFPU), .\MCU\8051U\Lib\AI8051U_32_MDU32.LIB (AI8051U_32_MDU32) TO .\Objects\AM32_Bootloade
>> r_AI8051U PRINT (.\Listings\AM32_Bootloader_AI8051U.map) CASE CLASSES (EDATA (0X0-0X7FF), HDATA (0X0-0X7FF))


CPU MODE:     251 SOURCE MODE
MEMORY MODEL: XSMALL


INPUT MODULES INCLUDED:
  .\Objects\isr.obj (isr)
         COMMENT TYPE 0: A251 V4.69.13.0
  .\Objects\main.obj (main)
         COMMENT TYPE 0: C251 V5.04b
  .\Objects\eeprom.obj (eeprom)
         COMMENT TYPE 0: C251 V5.04b
  .\MCU\8051U\Lib\AI8051U_32_TFPU.LIB (AI8051U_32_TFPU)
         COMMENT TYPE 0: A251 V4.69.13.0
  .\MCU\8051U\Lib\AI8051U_32_MDU32.LIB (AI8051U_32_MDU32)
         COMMENT TYPE 0: A251 V4.69.13.0
  D:\COMPILER\KEIL_V5\C251\LIB\C2SXS.LIB (?C_START)
         COMMENT TYPE 0: A251 V4.69.6.0
  D:\COMPILER\KEIL_V5\C251\LIB\C2SXS.LIB (memcmp)
         COMMENT TYPE 0: C251 V5.58.7
  D:\COMPILER\KEIL_V5\C251\LIB\C2SXS.LIB (memcpy)
         COMMENT TYPE 0: C251 V5.58.7
  D:\COMPILER\KEIL_V5\C251\LIB\C2SXS.LIB (memset)
         COMMENT TYPE 0: C251 V5.58.7
  D:\COMPILER\KEIL_V5\C251\LIB\C2SXS.LIB (malloc)
         COMMENT TYPE 0: C251 V5.58.7
  D:\COMPILER\KEIL_V5\C251\LIB\C2SXS.LIB (init_mem)
         COMMENT TYPE 0: C251 V5.58.7
  D:\COMPILER\KEIL_V5\C251\LIB\C2SXS.LIB (mdefine)
         COMMENT TYPE 0: C251 V5.58.7


ACTIVE MEMORY CLASSES OF MODULE:  .\Objects\AM32_Bootloader_AI8051U (isr)

BASE        START       END         USED      MEMORY CLASS
==========================================================
000000H     000000H     0007FFH     00011DH   EDATA
000000H     000000H     0007FFH     000004H   HDATA
FF0000H     FF0000H     FFFFFFH     000CA0H   CODE
000000H     FF0000H     FFFFFFH     000011H   HCONST
010000H     010000H     01FFFFH     000602H   XDATA
000000H     000000H     00007FH     000008H   DATA


MEMORY MAP OF MODULE:  .\Objects\AM32_Bootloader_AI8051U (isr)


START     STOP      LENGTH    ALIGN  RELOC    MEMORY CLASS   SEGMENT NAME
=========================================================================
000000H   000007H   000008H   ---    AT..     DATA           "REG BANK 0"
000008H   000024H   00001DH   BYTE   UNIT     EDATA          ?ED?MAIN
000025H   000124H   000100H   BYTE   UNIT     EDATA          ?STACK
000125H   000128H   000004H   BYTE   INSEG    HDATA          ?FD?MDEFINE
000129H   00FFFFH   00FED7H   ---    ---      **GAP**
010000H   010601H   000602H   BYTE   INSEG    XDATA          ?XD?MAIN
010602H   FEFFFFH   FDF9FEH   ---    ---      **GAP**
FF0000H   FF0002H   000003H   ---    OFFS..   CODE           ?CO?start251?4
FF0003H   FF0005H   000003H   ---    OFFS..   CODE           ?CO?isr?1
FF0006H   FF0009H   000004H   BYTE   UNIT     CODE           ?PR?FPADD?AI8051U_32_TFPU
FF000AH   FF000AH   000001H   ---    ---      **GAP**
FF000BH   FF000DH   000003H   ---    OFFS..   CODE           ?CO?isr?2
L251 LINKER/LOCATER V4.66.93.0                                                        12/22/2024  10:21:50  PAGE 2


FF000EH   FF0011H   000004H   BYTE   UNIT     CODE           ?PR?FPSUB?AI8051U_32_TFPU
FF0012H   FF0012H   000001H   ---    ---      **GAP**
FF0013H   FF0015H   000003H   ---    OFFS..   CODE           ?CO?isr?3
FF0016H   FF0019H   000004H   BYTE   UNIT     CODE           ?PR?FPMUL?AI8051U_32_TFPU
FF001AH   FF001AH   000001H   ---    ---      **GAP**
FF001BH   FF001DH   000003H   ---    OFFS..   CODE           ?CO?isr?4
FF001EH   FF0021H   000004H   BYTE   UNIT     CODE           ?PR?FPDIV?AI8051U_32_TFPU
FF0022H   FF0022H   000001H   ---    ---      **GAP**
FF0023H   FF0025H   000003H   ---    OFFS..   CODE           ?CO?isr?5
FF0026H   FF0029H   000004H   BYTE   UNIT     CODE           ?PR?SQRT?AI8051U_32_TFPU
FF002AH   FF002AH   000001H   ---    ---      **GAP**
FF002BH   FF002DH   000003H   ---    OFFS..   CODE           ?CO?isr?6
FF002EH   FF0031H   000004H   BYTE   UNIT     CODE           ?PR?SIN?AI8051U_32_TFPU
FF0032H   FF0032H   000001H   ---    ---      **GAP**
FF0033H   FF0035H   000003H   ---    OFFS..   CODE           ?CO?isr?7
FF0036H   FF0039H   000004H   BYTE   UNIT     CODE           ?PR?COS?AI8051U_32_TFPU
FF003AH   FF003AH   000001H   ---    ---      **GAP**
FF003BH   FF003DH   000003H   ---    OFFS..   CODE           ?CO?isr?8
FF003EH   FF0041H   000004H   BYTE   UNIT     CODE           ?PR?TAN?AI8051U_32_TFPU
FF0042H   FF0042H   000001H   ---    ---      **GAP**
FF0043H   FF0045H   000003H   ---    OFFS..   CODE           ?CO?isr?9
FF0046H   FF0049H   000004H   BYTE   UNIT     CODE           ?PR?ATAN?AI8051U_32_TFPU
FF004AH   FF004AH   000001H   ---    ---      **GAP**
FF004BH   FF004DH   000003H   ---    OFFS..   CODE           ?CO?isr?10
FF004EH   FF0051H   000004H   BYTE   UNIT     CODE           ?PR?FCASTL?AI8051U_32_TFPU
FF0052H   FF0052H   000001H   ---    ---      **GAP**
FF0053H   FF0055H   000003H   ---    OFFS..   CODE           ?CO?isr?11
FF0056H   FF0059H   000004H   BYTE   UNIT     CODE           ?PR?FCLEX?AI8051U_32_TFPU
FF005AH   FF005AH   000001H   ---    ---      **GAP**
FF005BH   FF005DH   000003H   ---    OFFS..   CODE           ?CO?isr?12
FF005EH   FF0061H   000004H   BYTE   UNIT     CODE           ?PR?FINIT?AI8051U_32_TFPU
FF0062H   FF0062H   000001H   ---    ---      **GAP**
FF0063H   FF0065H   000003H   ---    OFFS..   CODE           ?CO?isr?13
FF0066H   FF0069H   000004H   BYTE   UNIT     CODE           ?PR?LMUL?AI8051U_32_MDU32
FF006AH   FF006AH   000001H   ---    ---      **GAP**
FF006BH   FF006DH   000003H   ---    OFFS..   CODE           ?CO?isr?14
FF006EH   FF0071H   000004H   BYTE   UNIT     CODE           ?PR?ULDIV?AI8051U_32_MDU32
FF0072H   FF0072H   000001H   ---    ---      **GAP**
FF0073H   FF0075H   000003H   ---    OFFS..   CODE           ?CO?isr?15
FF0076H   FF0079H   000004H   BYTE   UNIT     CODE           ?PR?SLDIV?AI8051U_32_MDU32
FF007AH   FF007AH   000001H   ---    ---      **GAP**
FF007BH   FF007DH   000003H   ---    OFFS..   CODE           ?CO?isr?16
FF007EH   FF0082H   000005H   ---    ---      **GAP**
FF0083H   FF0085H   000003H   ---    OFFS..   CODE           ?CO?isr?17
FF0086H   FF008AH   000005H   ---    ---      **GAP**
FF008BH   FF008DH   000003H   ---    OFFS..   CODE           ?CO?isr?18
FF008EH   FF0092H   000005H   ---    ---      **GAP**
FF0093H   FF0095H   000003H   ---    OFFS..   CODE           ?CO?isr?19
FF0096H   FF009AH   000005H   ---    ---      **GAP**
FF009BH   FF009DH   000003H   ---    OFFS..   CODE           ?CO?isr?20
FF009EH   FF00A2H   000005H   ---    ---      **GAP**
FF00A3H   FF00A5H   000003H   ---    OFFS..   CODE           ?CO?isr?21
FF00A6H   FF00AAH   000005H   ---    ---      **GAP**
FF00ABH   FF00ADH   000003H   ---    OFFS..   CODE           ?CO?isr?22
FF00AEH   FF00B2H   000005H   ---    ---      **GAP**
FF00B3H   FF00B5H   000003H   ---    OFFS..   CODE           ?CO?isr?23
FF00B6H   FF00BAH   000005H   ---    ---      **GAP**
FF00BBH   FF00BDH   000003H   ---    OFFS..   CODE           ?CO?isr?24
FF00BEH   FF00C2H   000005H   ---    ---      **GAP**
FF00C3H   FF00C5H   000003H   ---    OFFS..   CODE           ?CO?isr?25
FF00C6H   FF00CAH   000005H   ---    ---      **GAP**
FF00CBH   FF00CDH   000003H   ---    OFFS..   CODE           ?CO?isr?26
FF00CEH   FF00D2H   000005H   ---    ---      **GAP**
FF00D3H   FF00D5H   000003H   ---    OFFS..   CODE           ?CO?isr?27
FF00D6H   FF00DAH   000005H   ---    ---      **GAP**
L251 LINKER/LOCATER V4.66.93.0                                                        12/22/2024  10:21:50  PAGE 3


FF00DBH   FF00DDH   000003H   ---    OFFS..   CODE           ?CO?isr?28
FF00DEH   FF00E2H   000005H   ---    ---      **GAP**
FF00E3H   FF00E5H   000003H   ---    OFFS..   CODE           ?CO?isr?29
FF00E6H   FF00EAH   000005H   ---    ---      **GAP**
FF00EBH   FF00EDH   000003H   ---    OFFS..   CODE           ?CO?isr?30
FF00EEH   FF00F2H   000005H   ---    ---      **GAP**
FF00F3H   FF00F5H   000003H   ---    OFFS..   CODE           ?CO?isr?31
FF00F6H   FF00FAH   000005H   ---    ---      **GAP**
FF00FBH   FF00FDH   000003H   ---    OFFS..   CODE           ?CO?isr?32
FF00FEH   FF0102H   000005H   ---    ---      **GAP**
FF0103H   FF0105H   000003H   ---    OFFS..   CODE           ?CO?isr?33
FF0106H   FF010AH   000005H   ---    ---      **GAP**
FF010BH   FF010DH   000003H   ---    OFFS..   CODE           ?CO?isr?34
FF010EH   FF0112H   000005H   ---    ---      **GAP**
FF0113H   FF0115H   000003H   ---    OFFS..   CODE           ?CO?isr?35
FF0116H   FF011AH   000005H   ---    ---      **GAP**
FF011BH   FF011DH   000003H   ---    OFFS..   CODE           ?CO?isr?36
FF011EH   FF0122H   000005H   ---    ---      **GAP**
FF0123H   FF0125H   000003H   ---    OFFS..   CODE           ?CO?isr?37
FF0126H   FF012AH   000005H   ---    ---      **GAP**
FF012BH   FF012DH   000003H   ---    OFFS..   CODE           ?CO?isr?38
FF012EH   FF0132H   000005H   ---    ---      **GAP**
FF0133H   FF0135H   000003H   ---    OFFS..   CODE           ?CO?isr?39
FF0136H   FF013AH   000005H   ---    ---      **GAP**
FF013BH   FF013DH   000003H   ---    OFFS..   CODE           ?CO?isr?40
FF013EH   FF0142H   000005H   ---    ---      **GAP**
FF0143H   FF0145H   000003H   ---    OFFS..   CODE           ?CO?isr?41
FF0146H   FF014AH   000005H   ---    ---      **GAP**
FF014BH   FF014DH   000003H   ---    OFFS..   CODE           ?CO?isr?42
FF014EH   FF0152H   000005H   ---    ---      **GAP**
FF0153H   FF0155H   000003H   ---    OFFS..   CODE           ?CO?isr?43
FF0156H   FF015AH   000005H   ---    ---      **GAP**
FF015BH   FF015DH   000003H   ---    OFFS..   CODE           ?CO?isr?44
FF015EH   FF0162H   000005H   ---    ---      **GAP**
FF0163H   FF0165H   000003H   ---    OFFS..   CODE           ?CO?isr?45
FF0166H   FF016AH   000005H   ---    ---      **GAP**
FF016BH   FF016DH   000003H   ---    OFFS..   CODE           ?CO?isr?46
FF016EH   FF0172H   000005H   ---    ---      **GAP**
FF0173H   FF0175H   000003H   ---    OFFS..   CODE           ?CO?isr?47
FF0176H   FF017AH   000005H   ---    ---      **GAP**
FF017BH   FF017DH   000003H   ---    OFFS..   CODE           ?CO?isr?48
FF017EH   FF0182H   000005H   ---    ---      **GAP**
FF0183H   FF0185H   000003H   ---    OFFS..   CODE           ?CO?isr?49
FF0186H   FF018AH   000005H   ---    ---      **GAP**
FF018BH   FF018DH   000003H   ---    OFFS..   CODE           ?CO?isr?50
FF018EH   FF0192H   000005H   ---    ---      **GAP**
FF0193H   FF0195H   000003H   ---    OFFS..   CODE           ?CO?isr?51
FF0196H   FF019AH   000005H   ---    ---      **GAP**
FF019BH   FF019DH   000003H   ---    OFFS..   CODE           ?CO?isr?52
FF019EH   FF01A2H   000005H   ---    ---      **GAP**
FF01A3H   FF01A5H   000003H   ---    OFFS..   CODE           ?CO?isr?53
FF01A6H   FF01AAH   000005H   ---    ---      **GAP**
FF01ABH   FF01ADH   000003H   ---    OFFS..   CODE           ?CO?isr?54
FF01AEH   FF01B2H   000005H   ---    ---      **GAP**
FF01B3H   FF01B5H   000003H   ---    OFFS..   CODE           ?CO?isr?55
FF01B6H   FF01BAH   000005H   ---    ---      **GAP**
FF01BBH   FF01BDH   000003H   ---    OFFS..   CODE           ?CO?isr?56
FF01BEH   FF01C2H   000005H   ---    ---      **GAP**
FF01C3H   FF01C5H   000003H   ---    OFFS..   CODE           ?CO?isr?57
FF01C6H   FF01CAH   000005H   ---    ---      **GAP**
FF01CBH   FF01CDH   000003H   ---    OFFS..   CODE           ?CO?isr?58
FF01CEH   FF01D2H   000005H   ---    ---      **GAP**
FF01D3H   FF01D5H   000003H   ---    OFFS..   CODE           ?CO?isr?59
FF01D6H   FF01DAH   000005H   ---    ---      **GAP**
FF01DBH   FF01DDH   000003H   ---    OFFS..   CODE           ?CO?isr?60
L251 LINKER/LOCATER V4.66.93.0                                                        12/22/2024  10:21:50  PAGE 4


FF01DEH   FF01E2H   000005H   ---    ---      **GAP**
FF01E3H   FF01E5H   000003H   ---    OFFS..   CODE           ?CO?isr?61
FF01E6H   FF01EAH   000005H   ---    ---      **GAP**
FF01EBH   FF01EDH   000003H   ---    OFFS..   CODE           ?CO?isr?62
FF01EEH   FF01F2H   000005H   ---    ---      **GAP**
FF01F3H   FF01F5H   000003H   ---    OFFS..   CODE           ?CO?isr?63
FF01F6H   FF01FAH   000005H   ---    ---      **GAP**
FF01FBH   FF01FDH   000003H   ---    OFFS..   CODE           ?CO?isr?64
FF01FEH   FF0202H   000005H   ---    ---      **GAP**
FF0203H   FF0205H   000003H   ---    OFFS..   CODE           ?CO?isr?65
FF0206H   FF020AH   000005H   ---    ---      **GAP**
FF020BH   FF020DH   000003H   ---    OFFS..   CODE           ?CO?isr?66
FF020EH   FF0212H   000005H   ---    ---      **GAP**
FF0213H   FF0215H   000003H   ---    OFFS..   CODE           ?CO?isr?67
FF0216H   FF021AH   000005H   ---    ---      **GAP**
FF021BH   FF021DH   000003H   ---    OFFS..   CODE           ?CO?isr?68
FF021EH   FF0242H   000025H   BYTE   INSEG    CODE           ?PR?MEMCPY?_?MEMCPY
FF0243H   FF0245H   000003H   ---    OFFS..   CODE           ?CO?isr?69
FF0246H   FF024AH   000005H   ---    ---      **GAP**
FF024BH   FF024DH   000003H   ---    OFFS..   CODE           ?CO?isr?70
FF024EH   FF05B9H   00036CH   BYTE   INSEG    CODE           ?PR?DECODEINPUT?_?MAIN
FF05BAH   FF06D5H   00011CH   BYTE   INSEG    CODE           ?PR?MAIN?MAIN
FF06D6H   FF07D5H   000100H   BYTE   INSEG    CODE           ?PR?CHECKFORSIGNAL?_?MAIN
FF07D6H   FF08BFH   0000EAH   BYTE   INSEG    CODE           ?PR?SERIALREADCHAR?_?MAIN
FF08C0H   FF0984H   0000C5H   BYTE   INSEG    CODE           ?PR?SAVE_FLASH_NOLIB?_?EEPROM
FF0985H   FF0A46H   0000C2H   BYTE   INSEG    CODE           ?PR?RECEIVEBUFFER?_?MAIN
FF0A47H   FF0AAFH   000069H   BYTE   INSEG    CODE           ?PR?MAKECRC?_?MAIN
FF0AB0H   FF0B08H   000059H   BYTE   INSEG    CODE           ?PR?MALLOC?MALLOC
FF0B09H   FF0B5DH   000055H   BYTE   INSEG    CODE           ?PR?UPDATE_EEPROM?_?MAIN
FF0B5EH   FF0B98H   00003BH   BYTE   INSEG    CODE           ?PR?JUMP?_?MAIN
FF0B99H   FF0BCEH   000036H   BYTE   INSEG    CODE           ?PR?DELAYMICROSECONDS?_?MAIN
FF0BCFH   FF0BFFH   000031H   BYTE   INSEG    CODE           ?PR?SERIALWRITECHAR?_?MAIN
FF0C00H   FF0C2EH   00002FH   BYTE   INSEG    CODE           ?PR?MEMCMP?_?MEMCMP
FF0C2FH   FF0C56H   000028H   BYTE   INSEG    CODE           ?PR?CHECKCRC?_?MAIN
FF0C57H   FF0C7DH   000027H   BYTE   INSEG    CODE           ?PR?INIT_MEMPOOL?INIT_MEM
FF0C7EH   FF0C9DH   000020H   BYTE   INSEG    CODE           ?PR?SENDSTRING?_?MAIN
FF0C9EH   FF0CBDH   000020H   BYTE   INSEG    CODE           ?PR?SETTRANSMIT?_?MAIN
FF0CBEH   FF0CDAH   00001DH   BYTE   INSEG    CODE           ?PR?SETRECEIVE?_?MAIN
FF0CDBH   FF0CF4H   00001AH   BYTE   INSEG    CODE           ?PR?MEMSET?_?MEMSET
FF0CF5H   FF0D0AH   000016H   BYTE   INSEG    CODE           ?PR?SENDDEVICEINFO?_?MAIN
FF0D0BH   FF0D1DH   000013H   BYTE   UNIT     CODE           ?C_C51STARTUP
FF0D1EH   FF0D20H   000003H   BYTE   UNIT     CODE           ?C_C51STARTUP?3
FF0D21H   FF0D31H   000011H   BYTE   INSEG    CODE           ?PR?CHECKADDRESSWRITABLE?_?MAIN
FF0D32H   FF0D3DH   00000CH   BYTE   INSEG    CODE           ?PR?SEND_ACK?_?MAIN
FF0D3EH   FF0D49H   00000CH   BYTE   INSEG    CODE           ?PR?SEND_BAD_ACK?_?MAIN
FF0D4AH   FF0D55H   00000CH   BYTE   INSEG    CODE           ?PR?SEND_BAD_CRC_ACK?_?MAIN
FF0D56H   FF0D61H   00000CH   BYTE   INSEG    CODE           ?PR?READ_FLASH_BIN?_?EEPROM
FF0D62H   FF0D6DH   00000CH   BYTE   UNIT     CODE           ?PR?FPCMP?AI8051U_32_TFPU
FF0D6EH   FF0D74H   000007H   BYTE   UNIT     CODE           ?PR?FCHS?AI8051U_32_TFPU
FF0D75H   FF0D7BH   000007H   BYTE   UNIT     CODE           ?PR?FABS?AI8051U_32_TFPU
FF0D7CH   FF0D81H   000006H   BYTE   UNIT     CODE           ?PR?FXAM?AI8051U_32_TFPU
FF0D82H   FF0D87H   000006H   BYTE   UNIT     CODE           ?PR?CASTF?AI8051U_32_TFPU
FF0D88H   FF0D8DH   000006H   BYTE   UNIT     CODE           ?PR?FCASTC?AI8051U_32_TFPU
FF0D8EH   FF0D93H   000006H   BYTE   UNIT     CODE           ?PR?FCASTI?AI8051U_32_TFPU
FF0D94H   FF0D99H   000006H   BYTE   UNIT     CODE           ?PR?FPSRR?AI8051U_32_TFPU
FF0D9AH   FF0D9FH   000006H   BYTE   UNIT     CODE           ?PR?FPSRW?AI8051U_32_TFPU
FF0DA0H   FF0DA5H   000006H   BYTE   UNIT     CODE           ?PR?FPCRR?AI8051U_32_TFPU
FF0DA6H   FF0DABH   000006H   BYTE   UNIT     CODE           ?PR?FPCRW?AI8051U_32_TFPU
FF0DACH   FF0DB1H   000006H   BYTE   UNIT     CODE           ?PR?LIMUL?AI8051U_32_MDU32
FF0DB2H   FF0DB7H   000006H   BYTE   UNIT     CODE           ?PR?ULIDIV?AI8051U_32_MDU32
FF0DB8H   FF0FDFH   000228H   ---    ---      **GAP**
FF0FE0H   FF0FF0H   000011H   BYTE   AT..     HCONST         ?HC?AT_FF0FE0_?1?MAIN



L251 LINKER/LOCATER V4.66.93.0                                                        12/22/2024  10:21:50  PAGE 5


OVERLAY MAP OF MODULE:   .\Objects\AM32_Bootloader_AI8051U (isr)


FUNCTION/MODULE                   BIT_GROUP   DATA_GROUP 
--> CALLED FUNCTION/MODULE       START  STOP  START  STOP
=========================================================
?C_C51STARTUP                    ----- -----  ----- -----

*** NEW ROOT *******************

?C_C51STARTUP?3                  ----- -----  ----- -----
  +--> main/main

main/main                        ----- -----  ----- -----
  +--> init_mempool/init_mem
  +--> checkForSignal?_/main
  +--> update_EEPROM?_/main
  +--> receiveBuffer?_/main
  +--> jump?_/main

init_mempool/init_mem            ----- -----  ----- -----

checkForSignal?_/main            ----- -----  ----- -----
  +--> delayMicroseconds?_/main
  +--> jump?_/main

delayMicroseconds?_/main         ----- -----  ----- -----

jump?_/main                      ----- -----  ----- -----

update_EEPROM?_/main             ----- -----  ----- -----
  +--> read_flash_bin?_/eeprom
  +--> save_flash_nolib?_/eeprom

read_flash_bin?_/eeprom          ----- -----  ----- -----
  +--> memcpy?_/memcpy

memcpy?_/memcpy                  ----- -----  ----- -----

save_flash_nolib?_/eeprom        ----- -----  ----- -----
  +--> memcmp?_/memcmp

memcmp?_/memcmp                  ----- -----  ----- -----

receiveBuffer?_/main             ----- -----  ----- -----
  +--> memset?_/memset
  +--> setReceive?_/main
  +--> serialreadChar?_/main
  +--> decodeInput?_/main

memset?_/memset                  ----- -----  ----- -----

setReceive?_/main                ----- -----  ----- -----

serialreadChar?_/main            ----- -----  ----- -----
  +--> delayMicroseconds?_/main

decodeInput?_/main               ----- -----  ----- -----
  +--> checkCrc?_/main
  +--> memset?_/memset
  +--> send_ACK?_/main
  +--> send_BAD_CRC_ACK?_/main
  +--> sendDeviceInfo?_/main
  +--> checkAddressWritable?_/main
  +--> send_BAD_ACK?_/main
L251 LINKER/LOCATER V4.66.93.0                                                        12/22/2024  10:21:50  PAGE 6


  +--> save_flash_nolib?_/eeprom
  +--> setReceive?_/main
  +--> setTransmit?_/main
  +--> serialwriteChar?_/main
  +--> malloc/malloc
  +--> read_flash_bin?_/eeprom
  +--> makeCrc?_/main
  +--> sendString?_/main

checkCrc?_/main                  ----- -----  ----- -----
  +--> makeCrc?_/main

makeCrc?_/main                   ----- -----  ----- -----

send_ACK?_/main                  ----- -----  ----- -----
  +--> setTransmit?_/main
  +--> serialwriteChar?_/main
  +--> setReceive?_/main

setTransmit?_/main               ----- -----  ----- -----
  +--> delayMicroseconds?_/main

serialwriteChar?_/main           ----- -----  ----- -----
  +--> delayMicroseconds?_/main

send_BAD_CRC_ACK?_/main          ----- -----  ----- -----
  +--> setTransmit?_/main
  +--> serialwriteChar?_/main
  +--> setReceive?_/main

sendDeviceInfo?_/main            ----- -----  ----- -----
  +--> setTransmit?_/main
  +--> sendString?_/main
  +--> setReceive?_/main

sendString?_/main                ----- -----  ----- -----
  +--> serialwriteChar?_/main
  +--> delayMicroseconds?_/main

checkAddressWritable?_/main      ----- -----  ----- -----

send_BAD_ACK?_/main              ----- -----  ----- -----
  +--> setTransmit?_/main
  +--> serialwriteChar?_/main
  +--> setReceive?_/main

malloc/malloc                    ----- -----  ----- -----



PUBLIC SYMBOLS OF MODULE:  .\Objects\AM32_Bootloader_AI8051U (isr)


      VALUE       CLASS    TYPE      PUBLIC SYMBOL NAME
      =================================================
      00FF0D82H   CODE     ---       ?C?CASTF
      000000FFH   NUMBER   ---       ?C?CODESEG
      00FF0D88H   CODE     ---       ?C?FCASTC
      00FF0D8EH   CODE     ---       ?C?FCASTI
      00FF004EH   CODE     ---       ?C?FCASTL
      00FF0006H   CODE     ---       ?C?FPADD
      00FF0D62H   CODE     ---       ?C?FPCMP3
      00FF001EH   CODE     ---       ?C?FPDIV
      00FF0016H   CODE     ---       ?C?FPMUL
      00FF0D6EH   CODE     ---       ?C?FPNEG
L251 LINKER/LOCATER V4.66.93.0                                                        12/22/2024  10:21:50  PAGE 7


      00FF000EH   CODE     ---       ?C?FPSUB
      00FF0DACH   CODE     ---       ?C?LIMUL
      00FF0066H   CODE     ---       ?C?LMUL
      00FF0076H   CODE     ---       ?C?SLDIV
      00FF0000H   CODE     ---       ?C?STARTUP
      00FF006EH   CODE     ---       ?C?ULDIV
      00FF0DB2H   CODE     ---       ?C?ULIDIV
      00000001H   NUMBER   ---       ?C?XDATASEG
      00FF0000H   CODE     ---       ?C_STARTUP
      00000125H   HDATA    ---       __mp__
*SFR* 000000E0H   DATA     BYTE      ACC
*SFR* 000000BCH   DATA     BYTE      ADC_CONTR
*SFR* 000000DEH   DATA     BYTE      ADCCFG
      00FF0046H   CODE     ---       ATAN?_
*SFR* 000000EFH   DATA     BYTE      AUXINTIF
*SFR* 0000008EH   DATA     BYTE      AUXR
*SFR* 00000097H   DATA     BYTE      AUXR2
*SFR* 000000EAH   DATA     BYTE      CKCON
*SFR* 000000C7H.4 DATA     BIT       CMD_FAIL
*SFR* 000000E6H   DATA     BYTE      CMPCR1
*SFR* 000000E7H   DATA     BYTE      CMPCR2
      00FF0036H   CODE     ---       COS?_
*SFR* 000000EDH   DATA     BYTE      DMAIR
*SFR* 00000083H   DATA     BYTE      DPH
*SFR* 00000082H   DATA     BYTE      DPL
*SFR* 000000A8H.7 DATA     BIT       EA
      00FF0D75H   CODE     ---       FABS?_
      00FF0056H   CODE     ---       FCLEX
      00FF005EH   CODE     ---       FINIT
      00FF0DA0H   CODE     ---       FPCRR
      00FF0DA6H   CODE     ---       FPCRW
      00FF0D94H   CODE     ---       FPSRR
      00FF0D9AH   CODE     ---       FPSRW
      00FF0D7CH   CODE     ---       FXAM
*SFR* 000000F6H   DATA     BYTE      IAP_ADDRE
*SFR* 000000C3H   DATA     BYTE      IAP_ADDRH
*SFR* 000000C4H   DATA     BYTE      IAP_ADDRL
*SFR* 000000C5H   DATA     BYTE      IAP_CMD
*SFR* 000000C7H   DATA     BYTE      IAP_CONTR
*SFR* 000000C2H   DATA     BYTE      IAP_DATA
*SFR* 000000F5H   DATA     BYTE      IAP_TPS
*SFR* 000000C6H   DATA     BYTE      IAP_TRIG
*SFR* 000000C7H.7 DATA     BIT       IAPEN
*SFR* 000000A8H   DATA     BYTE      IE
*SFR* 000000AFH   DATA     BYTE      IE2
      00FF0C57H   CODE     ---       init_mempool
*SFR* 0000008FH   DATA     BYTE      INTCLKO
*SFR* 000000B8H   DATA     BYTE      IP
*SFR* 000000B5H   DATA     BYTE      IP2
*SFR* 000000B6H   DATA     BYTE      IP2H
*SFR* 000000DFH   DATA     BYTE      IP3
*SFR* 000000EEH   DATA     BYTE      IP3H
*SFR* 000000B7H   DATA     BYTE      IPH
*SFR* 0000009DH   DATA     BYTE      IRCBAND
      00FF05BAH   CODE     ---       main
      00FF0AB0H   CODE     ---       malloc
      00FF0C00H   CODE     ---       memcmp?_
      00FF021EH   CODE     ---       memcpy?_
      00FF0CDBH   CODE     ---       memset?_
*SFR* 00000080H   DATA     BYTE      P0
*SFR* 00000090H   DATA     BYTE      P1
*SFR* 000000A0H   DATA     BYTE      P2
*SFR* 000000A0H.1 DATA     BIT       P21
*SFR* 00000096H   DATA     BYTE      P2M0
*SFR* 00000095H   DATA     BYTE      P2M1
L251 LINKER/LOCATER V4.66.93.0                                                        12/22/2024  10:21:50  PAGE 8


*SFR* 000000B0H   DATA     BYTE      P3
*SFR* 000000C0H   DATA     BYTE      P4
*SFR* 000000C8H   DATA     BYTE      P5
*SFR* 000000E8H   DATA     BYTE      P6
*SFR* 000000F8H   DATA     BYTE      P7
*SFR* 000000A2H   DATA     BYTE      P_SW1
*SFR* 000000BAH   DATA     BYTE      P_SW2
*SFR* 000000BBH   DATA     BYTE      P_SW3
*SFR* 000000BFH   DATA     BYTE      P_SW4
*SFR* 00000087H   DATA     BYTE      PCON
*SFR* 000000D0H   DATA     BYTE      PSW
*SFR* 000000D1H   DATA     BYTE      PSW1
      00FF0D56H   CODE     ---       read_flash_bin?_
*SFR* 000000FFH   DATA     BYTE      RSTCFG
*SFR* 0000009AH   DATA     BYTE      S2CON
*SFR* 000000ACH   DATA     BYTE      S3CON
*SFR* 000000FDH   DATA     BYTE      S4CON
      00FF08C0H   CODE     ---       save_flash_nolib?_
*SFR* 00000098H   DATA     BYTE      SCON
      00FF002EH   CODE     ---       SIN?_
*SFR* 000000CEH   DATA     BYTE      SPCTL
*SFR* 000000CDH   DATA     BYTE      SPSTAT
      00FF0026H   CODE     ---       SQRT?_
*SFR* 000000DDH   DATA     BYTE      T4T3M
      00FF003EH   CODE     ---       TAN?_
*SFR* 00000088H   DATA     BYTE      TCON
*SFR* 00000089H   DATA     BYTE      TMOD
*SFR* 000000DCH   DATA     BYTE      USBCLK
*SFR* 000000F4H   DATA     BYTE      USBCON
*SFR* 000000C1H   DATA     BYTE      WDT_CONTR
*SFR* 000000ABH   DATA     BYTE      WKTCH
*SFR* 000000E9H   DATA     BYTE      WTST



SYMBOL TABLE OF MODULE:  .\Objects\AM32_Bootloader_AI8051U (isr)

      VALUE       REP       CLASS    TYPE      SYMBOL NAME
      ====================================================
      ---         MODULE    ---      ---       isr
      00001000H   SYMBOL    NUMBER   ---       LDR_SIZE

      00FF0003H   BLOCK     CODE     NEAR LAB  LVL=0
      00FF0003H   LINE      CODE     ---       #8
      ---         BLOCKEND  ---      ---       LVL=0

      00FF000BH   BLOCK     CODE     NEAR LAB  LVL=0
      00FF000BH   LINE      CODE     ---       #9
      ---         BLOCKEND  ---      ---       LVL=0

      00FF0013H   BLOCK     CODE     NEAR LAB  LVL=0
      00FF0013H   LINE      CODE     ---       #10
      ---         BLOCKEND  ---      ---       LVL=0

      00FF001BH   BLOCK     CODE     NEAR LAB  LVL=0
      00FF001BH   LINE      CODE     ---       #11
      ---         BLOCKEND  ---      ---       LVL=0

      00FF0023H   BLOCK     CODE     NEAR LAB  LVL=0
      00FF0023H   LINE      CODE     ---       #12
      ---         BLOCKEND  ---      ---       LVL=0

      00FF002BH   BLOCK     CODE     NEAR LAB  LVL=0
      00FF002BH   LINE      CODE     ---       #13
      ---         BLOCKEND  ---      ---       LVL=0
L251 LINKER/LOCATER V4.66.93.0                                                        12/22/2024  10:21:50  PAGE 9



      00FF0033H   BLOCK     CODE     NEAR LAB  LVL=0
      00FF0033H   LINE      CODE     ---       #14
      ---         BLOCKEND  ---      ---       LVL=0

      00FF003BH   BLOCK     CODE     NEAR LAB  LVL=0
      00FF003BH   LINE      CODE     ---       #15
      ---         BLOCKEND  ---      ---       LVL=0

      00FF0043H   BLOCK     CODE     NEAR LAB  LVL=0
      00FF0043H   LINE      CODE     ---       #16
      ---         BLOCKEND  ---      ---       LVL=0

      00FF004BH   BLOCK     CODE     NEAR LAB  LVL=0
      00FF004BH   LINE      CODE     ---       #17
      ---         BLOCKEND  ---      ---       LVL=0

      00FF0053H   BLOCK     CODE     NEAR LAB  LVL=0
      00FF0053H   LINE      CODE     ---       #18
      ---         BLOCKEND  ---      ---       LVL=0

      00FF005BH   BLOCK     CODE     NEAR LAB  LVL=0
      00FF005BH   LINE      CODE     ---       #19
      ---         BLOCKEND  ---      ---       LVL=0

      00FF0063H   BLOCK     CODE     NEAR LAB  LVL=0
      00FF0063H   LINE      CODE     ---       #20
      ---         BLOCKEND  ---      ---       LVL=0

      00FF006BH   BLOCK     CODE     NEAR LAB  LVL=0
      00FF006BH   LINE      CODE     ---       #21
      ---         BLOCKEND  ---      ---       LVL=0

      00FF0073H   BLOCK     CODE     NEAR LAB  LVL=0
      00FF0073H   LINE      CODE     ---       #22
      ---         BLOCKEND  ---      ---       LVL=0

      00FF007BH   BLOCK     CODE     NEAR LAB  LVL=0
      00FF007BH   LINE      CODE     ---       #23
      ---         BLOCKEND  ---      ---       LVL=0

      00FF0083H   BLOCK     CODE     NEAR LAB  LVL=0
      00FF0083H   LINE      CODE     ---       #24
      ---         BLOCKEND  ---      ---       LVL=0

      00FF008BH   BLOCK     CODE     NEAR LAB  LVL=0
      00FF008BH   LINE      CODE     ---       #25
      ---         BLOCKEND  ---      ---       LVL=0

      00FF0093H   BLOCK     CODE     NEAR LAB  LVL=0
      00FF0093H   LINE      CODE     ---       #26
      ---         BLOCKEND  ---      ---       LVL=0

      00FF009BH   BLOCK     CODE     NEAR LAB  LVL=0
      00FF009BH   LINE      CODE     ---       #27
      ---         BLOCKEND  ---      ---       LVL=0

      00FF00A3H   BLOCK     CODE     NEAR LAB  LVL=0
      00FF00A3H   LINE      CODE     ---       #28
      ---         BLOCKEND  ---      ---       LVL=0

      00FF00ABH   BLOCK     CODE     NEAR LAB  LVL=0
      00FF00ABH   LINE      CODE     ---       #29
      ---         BLOCKEND  ---      ---       LVL=0

L251 LINKER/LOCATER V4.66.93.0                                                        12/22/2024  10:21:50  PAGE 10


      00FF00B3H   BLOCK     CODE     NEAR LAB  LVL=0
      00FF00B3H   LINE      CODE     ---       #30
      ---         BLOCKEND  ---      ---       LVL=0

      00FF00BBH   BLOCK     CODE     NEAR LAB  LVL=0
      00FF00BBH   LINE      CODE     ---       #31
      ---         BLOCKEND  ---      ---       LVL=0

      00FF00C3H   BLOCK     CODE     NEAR LAB  LVL=0
      00FF00C3H   LINE      CODE     ---       #32
      ---         BLOCKEND  ---      ---       LVL=0

      00FF00CBH   BLOCK     CODE     NEAR LAB  LVL=0
      00FF00CBH   LINE      CODE     ---       #33
      ---         BLOCKEND  ---      ---       LVL=0

      00FF00D3H   BLOCK     CODE     NEAR LAB  LVL=0
      00FF00D3H   LINE      CODE     ---       #34
      ---         BLOCKEND  ---      ---       LVL=0

      00FF00DBH   BLOCK     CODE     NEAR LAB  LVL=0
      00FF00DBH   LINE      CODE     ---       #35
      ---         BLOCKEND  ---      ---       LVL=0

      00FF00E3H   BLOCK     CODE     NEAR LAB  LVL=0
      00FF00E3H   LINE      CODE     ---       #36
      ---         BLOCKEND  ---      ---       LVL=0

      00FF00EBH   BLOCK     CODE     NEAR LAB  LVL=0
      00FF00EBH   LINE      CODE     ---       #37
      ---         BLOCKEND  ---      ---       LVL=0

      00FF00F3H   BLOCK     CODE     NEAR LAB  LVL=0
      00FF00F3H   LINE      CODE     ---       #38
      ---         BLOCKEND  ---      ---       LVL=0

      00FF00FBH   BLOCK     CODE     NEAR LAB  LVL=0
      00FF00FBH   LINE      CODE     ---       #39
      ---         BLOCKEND  ---      ---       LVL=0

      00FF0103H   BLOCK     CODE     NEAR LAB  LVL=0
      00FF0103H   LINE      CODE     ---       #40
      ---         BLOCKEND  ---      ---       LVL=0

      00FF010BH   BLOCK     CODE     NEAR LAB  LVL=0
      00FF010BH   LINE      CODE     ---       #41
      ---         BLOCKEND  ---      ---       LVL=0

      00FF0113H   BLOCK     CODE     NEAR LAB  LVL=0
      00FF0113H   LINE      CODE     ---       #42
      ---         BLOCKEND  ---      ---       LVL=0

      00FF011BH   BLOCK     CODE     NEAR LAB  LVL=0
      00FF011BH   LINE      CODE     ---       #43
      ---         BLOCKEND  ---      ---       LVL=0

      00FF0123H   BLOCK     CODE     NEAR LAB  LVL=0
      00FF0123H   LINE      CODE     ---       #44
      ---         BLOCKEND  ---      ---       LVL=0

      00FF012BH   BLOCK     CODE     NEAR LAB  LVL=0
      00FF012BH   LINE      CODE     ---       #45
      ---         BLOCKEND  ---      ---       LVL=0

      00FF0133H   BLOCK     CODE     NEAR LAB  LVL=0
L251 LINKER/LOCATER V4.66.93.0                                                        12/22/2024  10:21:50  PAGE 11


      00FF0133H   LINE      CODE     ---       #46
      ---         BLOCKEND  ---      ---       LVL=0

      00FF013BH   BLOCK     CODE     NEAR LAB  LVL=0
      00FF013BH   LINE      CODE     ---       #47
      ---         BLOCKEND  ---      ---       LVL=0

      00FF0143H   BLOCK     CODE     NEAR LAB  LVL=0
      00FF0143H   LINE      CODE     ---       #48
      ---         BLOCKEND  ---      ---       LVL=0

      00FF014BH   BLOCK     CODE     NEAR LAB  LVL=0
      00FF014BH   LINE      CODE     ---       #49
      ---         BLOCKEND  ---      ---       LVL=0

      00FF0153H   BLOCK     CODE     NEAR LAB  LVL=0
      00FF0153H   LINE      CODE     ---       #50
      ---         BLOCKEND  ---      ---       LVL=0

      00FF015BH   BLOCK     CODE     NEAR LAB  LVL=0
      00FF015BH   LINE      CODE     ---       #51
      ---         BLOCKEND  ---      ---       LVL=0

      00FF0163H   BLOCK     CODE     NEAR LAB  LVL=0
      00FF0163H   LINE      CODE     ---       #52
      ---         BLOCKEND  ---      ---       LVL=0

      00FF016BH   BLOCK     CODE     NEAR LAB  LVL=0
      00FF016BH   LINE      CODE     ---       #53
      ---         BLOCKEND  ---      ---       LVL=0

      00FF0173H   BLOCK     CODE     NEAR LAB  LVL=0
      00FF0173H   LINE      CODE     ---       #54
      ---         BLOCKEND  ---      ---       LVL=0

      00FF017BH   BLOCK     CODE     NEAR LAB  LVL=0
      00FF017BH   LINE      CODE     ---       #55
      ---         BLOCKEND  ---      ---       LVL=0

      00FF0183H   BLOCK     CODE     NEAR LAB  LVL=0
      00FF0183H   LINE      CODE     ---       #56
      ---         BLOCKEND  ---      ---       LVL=0

      00FF018BH   BLOCK     CODE     NEAR LAB  LVL=0
      00FF018BH   LINE      CODE     ---       #57
      ---         BLOCKEND  ---      ---       LVL=0

      00FF0193H   BLOCK     CODE     NEAR LAB  LVL=0
      00FF0193H   LINE      CODE     ---       #58
      ---         BLOCKEND  ---      ---       LVL=0

      00FF019BH   BLOCK     CODE     NEAR LAB  LVL=0
      00FF019BH   LINE      CODE     ---       #59
      ---         BLOCKEND  ---      ---       LVL=0

      00FF01A3H   BLOCK     CODE     NEAR LAB  LVL=0
      00FF01A3H   LINE      CODE     ---       #60
      ---         BLOCKEND  ---      ---       LVL=0

      00FF01ABH   BLOCK     CODE     NEAR LAB  LVL=0
      00FF01ABH   LINE      CODE     ---       #61
      ---         BLOCKEND  ---      ---       LVL=0

      00FF01B3H   BLOCK     CODE     NEAR LAB  LVL=0
      00FF01B3H   LINE      CODE     ---       #62
L251 LINKER/LOCATER V4.66.93.0                                                        12/22/2024  10:21:50  PAGE 12


      ---         BLOCKEND  ---      ---       LVL=0

      00FF01BBH   BLOCK     CODE     NEAR LAB  LVL=0
      00FF01BBH   LINE      CODE     ---       #63
      ---         BLOCKEND  ---      ---       LVL=0

      00FF01C3H   BLOCK     CODE     NEAR LAB  LVL=0
      00FF01C3H   LINE      CODE     ---       #64
      ---         BLOCKEND  ---      ---       LVL=0

      00FF01CBH   BLOCK     CODE     NEAR LAB  LVL=0
      00FF01CBH   LINE      CODE     ---       #65
      ---         BLOCKEND  ---      ---       LVL=0

      00FF01D3H   BLOCK     CODE     NEAR LAB  LVL=0
      00FF01D3H   LINE      CODE     ---       #66
      ---         BLOCKEND  ---      ---       LVL=0

      00FF01DBH   BLOCK     CODE     NEAR LAB  LVL=0
      00FF01DBH   LINE      CODE     ---       #67
      ---         BLOCKEND  ---      ---       LVL=0

      00FF01E3H   BLOCK     CODE     NEAR LAB  LVL=0
      00FF01E3H   LINE      CODE     ---       #68
      ---         BLOCKEND  ---      ---       LVL=0

      00FF01EBH   BLOCK     CODE     NEAR LAB  LVL=0
      00FF01EBH   LINE      CODE     ---       #69
      ---         BLOCKEND  ---      ---       LVL=0

      00FF01F3H   BLOCK     CODE     NEAR LAB  LVL=0
      00FF01F3H   LINE      CODE     ---       #70
      ---         BLOCKEND  ---      ---       LVL=0

      00FF01FBH   BLOCK     CODE     NEAR LAB  LVL=0
      00FF01FBH   LINE      CODE     ---       #71
      ---         BLOCKEND  ---      ---       LVL=0

      00FF0203H   BLOCK     CODE     NEAR LAB  LVL=0
      00FF0203H   LINE      CODE     ---       #72
      ---         BLOCKEND  ---      ---       LVL=0

      00FF020BH   BLOCK     CODE     NEAR LAB  LVL=0
      00FF020BH   LINE      CODE     ---       #73
      ---         BLOCKEND  ---      ---       LVL=0

      00FF0213H   BLOCK     CODE     NEAR LAB  LVL=0
      00FF0213H   LINE      CODE     ---       #74
      ---         BLOCKEND  ---      ---       LVL=0

      00FF021BH   BLOCK     CODE     NEAR LAB  LVL=0
      00FF021BH   LINE      CODE     ---       #75
      ---         BLOCKEND  ---      ---       LVL=0

      00FF0243H   BLOCK     CODE     NEAR LAB  LVL=0
      00FF0243H   LINE      CODE     ---       #76
      ---         BLOCKEND  ---      ---       LVL=0

      00FF024BH   BLOCK     CODE     NEAR LAB  LVL=0
      00FF024BH   LINE      CODE     ---       #77
      ---         BLOCKEND  ---      ---       LVL=0

      ---         MODULE    ---      ---       main
      00FF05BAH   PUBLIC    CODE     ---       main
      000000FFH   SFRSYM    DATA     BYTE      RSTCFG
L251 LINKER/LOCATER V4.66.93.0                                                        12/22/2024  10:21:50  PAGE 13


      000000FDH   SFRSYM    DATA     BYTE      S4CON
      000000F8H   SFRSYM    DATA     BYTE      P7
      000000F5H   SFRSYM    DATA     BYTE      IAP_TPS
      000000F4H   SFRSYM    DATA     BYTE      USBCON
      000000EFH   SFRSYM    DATA     BYTE      AUXINTIF
      000000EEH   SFRSYM    DATA     BYTE      IP3H
      000000EAH   SFRSYM    DATA     BYTE      CKCON
      000000E9H   SFRSYM    DATA     BYTE      WTST
      000000E8H   SFRSYM    DATA     BYTE      P6
      000000E7H   SFRSYM    DATA     BYTE      CMPCR2
      000000E6H   SFRSYM    DATA     BYTE      CMPCR1
      000000DFH   SFRSYM    DATA     BYTE      IP3
      000000DEH   SFRSYM    DATA     BYTE      ADCCFG
      000000DDH   SFRSYM    DATA     BYTE      T4T3M
      000000DCH   SFRSYM    DATA     BYTE      USBCLK
      000000D1H   SFRSYM    DATA     BYTE      PSW1
      000000D0H   SFRSYM    DATA     BYTE      PSW
      000000CEH   SFRSYM    DATA     BYTE      SPCTL
      000000CDH   SFRSYM    DATA     BYTE      SPSTAT
      000000C8H   SFRSYM    DATA     BYTE      P5
      000000C7H   SFRSYM    DATA     BYTE      IAP_CONTR
      000000C1H   SFRSYM    DATA     BYTE      WDT_CONTR
      000000C0H   SFRSYM    DATA     BYTE      P4
      000000BFH   SFRSYM    DATA     BYTE      P_SW4
      000000BCH   SFRSYM    DATA     BYTE      ADC_CONTR
      000000BBH   SFRSYM    DATA     BYTE      P_SW3
      000000BAH   SFRSYM    DATA     BYTE      P_SW2
      000000B8H   SFRSYM    DATA     BYTE      IP
      000000B7H   SFRSYM    DATA     BYTE      IPH
      000000B6H   SFRSYM    DATA     BYTE      IP2H
      000000B5H   SFRSYM    DATA     BYTE      IP2
      000000B0H   SFRSYM    DATA     BYTE      P3
      000000AFH   SFRSYM    DATA     BYTE      IE2
      000000ACH   SFRSYM    DATA     BYTE      S3CON
      000000ABH   SFRSYM    DATA     BYTE      WKTCH
      000000A8H.7 SFRSYM    DATA     BIT       EA
      000000A8H   SFRSYM    DATA     BYTE      IE
      000000A2H   SFRSYM    DATA     BYTE      P_SW1
      000000A0H.1 SFRSYM    DATA     BIT       P21
      000000A0H   SFRSYM    DATA     BYTE      P2
      0000009DH   SFRSYM    DATA     BYTE      IRCBAND
      0000009AH   SFRSYM    DATA     BYTE      S2CON
      00000098H   SFRSYM    DATA     BYTE      SCON
      00000097H   SFRSYM    DATA     BYTE      AUXR2
      00000096H   SFRSYM    DATA     BYTE      P2M0
      00000095H   SFRSYM    DATA     BYTE      P2M1
      00000090H   SFRSYM    DATA     BYTE      P1
      0000008FH   SFRSYM    DATA     BYTE      INTCLKO
      0000008EH   SFRSYM    DATA     BYTE      AUXR
      00000089H   SFRSYM    DATA     BYTE      TMOD
      00000088H   SFRSYM    DATA     BYTE      TCON
      00000087H   SFRSYM    DATA     BYTE      PCON
      00000080H   SFRSYM    DATA     BYTE      P0
      00FF0C7EH   SYMBOL    CODE     ---       sendString?_
      00FF0985H   SYMBOL    CODE     ---       receiveBuffer?_
      00FF0BCFH   SYMBOL    CODE     ---       serialwriteChar?_
      00FF0B99H   SYMBOL    CODE     ---       delayMicroseconds?_
      00FF0B5EH   SYMBOL    CODE     ---       jump?_
      00FF0A47H   SYMBOL    CODE     ---       makeCrc?_
      00FF0C2FH   SYMBOL    CODE     ---       checkCrc?_
      00FF0CBEH   SYMBOL    CODE     ---       setReceive?_
      00FF0C9EH   SYMBOL    CODE     ---       setTransmit?_
      00FF0D32H   SYMBOL    CODE     ---       send_ACK?_
      00FF0D3EH   SYMBOL    CODE     ---       send_BAD_ACK?_
      00FF0D4AH   SYMBOL    CODE     ---       send_BAD_CRC_ACK?_
L251 LINKER/LOCATER V4.66.93.0                                                        12/22/2024  10:21:50  PAGE 14


      00FF0CF5H   SYMBOL    CODE     ---       sendDeviceInfo?_
      00FF0D21H   SYMBOL    CODE     ---       checkAddressWritable?_
      00FF024EH   SYMBOL    CODE     ---       decodeInput?_
      00FF07D6H   SYMBOL    CODE     ---       serialreadChar?_
      00FF0B09H   SYMBOL    CODE     ---       update_EEPROM?_
      00FF06D6H   SYMBOL    CODE     ---       checkForSignal?_
      00FF0FE0H   SYMBOL    HCONST   ---       devinfo
      00000008H   SYMBOL    EDATA    WORD      invalid_command
      0000000AH   SYMBOL    EDATA    WORD      low_pin_count
      0000000CH   SYMBOL    EDATA    CHAR      receiveByte
      0000000DH   SYMBOL    EDATA    INT       count
      0000000FH   SYMBOL    EDATA    CHAR      messagereceived
      00000010H   SYMBOL    EDATA    WORD      address_expected_increment
      00000012H   SYMBOL    EDATA    INT       cmd
      00000014H   SYMBOL    EDATA    CHAR      eeprom_req
      00000015H   SYMBOL    EDATA    INT       received
      00000017H   SYMBOL    EDATA    CHAR      rxbyte
      00000018H   SYMBOL    EDATA    DWORD     address
      0000001CH   SYMBOL    EDATA    WORD      len
      0000001EH   SYMBOL    EDATA    BYTE      calculated_crc_low_byte
      0000001FH   SYMBOL    EDATA    BYTE      calculated_crc_high_byte
      00000020H   SYMBOL    EDATA    WORD      payload_buffer_size
      00000022H   SYMBOL    EDATA    CHAR      incoming_payload_no_command
      00010000H   SYMBOL    XDATA    ---       rxBuffer
      00010102H   SYMBOL    XDATA    ---       payLoadBuffer

      00FF0B99H   BLOCK     CODE     ---       LVL=0
      DR4         REGSYM    ---      DWORD     micros
      00FF0B99H   LINE      CODE     ---       #207
      00FF0B99H   LINE      CODE     ---       #209
      00FF0BA6H   LINE      CODE     ---       #210
      00FF0BA6H   LINE      CODE     ---       #211
      00FF0BCEH   LINE      CODE     ---       #212
      ---         BLOCKEND  ---      ---       LVL=0

      00FF0B5EH   BLOCK     CODE     ---       LVL=0
      R11         REGSYM    ---      BYTE      value
      REG=1       REGSYM    ---      ---       app
      00FF0B5EH   LINE      CODE     ---       #216
      00FF0B5EH   LINE      CODE     ---       #217
      00FF0B5EH   LINE      CODE     ---       #220
      00FF0B69H   LINE      CODE     ---       #223
      00FF0B71H   LINE      CODE     ---       #226
      00FF0B76H   LINE      CODE     ---       #227
      00FF0B7CH   LINE      CODE     ---       #228
      00FF0B7EH   LINE      CODE     ---       #229
      00FF0B7EH   LINE      CODE     ---       #235
      00FF0B86H   LINE      CODE     ---       #236
      00FF0B8CH   LINE      CODE     ---       #237
      00FF0B8EH   LINE      CODE     ---       #238
      00FF0B8EH   LINE      CODE     ---       #240
      00FF0B98H   LINE      CODE     ---       #242
      ---         BLOCKEND  ---      ---       LVL=0

      00FF0A47H   BLOCK     CODE     ---       LVL=0
      REG=0       REGSYM    ---      ---       pBuff
      WR6         REGSYM    ---      WORD      length
      WR4         REGSYM    ---      WORD      i
      R10         REGSYM    ---      BYTE      xb
      00000023H   SYMBOL    EDATA    ---       CRC_16
      00FF0A51H   BLOCK     CODE     NEAR LAB  LVL=1
      R9          REGSYM    ---      BYTE      j
      ---         BLOCKEND  ---      ---       LVL=1
      00FF0A47H   LINE      CODE     ---       #245
      00FF0A47H   LINE      CODE     ---       #246
L251 LINKER/LOCATER V4.66.93.0                                                        12/22/2024  10:21:50  PAGE 15


      00FF0A47H   LINE      CODE     ---       #251
      00FF0A4DH   LINE      CODE     ---       #252
      00FF0A51H   LINE      CODE     ---       #254
      00FF0A58H   LINE      CODE     ---       #255
      00FF0A5CH   LINE      CODE     ---       #257
      00FF0A6EH   LINE      CODE     ---       #258
      00FF0A78H   LINE      CODE     ---       #259
      00FF0A84H   LINE      CODE     ---       #260
      00FF0A86H   LINE      CODE     ---       #261
      00FF0A90H   LINE      CODE     ---       #262
      00FF0A90H   LINE      CODE     ---       #263
      00FF0A92H   LINE      CODE     ---       #264
      00FF0A99H   LINE      CODE     ---       #265
      00FF0A9FH   LINE      CODE     ---       #266
      00FF0AA7H   LINE      CODE     ---       #267
      00FF0AAFH   LINE      CODE     ---       #268
      ---         BLOCKEND  ---      ---       LVL=0

      00FF0C2FH   BLOCK     CODE     ---       LVL=0
      REG=0       REGSYM    ---      ---       pBuff
      WR6         REGSYM    ---      WORD      length
      00FF0C31H   BLOCK     CODE     NEAR LAB  LVL=1
      R14         REGSYM    ---      BYTE      received_crc_low_byte2
      R15         REGSYM    ---      BYTE      received_crc_high_byte2
      ---         BLOCKEND  ---      ---       LVL=1
      00FF0C2FH   LINE      CODE     ---       #270
      00FF0C31H   LINE      CODE     ---       #271
      00FF0C31H   LINE      CODE     ---       #272
      00FF0C38H   LINE      CODE     ---       #273
      00FF0C40H   LINE      CODE     ---       #274
      00FF0C43H   LINE      CODE     ---       #275
      00FF0C4FH   LINE      CODE     ---       #276
      00FF0C53H   LINE      CODE     ---       #277
      00FF0C53H   LINE      CODE     ---       #278
      00FF0C54H   LINE      CODE     ---       #279
      00FF0C54H   LINE      CODE     ---       #280
      ---         BLOCKEND  ---      ---       LVL=0

      00FF0CBEH   BLOCK     CODE     ---       LVL=0
      00FF0CBEH   LINE      CODE     ---       #282
      00FF0CBEH   LINE      CODE     ---       #285
      00FF0CD4H   LINE      CODE     ---       #286
      00FF0CDAH   LINE      CODE     ---       #287
      ---         BLOCKEND  ---      ---       LVL=0

      00FF0C9EH   BLOCK     CODE     ---       LVL=0
      00FF0C9EH   LINE      CODE     ---       #289
      00FF0C9EH   LINE      CODE     ---       #292
      00FF0CA0H   LINE      CODE     ---       #293
      00FF0CB6H   LINE      CODE     ---       #296
      00FF0CBDH   LINE      CODE     ---       #297
      ---         BLOCKEND  ---      ---       LVL=0

      00FF0D32H   BLOCK     CODE     ---       LVL=0
      00FF0D32H   LINE      CODE     ---       #299
      00FF0D32H   LINE      CODE     ---       #301
      00FF0D35H   LINE      CODE     ---       #302
      00FF0D3AH   LINE      CODE     ---       #303
      00FF0D3DH   LINE      CODE     ---       #304
      ---         BLOCKEND  ---      ---       LVL=0

      00FF0D3EH   BLOCK     CODE     ---       LVL=0
      00FF0D3EH   LINE      CODE     ---       #306
      00FF0D3EH   LINE      CODE     ---       #308
      00FF0D41H   LINE      CODE     ---       #309
L251 LINKER/LOCATER V4.66.93.0                                                        12/22/2024  10:21:50  PAGE 16


      00FF0D46H   LINE      CODE     ---       #310
      00FF0D49H   LINE      CODE     ---       #311
      ---         BLOCKEND  ---      ---       LVL=0

      00FF0D4AH   BLOCK     CODE     ---       LVL=0
      00FF0D4AH   LINE      CODE     ---       #313
      00FF0D4AH   LINE      CODE     ---       #315
      00FF0D4DH   LINE      CODE     ---       #316
      00FF0D52H   LINE      CODE     ---       #317
      00FF0D55H   LINE      CODE     ---       #318
      ---         BLOCKEND  ---      ---       LVL=0

      00FF0CF5H   BLOCK     CODE     ---       LVL=0
      00FF0CF5H   LINE      CODE     ---       #320
      00FF0CF5H   LINE      CODE     ---       #322
      00FF0CF8H   LINE      CODE     ---       #323
      00FF0D07H   LINE      CODE     ---       #324
      00FF0D0AH   LINE      CODE     ---       #325
      ---         BLOCKEND  ---      ---       LVL=0

      00FF0D21H   BLOCK     CODE     ---       LVL=0
      DR4         REGSYM    ---      DWORD     address
      00FF0D21H   LINE      CODE     ---       #327
      00FF0D21H   LINE      CODE     ---       #329
      00FF0D31H   LINE      CODE     ---       #330
      ---         BLOCKEND  ---      ---       LVL=0

      00FF024EH   BLOCK     CODE     ---       LVL=0
      00FF0256H   BLOCK     CODE     NEAR LAB  LVL=1
      WR6         REGSYM    ---      WORD      i
      ---         BLOCKEND  ---      ---       LVL=1
      00FF04E8H   BLOCK     CODE     NEAR LAB  LVL=1
      WR12        REGSYM    ---      WORD      out_buffer_size
      REG=7       REGSYM    ---      ---       read_data
      ---         BLOCKEND  ---      ---       LVL=1
      00FF024EH   LINE      CODE     ---       #333
      00FF0250H   LINE      CODE     ---       #335
      00FF0256H   LINE      CODE     ---       #337
      00FF025EH   LINE      CODE     ---       #338
      00FF026FH   LINE      CODE     ---       #339
      00FF027FH   LINE      CODE     ---       #340
      00FF0283H   LINE      CODE     ---       #341
      00FF029DH   LINE      CODE     ---       #342
      00FF02A5H   LINE      CODE     ---       #343
      00FF02A8H   LINE      CODE     ---       #344
      00FF02ADH   LINE      CODE     ---       #345
      00FF02B0H   LINE      CODE     ---       #346
      00FF02B0H   LINE      CODE     ---       #347
      00FF02B3H   LINE      CODE     ---       #348
      00FF02B6H   LINE      CODE     ---       #349
      00FF02B6H   LINE      CODE     ---       #350
      00FF02B6H   LINE      CODE     ---       #352
      00FF02C0H   LINE      CODE     ---       #354
      00FF02C7H   LINE      CODE     ---       #355
      00FF02DFH   LINE      CODE     ---       #356
      00FF02E2H   LINE      CODE     ---       #357
      00FF02E7H   LINE      CODE     ---       #358
      00FF02E7H   LINE      CODE     ---       #359
      00FF02EAH   LINE      CODE     ---       #360
      00FF02EAH   LINE      CODE     ---       #362
      00FF02F1H   LINE      CODE     ---       #363
      00FF02FFH   LINE      CODE     ---       #364
      00FF0302H   LINE      CODE     ---       #365
      00FF0307H   LINE      CODE     ---       #366
      00FF030AH   LINE      CODE     ---       #367
L251 LINKER/LOCATER V4.66.93.0                                                        12/22/2024  10:21:50  PAGE 17


      00FF030AH   LINE      CODE     ---       #369
      00FF0311H   LINE      CODE     ---       #370
      00FF031FH   LINE      CODE     ---       #371
      00FF0322H   LINE      CODE     ---       #372
      00FF0327H   LINE      CODE     ---       #373
      00FF032AH   LINE      CODE     ---       #374
      00FF032AH   LINE      CODE     ---       #377
      00FF0332H   LINE      CODE     ---       #379
      00FF0344H   LINE      CODE     ---       #380
      00FF034CH   LINE      CODE     ---       #381
      00FF034CH   LINE      CODE     ---       #384
      00FF0356H   LINE      CODE     ---       #385
      00FF035EH   LINE      CODE     ---       #386
      00FF036FH   LINE      CODE     ---       #387
      00FF0372H   LINE      CODE     ---       #388
      00FF0375H   LINE      CODE     ---       #389
      00FF0375H   LINE      CODE     ---       #390
      00FF037EH   LINE      CODE     ---       #391
      00FF0381H   LINE      CODE     ---       #392
      00FF0384H   LINE      CODE     ---       #393
      00FF0384H   LINE      CODE     ---       #394
      00FF039FH   LINE      CODE     ---       #395
      00FF03A2H   LINE      CODE     ---       #396
      00FF03A5H   LINE      CODE     ---       #397
      00FF03A8H   LINE      CODE     ---       #398
      00FF03A8H   LINE      CODE     ---       #399
      00FF03ABH   LINE      CODE     ---       #400
      00FF03ABH   LINE      CODE     ---       #402
      00FF03B5H   LINE      CODE     ---       #405
      00FF03BDH   LINE      CODE     ---       #406
      00FF03CEH   LINE      CODE     ---       #407
      00FF03D1H   LINE      CODE     ---       #409
      00FF03D4H   LINE      CODE     ---       #410
      00FF03D4H   LINE      CODE     ---       #414
      00FF03DAH   LINE      CODE     ---       #415
      00FF03F8H   LINE      CODE     ---       #416
      00FF03FBH   LINE      CODE     ---       #418
      00FF03FEH   LINE      CODE     ---       #419
      00FF03FEH   LINE      CODE     ---       #421
      00FF0408H   LINE      CODE     ---       #425
      00FF0410H   LINE      CODE     ---       #426
      00FF0421H   LINE      CODE     ---       #427
      00FF0424H   LINE      CODE     ---       #429
      00FF0427H   LINE      CODE     ---       #430
      00FF0427H   LINE      CODE     ---       #433
      00FF042EH   LINE      CODE     ---       #434
      00FF0436H   LINE      CODE     ---       #435
      00FF0438H   LINE      CODE     ---       #436
      00FF0442H   LINE      CODE     ---       #437
      00FF0442H   LINE      CODE     ---       #438
      00FF0448H   LINE      CODE     ---       #439
      00FF0450H   LINE      CODE     ---       #440
      00FF0453H   LINE      CODE     ---       #442
      00FF0456H   LINE      CODE     ---       #443
      00FF0456H   LINE      CODE     ---       #445
      00FF0460H   LINE      CODE     ---       #446
      00FF0468H   LINE      CODE     ---       #447
      00FF0479H   LINE      CODE     ---       #448
      00FF047CH   LINE      CODE     ---       #450
      00FF047FH   LINE      CODE     ---       #451
      00FF047FH   LINE      CODE     ---       #453
      00FF0482H   LINE      CODE     ---       #454
      00FF0487H   LINE      CODE     ---       #455
      00FF048AH   LINE      CODE     ---       #457
      00FF048DH   LINE      CODE     ---       #458
L251 LINKER/LOCATER V4.66.93.0                                                        12/22/2024  10:21:50  PAGE 18


      00FF048DH   LINE      CODE     ---       #460
      00FF0497H   LINE      CODE     ---       #461
      00FF049FH   LINE      CODE     ---       #462
      00FF04B0H   LINE      CODE     ---       #463
      00FF04B3H   LINE      CODE     ---       #465
      00FF04B6H   LINE      CODE     ---       #466
      00FF04B6H   LINE      CODE     ---       #468
      00FF04BFH   LINE      CODE     ---       #469
      00FF04C2H   LINE      CODE     ---       #471
      00FF04C5H   LINE      CODE     ---       #472
      00FF04C5H   LINE      CODE     ---       #474
      00FF04C8H   LINE      CODE     ---       #475
      00FF04CBH   LINE      CODE     ---       #476
      00FF04CBH   LINE      CODE     ---       #478
      00FF04D5H   LINE      CODE     ---       #479
      00FF04DBH   LINE      CODE     ---       #480
      00FF04DBH   LINE      CODE     ---       #482
      00FF04E8H   LINE      CODE     ---       #489
      00FF04F0H   LINE      CODE     ---       #490
      00FF0501H   LINE      CODE     ---       #491
      00FF0504H   LINE      CODE     ---       #493
      00FF0507H   LINE      CODE     ---       #494
      00FF0507H   LINE      CODE     ---       #496
      00FF0511H   LINE      CODE     ---       #497
      00FF0517H   LINE      CODE     ---       #498
      00FF051BH   LINE      CODE     ---       #499
      00FF051FH   LINE      CODE     ---       #500
      00FF051FH   LINE      CODE     ---       #501
      00FF0527H   LINE      CODE     ---       #503
      00FF052AH   LINE      CODE     ---       #504
      00FF0535H   LINE      CODE     ---       #505
      00FF0543H   LINE      CODE     ---       #507
      00FF0554H   LINE      CODE     ---       #509
      00FF055FH   LINE      CODE     ---       #510
      00FF056EH   LINE      CODE     ---       #511
      00FF057FH   LINE      CODE     ---       #512
      00FF058EH   LINE      CODE     ---       #513
      00FF059DH   LINE      CODE     ---       #515
      00FF05A0H   LINE      CODE     ---       #517
      00FF05A2H   LINE      CODE     ---       #518
      00FF05A2H   LINE      CODE     ---       #520
      00FF05A5H   LINE      CODE     ---       #522
      00FF05AAH   LINE      CODE     ---       #523
      00FF05B4H   LINE      CODE     ---       #524
      00FF05B7H   LINE      CODE     ---       #525
      ---         BLOCKEND  ---      ---       LVL=0

      00FF07D6H   BLOCK     CODE     ---       LVL=0
      WR30        REGSYM    ---      INT       bits_to_read
      00FF07D6H   LINE      CODE     ---       #544
      00FF07D6H   LINE      CODE     ---       #545
      00FF07D6H   LINE      CODE     ---       #547
      00FF07DBH   LINE      CODE     ---       #548
      00FF07E8H   LINE      CODE     ---       #551
      00FF07EAH   LINE      CODE     ---       #552
      00FF0812H   LINE      CODE     ---       #558
      00FF081AH   LINE      CODE     ---       #562
      00FF081EH   LINE      CODE     ---       #563
      00FF0823H   LINE      CODE     ---       #567
      00FF0830H   LINE      CODE     ---       #568
      00FF0832H   LINE      CODE     ---       #569
      00FF0860H   LINE      CODE     ---       #575
      00FF0863H   LINE      CODE     ---       #576
      00FF0866H   LINE      CODE     ---       #581
      00FF086DH   LINE      CODE     ---       #582
L251 LINKER/LOCATER V4.66.93.0                                                        12/22/2024  10:21:50  PAGE 19


      00FF0870H   LINE      CODE     ---       #588
      00FF0873H   LINE      CODE     ---       #589
      00FF0873H   LINE      CODE     ---       #594
      00FF0875H   LINE      CODE     ---       #595
      00FF0877H   LINE      CODE     ---       #596
      00FF087EH   LINE      CODE     ---       #597
      00FF0899H   LINE      CODE     ---       #598
      00FF089BH   LINE      CODE     ---       #599
      00FF08A1H   LINE      CODE     ---       #602
      00FF08A8H   LINE      CODE     ---       #603
      00FF08ADH   LINE      CODE     ---       #608
      00FF08B0H   LINE      CODE     ---       #609
      00FF08B0H   LINE      CODE     ---       #612
      00FF08B6H   LINE      CODE     ---       #613
      00FF08BEH   LINE      CODE     ---       #617
      00FF08BFH   LINE      CODE     ---       #618
      ---         BLOCKEND  ---      ---       LVL=0

      00FF0BCFH   BLOCK     CODE     ---       LVL=0
      R15         REGSYM    ---      BYTE      dat
      00FF0BD3H   BLOCK     CODE     NEAR LAB  LVL=1
      R14         REGSYM    ---      BYTE      bits_written
      ---         BLOCKEND  ---      ---       LVL=1
      00FF0BCFH   LINE      CODE     ---       #620
      00FF0BD3H   LINE      CODE     ---       #621
      00FF0BD3H   LINE      CODE     ---       #624
      00FF0BD5H   LINE      CODE     ---       #625
      00FF0BDCH   LINE      CODE     ---       #628
      00FF0BDEH   LINE      CODE     ---       #629
      00FF0BE0H   LINE      CODE     ---       #630
      00FF0BE5H   LINE      CODE     ---       #631
      00FF0BE7H   LINE      CODE     ---       #632
      00FF0BE9H   LINE      CODE     ---       #634
      00FF0BEBH   LINE      CODE     ---       #635
      00FF0BEBH   LINE      CODE     ---       #636
      00FF0BEDH   LINE      CODE     ---       #637
      00FF0BEFH   LINE      CODE     ---       #638
      00FF0BF6H   LINE      CODE     ---       #639
      00FF0BFBH   LINE      CODE     ---       #642
      00FF0BFDH   LINE      CODE     ---       #650
      ---         BLOCKEND  ---      ---       LVL=0

      00FF0C7EH   BLOCK     CODE     ---       LVL=0
      REG=6       REGSYM    ---      ---       dat
      WR30        REGSYM    ---      INT       len
      00FF0C82H   BLOCK     CODE     NEAR LAB  LVL=1
      WR28        REGSYM    ---      INT       i
      ---         BLOCKEND  ---      ---       LVL=1
      00FF0C7EH   LINE      CODE     ---       #652
      00FF0C82H   LINE      CODE     ---       #653
      00FF0C82H   LINE      CODE     ---       #655
      00FF0C86H   LINE      CODE     ---       #656
      00FF0C90H   LINE      CODE     ---       #658
      00FF0C97H   LINE      CODE     ---       #659
      00FF0C9DH   LINE      CODE     ---       #660
      ---         BLOCKEND  ---      ---       LVL=0

      00FF0985H   BLOCK     CODE     ---       LVL=0
      DR24        REGSYM    ---      DWORD     i
      00FF0985H   LINE      CODE     ---       #662
      00FF0985H   LINE      CODE     ---       #663
      00FF0985H   LINE      CODE     ---       #665
      00FF098BH   LINE      CODE     ---       #666
      00FF0990H   LINE      CODE     ---       #667
      00FF09A0H   LINE      CODE     ---       #669
L251 LINKER/LOCATER V4.66.93.0                                                        12/22/2024  10:21:50  PAGE 20


      00FF09A3H   LINE      CODE     ---       #671
      00FF09A8H   LINE      CODE     ---       #672
      00FF09B0H   LINE      CODE     ---       #673
      00FF09B0H   LINE      CODE     ---       #674
      00FF09B0H   LINE      CODE     ---       #676
      00FF09B6H   LINE      CODE     ---       #677
      00FF09C2H   LINE      CODE     ---       #678
      00FF09C2H   LINE      CODE     ---       #679
      00FF09C2H   LINE      CODE     ---       #680
      00FF09D3H   LINE      CODE     ---       #681
      00FF09DDH   LINE      CODE     ---       #682
      00FF09DFH   LINE      CODE     ---       #683
      00FF0A07H   LINE      CODE     ---       #685
      00FF0A0DH   LINE      CODE     ---       #687
      00FF0A0FH   LINE      CODE     ---       #688
      00FF0A0FH   LINE      CODE     ---       #689
      00FF0A20H   LINE      CODE     ---       #690
      00FF0A26H   LINE      CODE     ---       #691
      00FF0A32H   LINE      CODE     ---       #693
      00FF0A32H   LINE      CODE     ---       #695
      00FF0A32H   LINE      CODE     ---       #696
      00FF0A3DH   LINE      CODE     ---       #697
      00FF0A43H   LINE      CODE     ---       #698
      00FF0A46H   LINE      CODE     ---       #699
      ---         BLOCKEND  ---      ---       LVL=0

      00FF0B09H   BLOCK     CODE     ---       LVL=0
      00FF0B09H   LINE      CODE     ---       #703
      00FF0B09H   LINE      CODE     ---       #705
      00FF0B24H   LINE      CODE     ---       #706
      00FF0B2DH   LINE      CODE     ---       #707
      00FF0B3CH   LINE      CODE     ---       #708
      00FF0B3CH   LINE      CODE     ---       #709
      00FF0B3CH   LINE      CODE     ---       #710
      00FF0B42H   LINE      CODE     ---       #711
      00FF0B5DH   LINE      CODE     ---       #712
      ---         BLOCKEND  ---      ---       LVL=0

      00FF06D6H   BLOCK     CODE     ---       LVL=0
      00FF06D8H   BLOCK     CODE     NEAR LAB  LVL=1
      WR14        REGSYM    ---      INT       i
      ---         BLOCKEND  ---      ---       LVL=1
      00FF06D6H   LINE      CODE     ---       #716
      00FF06D8H   LINE      CODE     ---       #717
      00FF06D8H   LINE      CODE     ---       #719
      00FF06EEH   LINE      CODE     ---       #721
      00FF06F5H   LINE      CODE     ---       #723
      00FF06F9H   LINE      CODE     ---       #724
      00FF06FEH   LINE      CODE     ---       #725
      00FF0708H   LINE      CODE     ---       #726
      00FF0708H   LINE      CODE     ---       #727
      00FF0708H   LINE      CODE     ---       #728
      00FF070FH   LINE      CODE     ---       #729
      00FF0717H   LINE      CODE     ---       #730
      00FF0721H   LINE      CODE     ---       #732
      00FF072FH   LINE      CODE     ---       #733
      00FF0732H   LINE      CODE     ---       #734
      00FF0732H   LINE      CODE     ---       #740
      00FF0748H   LINE      CODE     ---       #742
      00FF074FH   LINE      CODE     ---       #744
      00FF0753H   LINE      CODE     ---       #745
      00FF0758H   LINE      CODE     ---       #746
      00FF0762H   LINE      CODE     ---       #747
      00FF0762H   LINE      CODE     ---       #749
      00FF0762H   LINE      CODE     ---       #750
L251 LINKER/LOCATER V4.66.93.0                                                        12/22/2024  10:21:50  PAGE 21


      00FF0769H   LINE      CODE     ---       #751
      00FF0771H   LINE      CODE     ---       #752
      00FF0779H   LINE      CODE     ---       #753
      00FF0779H   LINE      CODE     ---       #754
      00FF0779H   LINE      CODE     ---       #756
      00FF077FH   LINE      CODE     ---       #758
      00FF0795H   LINE      CODE     ---       #760
      00FF079CH   LINE      CODE     ---       #762
      00FF07A0H   LINE      CODE     ---       #763
      00FF07A5H   LINE      CODE     ---       #764
      00FF07AFH   LINE      CODE     ---       #765
      00FF07AFH   LINE      CODE     ---       #767
      00FF07B6H   LINE      CODE     ---       #768
      00FF07BEH   LINE      CODE     ---       #769
      00FF07C6H   LINE      CODE     ---       #770
      00FF07C6H   LINE      CODE     ---       #771
      00FF07C6H   LINE      CODE     ---       #773
      00FF07D0H   LINE      CODE     ---       #774
      00FF07D3H   LINE      CODE     ---       #775
      ---         BLOCKEND  ---      ---       LVL=0

      00FF05BAH   BLOCK     CODE     ---       LVL=0
      00010202H   SYMBOL    XDATA    ---       MEMPOOL
      00FF05BAH   LINE      CODE     ---       #825
      00FF05BAH   LINE      CODE     ---       #826
      00FF05BAH   LINE      CODE     ---       #829
      00FF05C9H   LINE      CODE     ---       #831
      00FF0632H   LINE      CODE     ---       #832
      00FF068FH   LINE      CODE     ---       #833
      00FF06A5H   LINE      CODE     ---       #836
      00FF06A8H   LINE      CODE     ---       #845
      00FF06ABH   LINE      CODE     ---       #847
      00FF06C1H   LINE      CODE     ---       #854
      00FF06C4H   LINE      CODE     ---       #857
      00FF06C4H   LINE      CODE     ---       #858
      00FF06C7H   LINE      CODE     ---       #859
      00FF06D1H   LINE      CODE     ---       #860
      00FF06D4H   LINE      CODE     ---       #861
      ---         BLOCKEND  ---      ---       LVL=0

      ---         MODULE    ---      ---       eeprom
      00FF0D56H   PUBLIC    CODE     ---       read_flash_bin?_
      00FF08C0H   PUBLIC    CODE     ---       save_flash_nolib?_
      000000FFH   SFRSYM    DATA     BYTE      RSTCFG
      000000FDH   SFRSYM    DATA     BYTE      S4CON
      000000F8H   SFRSYM    DATA     BYTE      P7
      000000F6H   SFRSYM    DATA     BYTE      IAP_ADDRE
      000000F4H   SFRSYM    DATA     BYTE      USBCON
      000000EFH   SFRSYM    DATA     BYTE      AUXINTIF
      000000EEH   SFRSYM    DATA     BYTE      IP3H
      000000E8H   SFRSYM    DATA     BYTE      P6
      000000E7H   SFRSYM    DATA     BYTE      CMPCR2
      000000E6H   SFRSYM    DATA     BYTE      CMPCR1
      000000DFH   SFRSYM    DATA     BYTE      IP3
      000000DEH   SFRSYM    DATA     BYTE      ADCCFG
      000000DDH   SFRSYM    DATA     BYTE      T4T3M
      000000D1H   SFRSYM    DATA     BYTE      PSW1
      000000D0H   SFRSYM    DATA     BYTE      PSW
      000000CEH   SFRSYM    DATA     BYTE      SPCTL
      000000CDH   SFRSYM    DATA     BYTE      SPSTAT
      000000C8H   SFRSYM    DATA     BYTE      P5
      000000C7H.4 SFRSYM    DATA     BIT       CMD_FAIL
      000000C7H.7 SFRSYM    DATA     BIT       IAPEN
      000000C7H   SFRSYM    DATA     BYTE      IAP_CONTR
      000000C6H   SFRSYM    DATA     BYTE      IAP_TRIG
L251 LINKER/LOCATER V4.66.93.0                                                        12/22/2024  10:21:50  PAGE 22


      000000C5H   SFRSYM    DATA     BYTE      IAP_CMD
      000000C4H   SFRSYM    DATA     BYTE      IAP_ADDRL
      000000C3H   SFRSYM    DATA     BYTE      IAP_ADDRH
      000000C2H   SFRSYM    DATA     BYTE      IAP_DATA
      000000C1H   SFRSYM    DATA     BYTE      WDT_CONTR
      000000C0H   SFRSYM    DATA     BYTE      P4
      000000BFH   SFRSYM    DATA     BYTE      P_SW4
      000000BCH   SFRSYM    DATA     BYTE      ADC_CONTR
      000000BBH   SFRSYM    DATA     BYTE      P_SW3
      000000BAH   SFRSYM    DATA     BYTE      P_SW2
      000000B8H   SFRSYM    DATA     BYTE      IP
      000000B7H   SFRSYM    DATA     BYTE      IPH
      000000B6H   SFRSYM    DATA     BYTE      IP2H
      000000B5H   SFRSYM    DATA     BYTE      IP2
      000000B0H   SFRSYM    DATA     BYTE      P3
      000000AFH   SFRSYM    DATA     BYTE      IE2
      000000ACH   SFRSYM    DATA     BYTE      S3CON
      000000ABH   SFRSYM    DATA     BYTE      WKTCH
      000000A8H   SFRSYM    DATA     BYTE      IE
      000000A2H   SFRSYM    DATA     BYTE      P_SW1
      000000A0H   SFRSYM    DATA     BYTE      P2
      0000009DH   SFRSYM    DATA     BYTE      IRCBAND
      0000009AH   SFRSYM    DATA     BYTE      S2CON
      00000098H   SFRSYM    DATA     BYTE      SCON
      00000097H   SFRSYM    DATA     BYTE      AUXR2
      00000090H   SFRSYM    DATA     BYTE      P1
      0000008FH   SFRSYM    DATA     BYTE      INTCLKO
      0000008EH   SFRSYM    DATA     BYTE      AUXR
      00000089H   SFRSYM    DATA     BYTE      TMOD
      00000088H   SFRSYM    DATA     BYTE      TCON
      00000087H   SFRSYM    DATA     BYTE      PCON
      00000080H   SFRSYM    DATA     BYTE      P0

      00FF08C0H   BLOCK     CODE     ---       LVL=0
      REG=0       REGSYM    ---      ---       dat
      DR4         REGSYM    ---      DWORD     length
      FFFFFFFBH   STKSYM    ---      DWORD     add
      DR28        REGSYM    ---      DWORD     i
      00FF08C0H   LINE      CODE     ---       #17
      00FF08C0H   LINE      CODE     ---       #18
      00FF08C0H   LINE      CODE     ---       #21
      00FF08C3H   LINE      CODE     ---       #24
      00FF08D9H   LINE      CODE     ---       #25
      00FF08DCH   LINE      CODE     ---       #27
      00FF08DFH   LINE      CODE     ---       #29
      00FF08EBH   LINE      CODE     ---       #30
      00FF08F7H   LINE      CODE     ---       #31
      00FF0901H   LINE      CODE     ---       #33
      00FF0904H   LINE      CODE     ---       #34
      00FF0907H   LINE      CODE     ---       #35
      00FF0908H   LINE      CODE     ---       #36
      00FF0909H   LINE      CODE     ---       #37
      00FF090AH   LINE      CODE     ---       #38
      00FF090BH   LINE      CODE     ---       #40
      00FF090FH   LINE      CODE     ---       #41
      00FF090FH   LINE      CODE     ---       #43
      00FF0912H   LINE      CODE     ---       #45
      00FF0916H   LINE      CODE     ---       #47
      00FF0919H   LINE      CODE     ---       #49
      00FF0927H   LINE      CODE     ---       #50
      00FF0935H   LINE      CODE     ---       #51
      00FF0941H   LINE      CODE     ---       #52
      00FF094CH   LINE      CODE     ---       #54
      00FF094FH   LINE      CODE     ---       #55
      00FF0952H   LINE      CODE     ---       #56
L251 LINKER/LOCATER V4.66.93.0                                                        12/22/2024  10:21:50  PAGE 23


      00FF0953H   LINE      CODE     ---       #57
      00FF0954H   LINE      CODE     ---       #58
      00FF0955H   LINE      CODE     ---       #59
      00FF0956H   LINE      CODE     ---       #61
      00FF095AH   LINE      CODE     ---       #62
      00FF0960H   LINE      CODE     ---       #64
      00FF096FH   LINE      CODE     ---       #66
      00FF0984H   LINE      CODE     ---       #67
      ---         BLOCKEND  ---      ---       LVL=0

      00FF0D56H   BLOCK     CODE     ---       LVL=0
      REG=0       REGSYM    ---      ---       dat
      DR4         REGSYM    ---      DWORD     add
      FFFFFFFDH   STKSYM    ---      INT       out_buff_len
      00FF0D56H   LINE      CODE     ---       #69
      00FF0D56H   LINE      CODE     ---       #71
      00FF0D61H   LINE      CODE     ---       #72
      ---         BLOCKEND  ---      ---       LVL=0

      ---         MODULE    ---      ---       AI8051U_32_TFPU
      00FF0D82H   PUBLIC    CODE     ---       ?C?CASTF
      00FF0D88H   PUBLIC    CODE     ---       ?C?FCASTC
      00FF0D8EH   PUBLIC    CODE     ---       ?C?FCASTI
      00FF004EH   PUBLIC    CODE     ---       ?C?FCASTL
      00FF0006H   PUBLIC    CODE     ---       ?C?FPADD
      00FF0D62H   PUBLIC    CODE     ---       ?C?FPCMP3
      00FF001EH   PUBLIC    CODE     ---       ?C?FPDIV
      00FF0016H   PUBLIC    CODE     ---       ?C?FPMUL
      00FF0D6EH   PUBLIC    CODE     ---       ?C?FPNEG
      00FF000EH   PUBLIC    CODE     ---       ?C?FPSUB
      00FF0046H   PUBLIC    CODE     ---       ATAN?_
      00FF0036H   PUBLIC    CODE     ---       COS?_
      00FF0D75H   PUBLIC    CODE     ---       FABS?_
      00FF0056H   PUBLIC    CODE     ---       FCLEX
      00FF005EH   PUBLIC    CODE     ---       FINIT
      00FF0DA0H   PUBLIC    CODE     ---       FPCRR
      00FF0DA6H   PUBLIC    CODE     ---       FPCRW
      00FF0D94H   PUBLIC    CODE     ---       FPSRR
      00FF0D9AH   PUBLIC    CODE     ---       FPSRW
      00FF0D7CH   PUBLIC    CODE     ---       FXAM
      00FF002EH   PUBLIC    CODE     ---       SIN?_
      00FF0026H   PUBLIC    CODE     ---       SQRT?_
      00FF003EH   PUBLIC    CODE     ---       TAN?_
      000000E0H   SFRSYM    DATA     BYTE      ACC
      000000EDH   SFRSYM    DATA     BYTE      DMAIR
      00000083H   SFRSYM    DATA     BYTE      DPH
      00000082H   SFRSYM    DATA     BYTE      DPL
      0000001CH   SYMBOL    NUMBER   ---       DMA_FPADD
      00000030H   SYMBOL    NUMBER   ---       DMA_FPATAN
      00000027H   SYMBOL    NUMBER   ---       DMA_FPCLD
      00000032H   SYMBOL    NUMBER   ---       DMA_FPCLEX
      00000021H   SYMBOL    NUMBER   ---       DMA_FPCMP
      0000002EH   SYMBOL    NUMBER   ---       DMA_FPCOS
      00000035H   SYMBOL    NUMBER   ---       DMA_FPCRR
      00000036H   SYMBOL    NUMBER   ---       DMA_FPCRW
      00000023H   SYMBOL    NUMBER   ---       DMA_FPCST
      0000001FH   SYMBOL    NUMBER   ---       DMA_FPDIV
      00000028H   SYMBOL    NUMBER   ---       DMA_FPILD
      00000031H   SYMBOL    NUMBER   ---       DMA_FPINIT
      00000024H   SYMBOL    NUMBER   ---       DMA_FPIST
      00000029H   SYMBOL    NUMBER   ---       DMA_FPLLD
      00000025H   SYMBOL    NUMBER   ---       DMA_FPLST
      0000001EH   SYMBOL    NUMBER   ---       DMA_FPMUL
      0000002DH   SYMBOL    NUMBER   ---       DMA_FPSIN
      00000020H   SYMBOL    NUMBER   ---       DMA_FPSQRT
L251 LINKER/LOCATER V4.66.93.0                                                        12/22/2024  10:21:50  PAGE 24


      00000033H   SYMBOL    NUMBER   ---       DMA_FPSRR
      00000034H   SYMBOL    NUMBER   ---       DMA_FPSRW
      0000001DH   SYMBOL    NUMBER   ---       DMA_FPSUB
      0000002FH   SYMBOL    NUMBER   ---       DMA_FPTAN
      00000022H   SYMBOL    NUMBER   ---       DMA_FPXAM
      00000001H   SYMBOL    NUMBER   ---       FP_CONV_EN
      00000001H   SYMBOL    NUMBER   ---       FP_REGS_EN
      00000001H   SYMBOL    NUMBER   ---       FP_TRIG_EN

      00FF0006H   BLOCK     CODE     NEAR LAB  LVL=0
      00FF0006H   LINE      CODE     ---       #71
      00FF0009H   LINE      CODE     ---       #72
      ---         BLOCKEND  ---      ---       LVL=0

      00FF000EH   BLOCK     CODE     NEAR LAB  LVL=0
      00FF000EH   LINE      CODE     ---       #81
      00FF0011H   LINE      CODE     ---       #82
      ---         BLOCKEND  ---      ---       LVL=0

      00FF0016H   BLOCK     CODE     NEAR LAB  LVL=0
      00FF0016H   LINE      CODE     ---       #91
      00FF0019H   LINE      CODE     ---       #92
      ---         BLOCKEND  ---      ---       LVL=0

      00FF001EH   BLOCK     CODE     NEAR LAB  LVL=0
      00FF001EH   LINE      CODE     ---       #101
      00FF0021H   LINE      CODE     ---       #102
      ---         BLOCKEND  ---      ---       LVL=0

      00FF0026H   BLOCK     CODE     NEAR LAB  LVL=0
      00FF0026H   LINE      CODE     ---       #111
      00FF0029H   LINE      CODE     ---       #112
      ---         BLOCKEND  ---      ---       LVL=0

      00FF0D62H   BLOCK     CODE     NEAR LAB  LVL=0
      00FF0D62H   LINE      CODE     ---       #122
      00FF0D65H   LINE      CODE     ---       #123
      00FF0D67H   LINE      CODE     ---       #124
      00FF0D69H   LINE      CODE     ---       #125
      00FF0D6BH   LINE      CODE     ---       #126
      00FF0D6DH   LINE      CODE     ---       #127
      ---         BLOCKEND  ---      ---       LVL=0

      00FF0D7CH   BLOCK     CODE     NEAR LAB  LVL=0
      00FF0D7CH   LINE      CODE     ---       #136
      00FF0D7FH   LINE      CODE     ---       #137
      00FF0D81H   LINE      CODE     ---       #138
      ---         BLOCKEND  ---      ---       LVL=0

      00FF0D6EH   BLOCK     CODE     NEAR LAB  LVL=0
      00FF0D6EH   LINE      CODE     ---       #147
      00FF0D70H   LINE      CODE     ---       #148
      00FF0D72H   LINE      CODE     ---       #149
      00FF0D74H   LINE      CODE     ---       #150
      ---         BLOCKEND  ---      ---       LVL=0

      00FF0D75H   BLOCK     CODE     NEAR LAB  LVL=0
      00FF0D75H   LINE      CODE     ---       #159
      00FF0D77H   LINE      CODE     ---       #160
      00FF0D79H   LINE      CODE     ---       #161
      00FF0D7BH   LINE      CODE     ---       #162
      ---         BLOCKEND  ---      ---       LVL=0

      00FF002EH   BLOCK     CODE     NEAR LAB  LVL=0
      00FF002EH   LINE      CODE     ---       #174
L251 LINKER/LOCATER V4.66.93.0                                                        12/22/2024  10:21:50  PAGE 25


      00FF0031H   LINE      CODE     ---       #175
      ---         BLOCKEND  ---      ---       LVL=0

      00FF0036H   BLOCK     CODE     NEAR LAB  LVL=0
      00FF0036H   LINE      CODE     ---       #184
      00FF0039H   LINE      CODE     ---       #185
      ---         BLOCKEND  ---      ---       LVL=0

      00FF003EH   BLOCK     CODE     NEAR LAB  LVL=0
      00FF003EH   LINE      CODE     ---       #194
      00FF0041H   LINE      CODE     ---       #195
      ---         BLOCKEND  ---      ---       LVL=0

      00FF0046H   BLOCK     CODE     NEAR LAB  LVL=0
      00FF0046H   LINE      CODE     ---       #204
      00FF0049H   LINE      CODE     ---       #205
      ---         BLOCKEND  ---      ---       LVL=0

      00FF0D82H   BLOCK     CODE     NEAR LAB  LVL=0
      00FF0D82H   LINE      CODE     ---       #220
      00FF0D85H   LINE      CODE     ---       #221
      00FF0D87H   LINE      CODE     ---       #222
      ---         BLOCKEND  ---      ---       LVL=0

      00FF0D88H   BLOCK     CODE     NEAR LAB  LVL=0
      00FF0D88H   LINE      CODE     ---       #231
      00FF0D8AH   LINE      CODE     ---       #232
      00FF0D8DH   LINE      CODE     ---       #233
      ---         BLOCKEND  ---      ---       LVL=0

      00FF0D8EH   BLOCK     CODE     NEAR LAB  LVL=0
      00FF0D8EH   LINE      CODE     ---       #242
      00FF0D90H   LINE      CODE     ---       #243
      00FF0D93H   LINE      CODE     ---       #244
      ---         BLOCKEND  ---      ---       LVL=0

      00FF004EH   BLOCK     CODE     NEAR LAB  LVL=0
      00FF004EH   LINE      CODE     ---       #253
      00FF0051H   LINE      CODE     ---       #254
      ---         BLOCKEND  ---      ---       LVL=0

      00FF0056H   BLOCK     CODE     NEAR LAB  LVL=0
      00FF0056H   LINE      CODE     ---       #270
      00FF0059H   LINE      CODE     ---       #271
      ---         BLOCKEND  ---      ---       LVL=0

      00FF005EH   BLOCK     CODE     NEAR LAB  LVL=0
      00FF005EH   LINE      CODE     ---       #280
      00FF0061H   LINE      CODE     ---       #281
      ---         BLOCKEND  ---      ---       LVL=0

      00FF0D94H   BLOCK     CODE     NEAR LAB  LVL=0
      00FF0D94H   LINE      CODE     ---       #290
      00FF0D97H   LINE      CODE     ---       #291
      00FF0D99H   LINE      CODE     ---       #292
      ---         BLOCKEND  ---      ---       LVL=0

      00FF0D9AH   BLOCK     CODE     NEAR LAB  LVL=0
      00FF0D9AH   LINE      CODE     ---       #301
      00FF0D9CH   LINE      CODE     ---       #302
      00FF0D9FH   LINE      CODE     ---       #303
      ---         BLOCKEND  ---      ---       LVL=0

      00FF0DA0H   BLOCK     CODE     NEAR LAB  LVL=0
      00FF0DA0H   LINE      CODE     ---       #312
L251 LINKER/LOCATER V4.66.93.0                                                        12/22/2024  10:21:50  PAGE 26


      00FF0DA3H   LINE      CODE     ---       #313
      00FF0DA5H   LINE      CODE     ---       #314
      ---         BLOCKEND  ---      ---       LVL=0

      00FF0DA6H   BLOCK     CODE     NEAR LAB  LVL=0
      00FF0DA6H   LINE      CODE     ---       #323
      00FF0DA8H   LINE      CODE     ---       #324
      00FF0DABH   LINE      CODE     ---       #325
      ---         BLOCKEND  ---      ---       LVL=0

      ---         MODULE    ---      ---       AI8051U_32_MDU32
      00FF0DACH   PUBLIC    CODE     ---       ?C?LIMUL
      00FF0066H   PUBLIC    CODE     ---       ?C?LMUL
      00FF0076H   PUBLIC    CODE     ---       ?C?SLDIV
      00FF006EH   PUBLIC    CODE     ---       ?C?ULDIV
      00FF0DB2H   PUBLIC    CODE     ---       ?C?ULIDIV
      000000EDH   SFRSYM    DATA     BYTE      DMAIR
      00000002H   SYMBOL    NUMBER   ---       DMA_LMUL
      00000006H   SYMBOL    NUMBER   ---       DMA_SLDIV
      00000004H   SYMBOL    NUMBER   ---       DMA_ULDIV

      00FF0066H   BLOCK     CODE     NEAR LAB  LVL=0
      00FF0066H   LINE      CODE     ---       #20
      00FF0069H   LINE      CODE     ---       #21
      ---         BLOCKEND  ---      ---       LVL=0

      00FF0DACH   BLOCK     CODE     NEAR LAB  LVL=0
      00FF0DACH   LINE      CODE     ---       #30
      00FF0DAEH   LINE      CODE     ---       #31
      00FF0DB1H   LINE      CODE     ---       #32
      ---         BLOCKEND  ---      ---       LVL=0

      00FF006EH   BLOCK     CODE     NEAR LAB  LVL=0
      00FF006EH   LINE      CODE     ---       #41
      00FF0071H   LINE      CODE     ---       #42
      ---         BLOCKEND  ---      ---       LVL=0

      00FF0DB2H   BLOCK     CODE     NEAR LAB  LVL=0
      00FF0DB2H   LINE      CODE     ---       #51
      00FF0DB4H   LINE      CODE     ---       #52
      00FF0DB7H   LINE      CODE     ---       #53
      ---         BLOCKEND  ---      ---       LVL=0

      00FF0076H   BLOCK     CODE     NEAR LAB  LVL=0
      00FF0076H   LINE      CODE     ---       #62
      00FF0079H   LINE      CODE     ---       #63
      ---         BLOCKEND  ---      ---       LVL=0

      ---         MODULE    ---      ---       ?C_START
      00FF0000H   PUBLIC    CODE     ---       ?C?STARTUP
      00FF0000H   PUBLIC    CODE     ---       ?C_STARTUP

      ---         MODULE    ---      ---       memcmp
      00FF0C00H   PUBLIC    CODE     ---       memcmp?_

      ---         MODULE    ---      ---       memcpy
      00FF021EH   PUBLIC    CODE     ---       memcpy?_

      ---         MODULE    ---      ---       memset
      00FF0CDBH   PUBLIC    CODE     ---       memset?_

      ---         MODULE    ---      ---       malloc
      00FF0AB0H   PUBLIC    CODE     ---       malloc

      ---         MODULE    ---      ---       init_mem
L251 LINKER/LOCATER V4.66.93.0                                                        12/22/2024  10:21:50  PAGE 27


      00FF0C57H   PUBLIC    CODE     ---       init_mempool

      ---         MODULE    ---      ---       mdefine
      00000125H   PUBLIC    HDATA    ---       __mp__



*** WARNING L16: UNCALLED SEGMENT, IGNORED FOR OVERLAY PROCESS
    NAME:    FPADD/AI8051U_32_TFPU

*** WARNING L16: UNCALLED SEGMENT, IGNORED FOR OVERLAY PROCESS
    NAME:    FPSUB/AI8051U_32_TFPU

*** WARNING L16: UNCALLED SEGMENT, IGNORED FOR OVERLAY PROCESS
    NAME:    FPMUL/AI8051U_32_TFPU

*** WARNING L16: UNCALLED SEGMENT, IGNORED FOR OVERLAY PROCESS
    NAME:    FPDIV/AI8051U_32_TFPU

*** WARNING L16: UNCALLED SEGMENT, IGNORED FOR OVERLAY PROCESS
    NAME:    SQRT/AI8051U_32_TFPU

*** WARNING L16: UNCALLED SEGMENT, IGNORED FOR OVERLAY PROCESS
    NAME:    FPCMP/AI8051U_32_TFPU

*** WARNING L16: UNCALLED SEGMENT, IGNORED FOR OVERLAY PROCESS
    NAME:    FXAM/AI8051U_32_TFPU

*** WARNING L16: UNCALLED SEGMENT, IGNORED FOR OVERLAY PROCESS
    NAME:    FCHS/AI8051U_32_TFPU

*** WARNING L16: UNCALLED SEGMENT, IGNORED FOR OVERLAY PROCESS
    NAME:    FABS/AI8051U_32_TFPU

*** WARNING L16: UNCALLED SEGMENT, IGNORED FOR OVERLAY PROCESS
    NAME:    SIN/AI8051U_32_TFPU

*** WARNING L16: UNCALLED SEGMENT, IGNORED FOR OVERLAY PROCESS
    NAME:    COS/AI8051U_32_TFPU

*** WARNING L16: UNCALLED SEGMENT, IGNORED FOR OVERLAY PROCESS
    NAME:    TAN/AI8051U_32_TFPU

*** WARNING L16: UNCALLED SEGMENT, IGNORED FOR OVERLAY PROCESS
    NAME:    ATAN/AI8051U_32_TFPU

*** WARNING L16: UNCALLED SEGMENT, IGNORED FOR OVERLAY PROCESS
    NAME:    CASTF/AI8051U_32_TFPU

*** WARNING L16: UNCALLED SEGMENT, IGNORED FOR OVERLAY PROCESS
    NAME:    FCASTC/AI8051U_32_TFPU

*** WARNING L16: UNCALLED SEGMENT, IGNORED FOR OVERLAY PROCESS
    NAME:    FCASTI/AI8051U_32_TFPU

*** WARNING L16: UNCALLED SEGMENT, IGNORED FOR OVERLAY PROCESS
    NAME:    FCASTL/AI8051U_32_TFPU

*** WARNING L16: UNCALLED SEGMENT, IGNORED FOR OVERLAY PROCESS
    NAME:    FCLEX/AI8051U_32_TFPU

*** WARNING L16: UNCALLED SEGMENT, IGNORED FOR OVERLAY PROCESS
    NAME:    FINIT/AI8051U_32_TFPU

*** WARNING L16: UNCALLED SEGMENT, IGNORED FOR OVERLAY PROCESS
L251 LINKER/LOCATER V4.66.93.0                                                        12/22/2024  10:21:50  PAGE 28


    NAME:    FPSRR/AI8051U_32_TFPU

*** WARNING L16: UNCALLED SEGMENT, IGNORED FOR OVERLAY PROCESS
    NAME:    FPSRW/AI8051U_32_TFPU

*** WARNING L16: UNCALLED SEGMENT, IGNORED FOR OVERLAY PROCESS
    NAME:    FPCRR/AI8051U_32_TFPU

*** WARNING L16: UNCALLED SEGMENT, IGNORED FOR OVERLAY PROCESS
    NAME:    FPCRW/AI8051U_32_TFPU

*** WARNING L16: UNCALLED SEGMENT, IGNORED FOR OVERLAY PROCESS
    NAME:    LMUL/AI8051U_32_MDU32

*** WARNING L16: UNCALLED SEGMENT, IGNORED FOR OVERLAY PROCESS
    NAME:    LIMUL/AI8051U_32_MDU32

*** WARNING L16: UNCALLED SEGMENT, IGNORED FOR OVERLAY PROCESS
    NAME:    ULDIV/AI8051U_32_MDU32

*** WARNING L16: UNCALLED SEGMENT, IGNORED FOR OVERLAY PROCESS
    NAME:    ULIDIV/AI8051U_32_MDU32

*** WARNING L16: UNCALLED SEGMENT, IGNORED FOR OVERLAY PROCESS
    NAME:    SLDIV/AI8051U_32_MDU32

Program Size: data=8.0 edata+hdata=289 xdata=1538 const=17 code=3232
L251 RUN COMPLETE.  28 WARNING(S),  0 ERROR(S)
