C251 COMPILER V5.60.0,  eeprom                                                             25/10/24  23:30:45  PAGE 1   


C251 COMPILER V5.60.0, COMPILATION OF MODULE eeprom
OBJECT MODULE PLACED IN .\Objects\eeprom.obj
COMPILER INVOKED BY: D:\Compiler\Keil_v5\C251\BIN\C251.EXE Mcu\8051U\Src\eeprom.c XSMALL FUNCTIONS(REENTRANT) FLOAT64 WA
                    -RNINGLEVEL(3) OPTIMIZE(3,SPEED) BROWSE INCDIR(.\Inc;.\Mcu\8051U\Inc) DEBUG PRINT(.\Listings\eeprom.lst) TABS(2) OBJECT(.
                    -\Objects\eeprom.obj) 

stmt  level    source

    1          /*
    2           * bootloader.c
    3           *
    4           *  Created on: Mar. 25, 2020
    5           *      Author: Alka
    6           *  Porting on: Mar. 13, 2024
    7           *    Porting code from F051 to STC8051U
    8           *  
    9           *
   10           */
   11          
   12          #include "eeprom.h"
   13          #include <string.h>
   14          
   15          #define page_size 0x200                   // 512 bytes for STC8051U
   16          
   17          bool save_flash_nolib(const uint8_t* dat, uint32_t length, uint32_t add)
   18          {
   19   1        uint32_t i;
   20   1      
   21   1        IAP_ENABLE();                         
   22   1        // unlock flash
   23   1        // erase page if address even divisable by 512
   24   1        if((add % page_size) == 0){
   25   2          CMD_FAIL = 0;
   26   2      
   27   2          IAP_ERASE();                        
   28   2      
   29   2          IAP_ADDRE = (uint8_t)(add >> 16); 
   30   2          IAP_ADDRH = (uint8_t)(add >> 8);  
   31   2          IAP_ADDRL = (uint8_t)add;         
   32   2      
   33   2          IAP_TRIG = 0x5A;
   34   2          IAP_TRIG = 0xA5;                   
   35   2          _nop_();   
   36   2          _nop_();
   37   2          _nop_();
   38   2          _nop_();
   39   2      
   40   2          while(CMD_FAIL);       
   41   2        }
   42   1      
   43   1        IAP_WRITE();        //宏调用, 送字节写命令
   44   1      
   45   1        for (i = 0; i < length; i++)
   46   1        {
   47   2          CMD_FAIL = 0;
   48   2      
   49   2              IAP_ADDRE = (uint8_t)((add + i) >> 16); 
   50   2              IAP_ADDRH = (uint8_t)((add + i) >> 8);  
   51   2              IAP_ADDRL = (uint8_t)(add + i);         
   52   2              IAP_DATA  = *(dat + i);      
   53   2      
   54   2          IAP_TRIG = 0x5A;
   55   2          IAP_TRIG = 0xA5;                   
   56   2          _nop_();   
   57   2          _nop_();
C251 COMPILER V5.60.0,  eeprom                                                             25/10/24  23:30:45  PAGE 2   

   58   2          _nop_();
   59   2          _nop_();
   60   2      
   61   2          while(CMD_FAIL);
   62   2        }
   63   1        
   64   1        IAP_DISABLE();                      //关闭IAP
   65   1      
   66   1        return memcmp(dat, (unsigned char far *)add, length) == 0;
*** WARNING C188 IN LINE 66 OF Mcu\8051U\Src\eeprom.c: 'parameter 3': value truncated
*** WARNING C188 IN LINE 66 OF Mcu\8051U\Src\eeprom.c: 'parameter 3': value truncated
*** WARNING C188 IN LINE 66 OF Mcu\8051U\Src\eeprom.c: 'parameter 3': value truncated
*** WARNING C188 IN LINE 66 OF Mcu\8051U\Src\eeprom.c: 'parameter 3': value truncated
   67   1      }
   68          
   69          void read_flash_bin(uint8_t* dat, uint32_t add, int out_buff_len)
   70          {
   71   1        memcpy(dat, (unsigned char far*)add, out_buff_len);               
   72   1      }
   73          
   74          


Module Information          Static   Overlayable
------------------------------------------------
  code size            =       217     ------
  ecode size           =    ------     ------
  data size            =    ------     ------
  idata size           =    ------     ------
  pdata size           =    ------     ------
  xdata size           =    ------     ------
  xdata-const size     =    ------     ------
  edata size           =    ------     ------
  bit size             =    ------     ------
  ebit size            =    ------     ------
  bitaddressable size  =    ------     ------
  ebitaddressable size =    ------     ------
  far data size        =    ------     ------
  huge data size       =    ------     ------
  const size           =    ------     ------
  hconst size          =    ------     ------
End of Module Information.


C251 COMPILATION COMPLETE.  4 WARNING(S),  0 ERROR(S)
