A251 MACRO ASSEMBLER  isr                                                                   11/11/24 12:33:54 PAGE     1


MACRO ASSEMBLER A251 V4.69.13.0
OBJECT MODULE PLACED IN .\Objects\isr.obj
ASSEMBLER INVOKED BY: D:\Compiler\Keil_v5\C251\BIN\A251.EXE Mcu\8051u\Src\isr.asm MODSRC SET(XSMALL) DEBUG PRINT(.\Listi
                      ngs\isr.lst) OBJECT(.\Objects\isr.obj) EP

LOC    OBJ             LINE     SOURCE

 1000                     1     LDR_SIZE    EQU     1000H
                          2     MAPISR      MACRO   ADDR
                          3                 CSEG    AT  ADDR
                          4                 LJMP    LDR_SIZE + $
                          5                 ENDM
                        216                  
                        217                 END
A251 MACRO ASSEMBLER  isr                                                                   11/11/24 12:33:54 PAGE     2

SYMBOL TABLE LISTING
------ ----- -------


N A M E   T Y P E  V A L U E     ATTRIBUTES

LDR_SIZE . . . . .  N  NUMB  1000H     A   


REGISTER BANK(S) USED: 


ASSEMBLY COMPLETE.  0 WARNING(S), 0 ERROR(S).
